Component: ARM Compiler 5.06 update 6 (build 750) Tool: armlink [4d35ed]

==============================================================================

Section Cross References

    startup_stm32f40_41xxx.o(STACK) refers (Special) to heapauxi.o(.text) for __use_two_region_memory
    startup_stm32f40_41xxx.o(HEAP) refers (Special) to heapauxi.o(.text) for __use_two_region_memory
    startup_stm32f40_41xxx.o(RESET) refers (Special) to heapauxi.o(.text) for __use_two_region_memory
    startup_stm32f40_41xxx.o(RESET) refers to startup_stm32f40_41xxx.o(STACK) for __initial_sp
    startup_stm32f40_41xxx.o(RESET) refers to startup_stm32f40_41xxx.o(.text) for Reset_Handler
    startup_stm32f40_41xxx.o(RESET) refers to nvic.o(i.SysTick_Handler) for SysTick_Handler
    startup_stm32f40_41xxx.o(RESET) refers to nvic.o(i.ADC_IRQHandler) for ADC_IRQHandler
    startup_stm32f40_41xxx.o(RESET) refers to nvic.o(i.EXTI9_5_IRQHandler) for EXTI9_5_IRQHandler
    startup_stm32f40_41xxx.o(RESET) refers to nvic.o(i.TIM4_IRQHandler) for TIM4_IRQHandler
    startup_stm32f40_41xxx.o(RESET) refers to nvic.o(i.USART1_IRQHandler) for USART1_IRQHandler
    startup_stm32f40_41xxx.o(RESET) refers to nvic.o(i.TIM5_IRQHandler) for TIM5_IRQHandler
    startup_stm32f40_41xxx.o(RESET) refers to nvic.o(i.TIM6_DAC_IRQHandler) for TIM6_DAC_IRQHandler
    startup_stm32f40_41xxx.o(RESET) refers to nvic.o(i.TIM7_IRQHandler) for TIM7_IRQHandler
    startup_stm32f40_41xxx.o(.text) refers (Special) to heapauxi.o(.text) for __use_two_region_memory
    startup_stm32f40_41xxx.o(.text) refers to system_stm32f4xx.o(i.SystemInit) for SystemInit
    startup_stm32f40_41xxx.o(.text) refers to __main.o(!!!main) for __main
    startup_stm32f40_41xxx.o(.text) refers to startup_stm32f40_41xxx.o(HEAP) for Heap_Mem
    startup_stm32f40_41xxx.o(.text) refers to startup_stm32f40_41xxx.o(STACK) for Stack_Mem
    system_stm32f4xx.o(i.SystemCoreClockUpdate) refers to system_stm32f4xx.o(.data) for SystemCoreClock
    system_stm32f4xx.o(i.SystemInit) refers to system_stm32f4xx.o(i.SetSysClock) for SetSysClock
    mian.o(i.main) refers to _printf_percent.o(.ARM.Collect$$_printf_percent$$00000000) for _printf_percent
    mian.o(i.main) refers to _printf_d.o(.ARM.Collect$$_printf_percent$$00000009) for _printf_d
    mian.o(i.main) refers to _printf_dec.o(.text) for _printf_int_dec
    mian.o(i.main) refers to beep.o(i.beepInit) for beepInit
    mian.o(i.main) refers to key.o(i.keyInit) for keyInit
    mian.o(i.main) refers to led.o(i.ledInit) for ledInit
    mian.o(i.main) refers to usart.o(i.usart1Init) for usart1Init
    mian.o(i.main) refers to at24c02.o(i.at24c02_init) for at24c02_init
    mian.o(i.main) refers to basetim.o(i.baseTim7Interrupt_Init) for baseTim7Interrupt_Init
    mian.o(i.main) refers to wang_time.o(i.baseTim6Delay_Ms) for baseTim6Delay_Ms
    mian.o(i.main) refers to functions.o(i.PrintBootCount) for PrintBootCount
    mian.o(i.main) refers to noretval__2printf.o(.text) for __2printf
    mian.o(i.main) refers to at24c02.o(i.at24c02_page_read) for at24c02_page_read
    mian.o(i.main) refers to key.o(i.key_scan) for key_scan
    mian.o(i.main) refers to wang_time.o(i.baseTim7DelayPlus_Ms) for baseTim7DelayPlus_Ms
    mian.o(i.main) refers to at24c02.o(i.at24c02_skip_page_write) for at24c02_skip_page_write
    mian.o(i.main) refers to nvic.o(.data) for Tim7WaterLed_Speed
    mian.o(i.main) refers to at24c02.o(.data) for sava_Flag
    led.o(i.ledX_off) refers to led.o(i.closeAllLed) for closeAllLed
    led.o(i.ledX_on) refers to led.o(i.closeAllLed) for closeAllLed
    led.o(i.waterLed) refers to led.o(i.ledX_on) for ledX_on
    led.o(i.waterLed) refers to led.o(i.ledX_off) for ledX_off
    led.o(i.waterLed) refers to led.o(.data) for time
    wang_time.o(i.baseTim6DelayPlus_Ms) refers to nvic.o(.bss) for TIM6Count
    wang_time.o(i.baseTim7DelayPlus_Ms) refers to key.o(i.key_scan) for key_scan
    wang_time.o(i.baseTim7DelayPlus_Ms) refers to nvic.o(.bss) for TIM7Count
    wang_time.o(i.baseTim7DelayPlus_Ms) refers to at24c02.o(.data) for sava_Flag
    wang_time.o(i.sysTickDelayPlus_Ms) refers to nvic.o(.bss) for sysTickCount
    key.o(i.key_scan) refers to wang_time.o(i.delay_ms) for delay_ms
    key.o(i.key_scan) refers to key.o(.data) for key_state
    redthink.o(i.irKey_scan) refers to redthink.o(i.irData) for irData
    redthink.o(i.irKey_scan) refers to wang_time.o(i.delay_ms) for delay_ms
    redthink.o(i.irKey_scan) refers to redthink.o(.data) for key_flag
    usart.o(i.usart1Servo) refers to strcmpv7m.o(.text) for strcmp
    usart.o(i.usart1Servo) refers to nvic.o(.bss) for usart1_val
    usart.o(i.usart1WaterLed) refers to strcmpv7m.o(.text) for strcmp
    usart.o(i.usart1WaterLed) refers to nvic.o(.bss) for usart1_val
    nvic.o(i.ADC_IRQHandler) refers to _printf_percent.o(.ARM.Collect$$_printf_percent$$00000000) for _printf_percent
    nvic.o(i.ADC_IRQHandler) refers to _printf_d.o(.ARM.Collect$$_printf_percent$$00000009) for _printf_d
[...]
    ../clib/angel/kernel.s                   0x00000000   Number         0  __rtentry4.o ABSOLUTE
    ../clib/angel/kernel.s                   0x00000000   Number         0  rtexit.o ABSOLUTE
    ../clib/angel/kernel.s                   0x00000000   Number         0  __rtentry.o ABSOLUTE
    ../clib/angel/kernel.s                   0x00000000   Number         0  rtexit2.o ABSOLUTE
    ../clib/angel/rt.s                       0x00000000   Number         0  rt_locale.o ABSOLUTE
    ../clib/angel/rt.s                       0x00000000   Number         0  rt_raise.o ABSOLUTE
    ../clib/angel/rt.s                       0x00000000   Number         0  rt_locale_intlibspace.o ABSOLUTE
    ../clib/angel/scatter.s                  0x00000000   Number         0  __scatter.o ABSOLUTE
    ../clib/angel/startup.s                  0x00000000   Number         0  __main.o ABSOLUTE
    ../clib/angel/sys.s                      0x00000000   Number         0  use_no_semi_2.o ABSOLUTE
    ../clib/angel/sys.s                      0x00000000   Number         0  libspace.o ABSOLUTE
    ../clib/angel/sys.s                      0x00000000   Number         0  sys_stackheap_outer.o ABSOLUTE
    ../clib/angel/sys.s                      0x00000000   Number         0  indicate_semi.o ABSOLUTE
    ../clib/angel/sys.s                      0x00000000   Number         0  use_no_semi.o ABSOLUTE
    ../clib/angel/sysapp.c                   0x00000000   Number         0  sys_command.o ABSOLUTE
    ../clib/angel/sysapp.c                   0x00000000   Number         0  sys_wrch.o ABSOLUTE
    ../clib/armsys.c                         0x00000000   Number         0  _get_argv_nomalloc.o ABSOLUTE
    ../clib/armsys.c                         0x00000000   Number         0  no_argv.o ABSOLUTE
    ../clib/armsys.c                         0x00000000   Number         0  argv_veneer.o ABSOLUTE
    ../clib/armsys.c                         0x00000000   Number         0  argv_veneer.o ABSOLUTE
    ../clib/bigflt.c                         0x00000000   Number         0  bigflt0.o ABSOLUTE
    ../clib/btod.s                           0x00000000   Number         0  btod.o ABSOLUTE
    ../clib/heapalloc.c                      0x00000000   Number         0  hrguard.o ABSOLUTE
    ../clib/heapaux.c                        0x00000000   Number         0  heapauxi.o ABSOLUTE
    ../clib/libinit.s                        0x00000000   Number         0  libshutdown2.o ABSOLUTE
    ../clib/libinit.s                        0x00000000   Number         0  libinit.o ABSOLUTE
    ../clib/libinit.s                        0x00000000   Number         0  libinit2.o ABSOLUTE
    ../clib/libinit.s                        0x00000000   Number         0  libshutdown.o ABSOLUTE
    ../clib/locale.s                         0x00000000   Number         0  lc_numeric_c.o ABSOLUTE
    ../clib/longlong.s                       0x00000000   Number         0  lludiv10.o ABSOLUTE
    ../clib/memcpset.s                       0x00000000   Number         0  rt_memcpy_w.o ABSOLUTE
    ../clib/memcpset.s                       0x00000000   Number         0  rt_memclr_w.o ABSOLUTE
    ../clib/memcpset.s                       0x00000000   Number         0  strcmpv7m.o ABSOLUTE
    ../clib/misc.s                           0x00000000   Number         0  printf_stubs.o ABSOLUTE
    ../clib/printf.c                         0x00000000   Number         0  __printf_flags_ss_wp.o ABSOLUTE
    ../clib/printf.c                         0x00000000   Number         0  _printf_fp_infnan.o ABSOLUTE
    ../clib/printf.c                         0x00000000   Number         0  _printf_char_common.o ABSOLUTE
    ../clib/printf.c                         0x00000000   Number         0  __printf_nopercent.o ABSOLUTE
    ../clib/printf.c                         0x00000000   Number         0  __printf_flags.o ABSOLUTE
    ../clib/printf.c                         0x00000000   Number         0  _printf_char_file.o ABSOLUTE
    ../clib/printf.c                         0x00000000   Number         0  _printf_char.o ABSOLUTE
    ../clib/printf.c                         0x00000000   Number         0  _printf_fp_dec.o ABSOLUTE
    ../clib/printf.c                         0x00000000   Number         0  _printf_intcommon.o ABSOLUTE
    ../clib/printf.c                         0x00000000   Number         0  __printf_ss_wp.o ABSOLUTE
    ../clib/printf.c                         0x00000000   Number         0  __2printf.o ABSOLUTE
    ../clib/printf.c                         0x00000000   Number         0  noretval__2printf.o ABSOLUTE
    ../clib/printf.c                         0x00000000   Number         0  __printf.o ABSOLUTE
    ../clib/printf.c                         0x00000000   Number         0  _printf_str.o ABSOLUTE
    ../clib/printf.c                         0x00000000   Number         0  _printf_dec.o ABSOLUTE
    ../clib/printf.c                         0x00000000   Number         0  __printf_ss.o ABSOLUTE
    ../clib/printf.c                         0x00000000   Number         0  __printf_flags_ss.o ABSOLUTE
    ../clib/printf.c                         0x00000000   Number         0  __printf_wp.o ABSOLUTE
    ../clib/printf.c                         0x00000000   Number         0  __printf_flags_wp.o ABSOLUTE
    ../clib/printf_percent.s                 0x00000000   Number         0  _printf_percent.o ABSOLUTE
    ../clib/printf_percent.s                 0x00000000   Number         0  _printf_d.o ABSOLUTE
    ../clib/printf_percent.s                 0x00000000   Number         0  _printf_s.o ABSOLUTE
    ../clib/printf_percent.s                 0x00000000   Number         0  _printf_percent_end.o ABSOLUTE
    ../clib/printf_percent.s                 0x00000000   Number         0  _printf_u.o ABSOLUTE
    ../clib/printf_percent.s                 0x00000000   Number         0  _printf_f.o ABSOLUTE
    ../clib/signal.c                         0x00000000   Number         0  defsig_abrt_inner.o ABSOLUTE
    ../clib/signal.c                         0x00000000   Number         0  defsig_rtred_inner.o ABSOLUTE
    ../clib/signal.c                         0x00000000   Number         0  defsig_stak_inner.o ABSOLUTE
    ../clib/signal.c                         0x00000000   Number         0  defsig_fpe_inner.o ABSOLUTE
    ../clib/signal.c                         0x00000000   Number         0  defsig_general.o ABSOLUTE
    ../clib/signal.c                         0x00000000   Number         0  __raise.o ABSOLUTE
    ../clib/signal.c                         0x00000000   Number         0  defsig_pvfn_inner.o ABSOLUTE
    ../clib/signal.c                         0x00000000   Number         0  defsig_exit.o ABSOLUTE
    ../clib/signal.c                         0x00000000   Number         0  defsig_rtmem_inner.o ABSOLUTE
    ../clib/signal.c                         0x00000000   Number         0  defsig_cppl_inner.o ABSOLUTE
    ../clib/signal.c                         0x00000000   Number         0  defsig_segv_inner.o ABSOLUTE
    ../clib/signal.c                         0x00000000   Number         0  defsig_rtmem_formal.o ABSOLUTE
    ../clib/signal.c                         0x00000000   Number         0  defsig_rtmem_outer.o ABSOLUTE
    ../clib/signal.c                         0x00000000   Number         0  defsig_other.o ABSOLUTE
    ../clib/signal.s                         0x00000000   Number         0  defsig.o ABSOLUTE
    ../clib/stdio.c                          0x00000000   Number         0  ferror_locked.o ABSOLUTE
    ../clib/stdio.c                          0x00000000   Number         0  ferror.o ABSOLUTE
    ../clib/stdlib.c                         0x00000000   Number         0  exit.o ABSOLUTE
    ../clib/string.c                         0x00000000   Number         0  memcmp.o ABSOLUTE
    ../fplib/d2f.s                           0x00000000   Number         0  d2f.o ABSOLUTE
    ../fplib/daddsub.s                       0x00000000   Number         0  daddsub_clz.o ABSOLUTE
    ../fplib/ddiv.s                          0x00000000   Number         0  ddiv.o ABSOLUTE
    ../fplib/dfixu.s                         0x00000000   Number         0  dfixu.o ABSOLUTE
    ../fplib/dflt.s                          0x00000000   Number         0  dflt_clz.o ABSOLUTE
    ../fplib/dmul.s                          0x00000000   Number         0  dmul.o ABSOLUTE
    ../fplib/dnaninf.s                       0x00000000   Number         0  dnaninf.o ABSOLUTE
    ../fplib/dretinf.s                       0x00000000   Number         0  dretinf.o ABSOLUTE
    ../fplib/f2d.s                           0x00000000   Number         0  f2d.o ABSOLUTE
    ../fplib/fnaninf.s                       0x00000000   Number         0  fnaninf.o ABSOLUTE
    ../fplib/fpinit.s                        0x00000000   Number         0  fpinit.o ABSOLUTE
    ../fplib/fretinf.s                       0x00000000   Number         0  fretinf.o ABSOLUTE
    ../fplib/istatus.s                       0x00000000   Number         0  istatus.o ABSOLUTE
    ../fplib/printf1.s                       0x00000000   Number         0  printf1.o ABSOLUTE
    ../fplib/usenofp.s                       0x00000000   Number         0  usenofp.o ABSOLUTE
    ../mathlib/fpclassify.c                  0x00000000   Number         0  fpclassify.o ABSOLUTE
    STM32F4xx_DSP_StdPeriph_Lib_V1.4.0\Libraries\CMSIS\startup_stm32f40_41xxx.s 0x00000000   Number         0  startup_stm32f40_41xxx.o ABSOLUTE
    STM32F4xx_DSP_StdPeriph_Lib_V1.4.0\Libraries\CMSIS\system_stm32f4xx.c 0x00000000   Number         0  system_stm32f4xx.o ABSOLUTE
    STM32F4xx_DSP_StdPeriph_Lib_V1.4.0\\Libraries\\CMSIS\\system_stm32f4xx.c 0x00000000   Number         0  system_stm32f4xx.o ABSOLUTE
    dc.s                                     0x00000000   Number         0  dc.o ABSOLUTE
    user\\src\\BEEP.c                        0x00000000   Number         0  beep.o ABSOLUTE
    user\\src\\GeneralTim.c                  0x00000000   Number         0  generaltim.o ABSOLUTE
    user\\src\\LED.c                         0x00000000   Number         0  led.o ABSOLUTE
    user\\src\\RNG.c                         0x00000000   Number         0  rng.o ABSOLUTE
    user\\src\\adc.c                         0x00000000   Number         0  adc.o ABSOLUTE
    user\\src\\at24c02.c                     0x00000000   Number         0  at24c02.o ABSOLUTE
    user\\src\\baseTIM.c                     0x00000000   Number         0  basetim.o ABSOLUTE
    user\\src\\event_handler.c               0x00000000   Number         0  event_handler.o ABSOLUTE
    user\\src\\exti.c                        0x00000000   Number         0  exti.o ABSOLUTE
    user\\src\\fireCheck.c                   0x00000000   Number         0  firecheck.o ABSOLUTE
    user\\src\\functions.c                   0x00000000   Number         0  functions.o ABSOLUTE
    user\\src\\iic.c                         0x00000000   Number         0  iic.o ABSOLUTE
    user\\src\\key.c                         0x00000000   Number         0  key.o ABSOLUTE
    user\\src\\mian.c                        0x00000000   Number         0  mian.o ABSOLUTE
    user\\src\\nvic.c                        0x00000000   Number         0  nvic.o ABSOLUTE
    user\\src\\redThink.c                    0x00000000   Number         0  redthink.o ABSOLUTE
    user\\src\\selfprintf.c                  0x00000000   Number         0  selfprintf.o ABSOLUTE
    user\\src\\systick.c                     0x00000000   Number         0  systick.o ABSOLUTE
    user\\src\\usart.c                       0x00000000   Number         0  usart.o ABSOLUTE
    user\\src\\wang_time.c                   0x00000000   Number         0  wang_time.o ABSOLUTE
    user\src\BEEP.c                          0x00000000   Number         0  beep.o ABSOLUTE
    user\src\GeneralTim.c                    0x00000000   Number         0  generaltim.o ABSOLUTE
    user\src\LED.c                           0x00000000   Number         0  led.o ABSOLUTE
    user\src\RNG.c                           0x00000000   Number         0  rng.o ABSOLUTE
    user\src\adc.c                           0x00000000   Number         0  adc.o ABSOLUTE
    user\src\at24c02.c                       0x00000000   Number         0  at24c02.o ABSOLUTE
    user\src\baseTIM.c                       0x00000000   Number         0  basetim.o ABSOLUTE
    user\src\event_handler.c                 0x00000000   Number         0  event_handler.o ABSOLUTE
    user\src\exti.c                          0x00000000   Number         0  exti.o ABSOLUTE
    user\src\fireCheck.c                     0x00000000   Number         0  firecheck.o ABSOLUTE
    user\src\functions.c                     0x00000000   Number         0  functions.o ABSOLUTE
    user\src\iic.c                           0x00000000   Number         0  iic.o ABSOLUTE
    user\src\key.c                           0x00000000   Number         0  key.o ABSOLUTE
    user\src\mian.c                          0x00000000   Number         0  mian.o ABSOLUTE
    user\src\nvic.c                          0x00000000   Number         0  nvic.o ABSOLUTE
    user\src\redThink.c                      0x00000000   Number         0  redthink.o ABSOLUTE
    user\src\selfprintf.c                    0x00000000   Number         0  selfprintf.o ABSOLUTE
    user\src\systick.c                       0x00000000   Number         0  systick.o ABSOLUTE
    user\src\usart.c                         0x00000000   Number         0  usart.o ABSOLUTE
    user\src\wang_time.c                     0x00000000   Number         0  wang_time.o ABSOLUTE
    RESET                                    0x08000000   Section      392  startup_stm32f40_41xxx.o(RESET)
    !!!main                                  0x08000188   Section        8  __main.o(!!!main)
    !!!scatter                               0x08000190   Section       52  __scatter.o(!!!scatter)
    !!handler_copy                           0x080001c4   Section       26  __scatter_copy.o(!!handler_copy)
    !!handler_zi                             0x080001e0   Section       28  __scatter_zi.o(!!handler_zi)
    .ARM.Collect$$_printf_percent$$00000000  0x080001fc   Section        0  _printf_percent.o(.ARM.Collect$$_printf_percent$$00000000)
    .ARM.Collect$$_printf_percent$$00000003  0x080001fc   Section        6  _printf_f.o(.ARM.Collect$$_printf_percent$$00000003)
    .ARM.Collect$$_printf_percent$$00000009  0x08000202   Section        6  _printf_d.o(.ARM.Collect$$_printf_percent$$00000009)
    .ARM.Collect$$_printf_percent$$00000014  0x08000208   Section        6  _printf_s.o(.ARM.Collect$$_printf_percent$$00000014)
    .ARM.Collect$$_printf_percent$$00000017  0x0800020e   Section        4  _printf_percent_end.o(.ARM.Collect$$_printf_percent$$00000017)
    .ARM.Collect$$libinit$$00000000          0x08000212   Section        2  libinit.o(.ARM.Collect$$libinit$$00000000)
    .ARM.Collect$$libinit$$00000001          0x08000214   Section        4  libinit2.o(.ARM.Collect$$libinit$$00000001)
    .ARM.Collect$$libinit$$00000004          0x08000218   Section        0  libinit2.o(.ARM.Collect$$libinit$$00000004)
    .ARM.Collect$$libinit$$0000000A          0x08000218   Section        0  libinit2.o(.ARM.Collect$$libinit$$0000000A)
    .ARM.Collect$$libinit$$0000000C          0x08000218   Section        0  libinit2.o(.ARM.Collect$$libinit$$0000000C)
    .ARM.Collect$$libinit$$0000000E          0x08000218   Section        0  libinit2.o(.ARM.Collect$$libinit$$0000000E)
    .ARM.Collect$$libinit$$0000000F          0x08000218   Section        6  libinit2.o(.ARM.Collect$$libinit$$0000000F)
    .ARM.Collect$$libinit$$00000011          0x0800021e   Section        0  libinit2.o(.ARM.Collect$$libinit$$00000011)
    .ARM.Collect$$libinit$$00000013          0x0800021e   Section        0  libinit2.o(.ARM.Collect$$libinit$$00000013)
    .ARM.Collect$$libinit$$00000015          0x0800021e   Section        0  libinit2.o(.ARM.Collect$$libinit$$00000015)
    .ARM.Collect$$libinit$$00000016          0x0800021e   Section       10  libinit2.o(.ARM.Collect$$libinit$$00000016)
    .ARM.Collect$$libinit$$00000017          0x08000228   Section        0  libinit2.o(.ARM.Collect$$libinit$$00000017)
    .ARM.Collect$$libinit$$00000019          0x08000228   Section        0  libinit2.o(.ARM.Collect$$libinit$$00000019)
    .ARM.Collect$$libinit$$0000001B          0x08000228   Section        0  libinit2.o(.ARM.Collect$$libinit$$0000001B)
    .ARM.Collect$$libinit$$0000001D          0x08000228   Section        0  libinit2.o(.ARM.Collect$$libinit$$0000001D)
    .ARM.Collect$$libinit$$0000001F          0x08000228   Section        0  libinit2.o(.ARM.Collect$$libinit$$0000001F)
    .ARM.Collect$$libinit$$00000021          0x08000228   Section        0  libinit2.o(.ARM.Collect$$libinit$$00000021)
    .ARM.Collect$$libinit$$00000023          0x08000228   Section        0  libinit2.o(.ARM.Collect$$libinit$$00000023)
    .ARM.Collect$$libinit$$00000025          0x08000228   Section        0  libinit2.o(.ARM.Collect$$libinit$$00000025)
    .ARM.Collect$$libinit$$0000002C          0x08000228   Section        0  libinit2.o(.ARM.Collect$$libinit$$0000002C)
    .ARM.Collect$$libinit$$0000002E          0x08000228   Section        0  libinit2.o(.ARM.Collect$$libinit$$0000002E)
    .ARM.Collect$$libinit$$00000030          0x08000228   Section        0  libinit2.o(.ARM.Collect$$libinit$$00000030)
    .ARM.Collect$$libinit$$00000032          0x08000228   Section        0  libinit2.o(.ARM.Collect$$libinit$$00000032)
    .ARM.Collect$$libinit$$00000033          0x08000228   Section        2  libinit2.o(.ARM.Collect$$libinit$$00000033)
    .ARM.Collect$$libshutdown$$00000000      0x0800022a   Section        2  libshutdown.o(.ARM.Collect$$libshutdown$$00000000)
    .ARM.Collect$$libshutdown$$00000002      0x0800022c   Section        0  libshutdown2.o(.ARM.Collect$$libshutdown$$00000002)
    .ARM.Collect$$libshutdown$$00000004      0x0800022c   Section        0  libshutdown2.o(.ARM.Collect$$libshutdown$$00000004)
    .ARM.Collect$$libshutdown$$00000007      0x0800022c   Section        0  libshutdown2.o(.ARM.Collect$$libshutdown$$00000007)
    .ARM.Collect$$libshutdown$$0000000A      0x0800022c   Section        0  libshutdown2.o(.ARM.Collect$$libshutdown$$0000000A)
    .ARM.Collect$$libshutdown$$0000000C      0x0800022c   Section        0  libshutdown2.o(.ARM.Collect$$libshutdown$$0000000C)
    .ARM.Collect$$libshutdown$$0000000F      0x0800022c   Section        0  libshutdown2.o(.ARM.Collect$$libshutdown$$0000000F)
    .ARM.Collect$$libshutdown$$00000010      0x0800022c   Section        2  libshutdown2.o(.ARM.Collect$$libshutdown$$00000010)
    .ARM.Collect$$rtentry$$00000000          0x0800022e   Section        0  __rtentry.o(.ARM.Collect$$rtentry$$00000000)
    .ARM.Collect$$rtentry$$00000002          0x0800022e   Section        0  __rtentry2.o(.ARM.Collect$$rtentry$$00000002)
    .ARM.Collect$$rtentry$$00000004          0x0800022e   Section        6  __rtentry4.o(.ARM.Collect$$rtentry$$00000004)
    .ARM.Collect$$rtentry$$00000009          0x08000234   Section        0  __rtentry2.o(.ARM.Collect$$rtentry$$00000009)
    .ARM.Collect$$rtentry$$0000000A          0x08000234   Section        4  __rtentry2.o(.ARM.Collect$$rtentry$$0000000A)
    .ARM.Collect$$rtentry$$0000000C          0x08000238   Section        0  __rtentry2.o(.ARM.Collect$$rtentry$$0000000C)
    .ARM.Collect$$rtentry$$0000000D          0x08000238   Section        8  __rtentry2.o(.ARM.Collect$$rtentry$$0000000D)
    .ARM.Collect$$rtexit$$00000000           0x08000240   Section        2  rtexit.o(.ARM.Collect$$rtexit$$00000000)
    .ARM.Collect$$rtexit$$00000002           0x08000242   Section        0  rtexit2.o(.ARM.Collect$$rtexit$$00000002)
    .ARM.Collect$$rtexit$$00000003           0x08000242   Section        4  rtexit2.o(.ARM.Collect$$rtexit$$00000003)
    .ARM.Collect$$rtexit$$00000004           0x08000246   Section        6  rtexit2.o(.ARM.Collect$$rtexit$$00000004)
    .text                                    0x0800024c   Section       64  startup_stm32f40_41xxx.o(.text)
    $v0                                      0x0800024c   Number         0  startup_stm32f40_41xxx.o(.text)
    .text                                    0x0800028c   Section        2  use_no_semi_2.o(.text)
    .text                                    0x08000290   Section        0  noretval__2printf.o(.text)
    .text                                    0x080002a8   Section        0  _printf_str.o(.text)
    .text                                    0x080002fc   Section        0  _printf_dec.o(.text)
    .text                                    0x08000374   Section        0  __printf_flags_ss_wp.o(.text)
    .text                                    0x080004fc   Section      128  strcmpv7m.o(.text)
    .text                                    0x0800057c   Section        0  heapauxi.o(.text)
    .text                                    0x08000582   Section        2  use_no_semi.o(.text)
    .text                                    0x08000584   Section        0  _printf_intcommon.o(.text)
    .text                                    0x08000636   Section        0  _printf_fp_dec.o(.text)
    _fp_digits                               0x08000639   Thumb Code   432  _printf_fp_dec.o(.text)
    .text                                    0x08000a54   Section        0  _printf_char.o(.text)
    .text                                    0x08000a80   Section        0  _printf_char_file.o(.text)
    .text                                    0x08000aa4   Section        8  rt_locale_intlibspace.o(.text)
    .text                                    0x08000aac   Section      138  lludiv10.o(.text)
    .text                                    0x08000b38   Section        0  _printf_char_common.o(.text)
    _printf_input_char                       0x08000b39   Thumb Code    10  _printf_char_common.o(.text)
    .text                                    0x08000b68   Section        0  _printf_fp_infnan.o(.text)
    .text                                    0x08000be8   Section        0  bigflt0.o(.text)
    .text                                    0x08000ccc   Section        0  ferror.o(.text)
    .text                                    0x08000cd4   Section        8  libspace.o(.text)
    .text                                    0x08000cdc   Section       74  sys_stackheap_outer.o(.text)
    .text                                    0x08000d26   Section        0  exit.o(.text)
    CL$$btod_d2e                             0x08000d38   Section       62  btod.o(CL$$btod_d2e)
    CL$$btod_d2e_denorm_low                  0x08000d76   Section       70  btod.o(CL$$btod_d2e_denorm_low)
    CL$$btod_d2e_norm_op1                    0x08000dbc   Section       96  btod.o(CL$$btod_d2e_norm_op1)
    CL$$btod_div_common                      0x08000e1c   Section      824  btod.o(CL$$btod_div_common)
    CL$$btod_e2e                             0x08001154   Section      220  btod.o(CL$$btod_e2e)
    CL$$btod_ediv                            0x08001230   Section       42  btod.o(CL$$btod_ediv)
    CL$$btod_emul                            0x0800125a   Section       42  btod.o(CL$$btod_emul)
    CL$$btod_mult_common                     0x08001284   Section      580  btod.o(CL$$btod_mult_common)
    i.ADC_IRQHandler                         0x080014c8   Section        0  nvic.o(i.ADC_IRQHandler)
    i.EXTI9_5_IRQHandler                     0x08001704   Section        0  nvic.o(i.EXTI9_5_IRQHandler)
    i.NVIC_EnableIRQ                         0x08001788   Section        0  basetim.o(i.NVIC_EnableIRQ)
    NVIC_EnableIRQ                           0x08001789   Thumb Code    22  basetim.o(i.NVIC_EnableIRQ)
    i.NVIC_EncodePriority                    0x0800179e   Section        0  basetim.o(i.NVIC_EncodePriority)
    NVIC_EncodePriority                      0x0800179f   Thumb Code    64  basetim.o(i.NVIC_EncodePriority)
    i.NVIC_SetPriority                       0x080017e0   Section        0  basetim.o(i.NVIC_SetPriority)
    NVIC_SetPriority                         0x080017e1   Thumb Code    32  basetim.o(i.NVIC_SetPriority)
    i.PrintBootCount                         0x08001808   Section        0  functions.o(i.PrintBootCount)
    i.SR04_Start                             0x08001894   Section        0  functions.o(i.SR04_Start)
    i.SetSysClock                            0x080018bc   Section        0  system_stm32f4xx.o(i.SetSysClock)
    SetSysClock                              0x080018bd   Thumb Code   220  system_stm32f4xx.o(i.SetSysClock)
    i.SysTick_Handler                        0x080019a8   Section        0  nvic.o(i.SysTick_Handler)
    i.SystemInit                             0x080019f8   Section        0  system_stm32f4xx.o(i.SystemInit)
    i.TIM4_IRQHandler                        0x08001a60   Section        0  nvic.o(i.TIM4_IRQHandler)
    i.TIM5_IRQHandler                        0x08001bd0   Section        0  nvic.o(i.TIM5_IRQHandler)
    i.TIM6_DAC_IRQHandler                    0x08001cd0   Section        0  nvic.o(i.TIM6_DAC_IRQHandler)
    i.TIM7_IRQHandler                        0x08001d30   Section        0  nvic.o(i.TIM7_IRQHandler)
    i.USART1_IRQHandler                      0x0800204c   Section        0  nvic.o(i.USART1_IRQHandler)
    i.__ARM_fpclassify                       0x080020b8   Section        0  fpclassify.o(i.__ARM_fpclassify)
    i._is_digit                              0x080020e8   Section        0  __printf_wp.o(i._is_digit)
    i._sys_exit                              0x080020f6   Section        0  selfprintf.o(i._sys_exit)
    i.adc1_PC2_ch12_get                      0x080020fc   Section        0  adc.o(i.adc1_PC2_ch12_get)
    i.adc2_PC0_ch10_get                      0x08002124   Section        0  adc.o(i.adc2_PC0_ch10_get)
    i.at24c02_init                           0x08002158   Section        0  at24c02.o(i.at24c02_init)
    i.at24c02_page_read                      0x08002160   Section        0  at24c02.o(i.at24c02_page_read)
    i.at24c02_page_write                     0x080021de   Section        0  at24c02.o(i.at24c02_page_write)
    i.at24c02_read_byte                      0x08002262   Section        0  at24c02.o(i.at24c02_read_byte)
    i.at24c02_skip_page_write                0x080022c0   Section        0  at24c02.o(i.at24c02_skip_page_write)
    i.at24c02_write_byte                     0x0800230a   Section        0  at24c02.o(i.at24c02_write_byte)
    i.baseTim6Delay_Ms                       0x08002360   Section        0  wang_time.o(i.baseTim6Delay_Ms)
    i.baseTim6Delay_Us                       0x080023d8   Section        0  wang_time.o(i.baseTim6Delay_Us)
    i.baseTim7DelayPlus_Ms                   0x08002448   Section        0  wang_time.o(i.baseTim7DelayPlus_Ms)
    i.baseTim7Interrupt_Init                 0x08002484   Section        0  basetim.o(i.baseTim7Interrupt_Init)
    i.beepInit                               0x08002530   Section        0  beep.o(i.beepInit)
    i.changeColorRandomly                    0x08002598   Section        0  functions.o(i.changeColorRandomly)
    i.closeAllLed                            0x080025dc   Section        0  led.o(i.closeAllLed)
    i.delay_ms                               0x0800260c   Section        0  wang_time.o(i.delay_ms)
    i.fputc                                  0x08002620   Section        0  selfprintf.o(i.fputc)
    i.getRandomNumber                        0x0800263c   Section        0  rng.o(i.getRandomNumber)
    i.iic_get_ack                            0x08002658   Section        0  iic.o(i.iic_get_ack)
    i.iic_io_init                            0x080026b8   Section        0  iic.o(i.iic_io_init)
    i.iic_rec_byte                           0x08002718   Section        0  iic.o(i.iic_rec_byte)
    i.iic_send_ack                           0x08002788   Section        0  iic.o(i.iic_send_ack)
    i.iic_send_byte                          0x080027e4   Section        0  iic.o(i.iic_send_byte)
    i.iic_start                              0x08002858   Section        0  iic.o(i.iic_start)
    i.iic_stop                               0x080028b4   Section        0  iic.o(i.iic_stop)
    i.keyInit                                0x08002904   Section        0  key.o(i.keyInit)
    i.key_scan                               0x08002958   Section        0  key.o(i.key_scan)
    i.ledInit                                0x08002a08   Section        0  led.o(i.ledInit)
    i.ledX_off                               0x08002a74   Section        0  led.o(i.ledX_off)
    i.ledX_on                                0x08002ac4   Section        0  led.o(i.ledX_on)
    i.main                                   0x08002b14   Section        0  mian.o(i.main)
    i.usart1Init                             0x08002ccc   Section        0  usart.o(i.usart1Init)
    locale$$code                             0x08002d8c   Section       44  lc_numeric_c.o(locale$$code)
    x$fpl$d2f                                0x08002db8   Section       98  d2f.o(x$fpl$d2f)
    $v0                                      0x08002db8   Number         0  d2f.o(x$fpl$d2f)
    x$fpl$dadd                               0x08002e1c   Section      336  daddsub_clz.o(x$fpl$dadd)
    $v0                                      0x08002e1c   Number         0  daddsub_clz.o(x$fpl$dadd)
    _dadd1                                   0x08002e2d   Thumb Code     0  daddsub_clz.o(x$fpl$dadd)
    x$fpl$ddiv                               0x08002f6c   Section      688  ddiv.o(x$fpl$ddiv)
    $v0                                      0x08002f6c   Number         0  ddiv.o(x$fpl$ddiv)
    ddiv_entry                               0x08002f73   Thumb Code     0  ddiv.o(x$fpl$ddiv)
    x$fpl$dfixu                              0x0800321c   Section       90  dfixu.o(x$fpl$dfixu)
    $v0                                      0x0800321c   Number         0  dfixu.o(x$fpl$dfixu)
    x$fpl$dflt                               0x08003276   Section       46  dflt_clz.o(x$fpl$dflt)
    $v0                                      0x08003276   Number         0  dflt_clz.o(x$fpl$dflt)
    x$fpl$dfltu                              0x080032a4   Section       38  dflt_clz.o(x$fpl$dfltu)
    $v0                                      0x080032a4   Number         0  dflt_clz.o(x$fpl$dfltu)
    x$fpl$dmul                               0x080032cc   Section      340  dmul.o(x$fpl$dmul)
    $v0                                      0x080032cc   Number         0  dmul.o(x$fpl$dmul)
    x$fpl$dnaninf                            0x08003420   Section      156  dnaninf.o(x$fpl$dnaninf)
    $v0                                      0x08003420   Number         0  dnaninf.o(x$fpl$dnaninf)
    x$fpl$dretinf                            0x080034bc   Section       12  dretinf.o(x$fpl$dretinf)
    $v0                                      0x080034bc   Number         0  dretinf.o(x$fpl$dretinf)
    x$fpl$dsub                               0x080034c8   Section      468  daddsub_clz.o(x$fpl$dsub)
    $v0                                      0x080034c8   Number         0  daddsub_clz.o(x$fpl$dsub)
    _dsub1                                   0x080034d9   Thumb Code     0  daddsub_clz.o(x$fpl$dsub)
    x$fpl$f2d                                0x0800369c   Section       86  f2d.o(x$fpl$f2d)
    $v0                                      0x0800369c   Number         0  f2d.o(x$fpl$f2d)
    x$fpl$fnaninf                            0x080036f2   Section      140  fnaninf.o(x$fpl$fnaninf)
    $v0                                      0x080036f2   Number         0  fnaninf.o(x$fpl$fnaninf)
    x$fpl$fpinit                             0x0800377e   Section       10  fpinit.o(x$fpl$fpinit)
    $v0                                      0x0800377e   Number         0  fpinit.o(x$fpl$fpinit)
    x$fpl$fretinf                            0x08003788   Section       10  fretinf.o(x$fpl$fretinf)
    $v0                                      0x08003788   Number         0  fretinf.o(x$fpl$fretinf)
    x$fpl$printf1                            0x08003792   Section        4  printf1.o(x$fpl$printf1)
    $v0                                      0x08003792   Number         0  printf1.o(x$fpl$printf1)
    .constdata                               0x08003796   Section       17  __printf_flags_ss_wp.o(.constdata)
    x$fpl$usenofp                            0x08003796   Section        0  usenofp.o(x$fpl$usenofp)
    maptable                                 0x08003796   Data          17  __printf_flags_ss_wp.o(.constdata)
    .constdata                               0x080037a8   Section      148  bigflt0.o(.constdata)
    tenpwrs_x                                0x080037a8   Data          60  bigflt0.o(.constdata)
    tenpwrs_i                                0x080037e4   Data          64  bigflt0.o(.constdata)
    locale$$data                             0x0800385c   Section       28  lc_numeric_c.o(locale$$data)
    __lcnum_c_name                           0x08003860   Data           2  lc_numeric_c.o(locale$$data)
    __lcnum_c_start                          0x08003868   Data           0  lc_numeric_c.o(locale$$data)
    __lcnum_c_point                          0x08003874   Data           0  lc_numeric_c.o(locale$$data)
    __lcnum_c_thousands                      0x08003876   Data           0  lc_numeric_c.o(locale$$data)
    __lcnum_c_grouping                       0x08003877   Data           0  lc_numeric_c.o(locale$$data)
    __lcnum_c_end                            0x08003878   Data           0  lc_numeric_c.o(locale$$data)
    .data                                    0x20000000   Section        1  key.o(.data)
    key_state                                0x20000000   Data           1  key.o(.data)
    .data                                    0x20000004   Section       32  nvic.o(.data)
    extiFlag                                 0x2000000f   Data           1  nvic.o(.data)
    ledBreathFlag                            0x20000010   Data           1  nvic.o(.data)
    ledNum                                   0x20000011   Data           1  nvic.o(.data)
    time_n                                   0x20000012   Data           2  nvic.o(.data)
    test_1                                   0x20000014   Data           2  nvic.o(.data)
    time_n                                   0x20000016   Data           2  nvic.o(.data)
    test_1                                   0x20000018   Data           2  nvic.o(.data)
    count                                    0x2000001a   Data           1  nvic.o(.data)
    val                                      0x2000001c   Data           8  nvic.o(.data)
    .data                                    0x20000024   Section        4  selfprintf.o(.data)
    .data                                    0x20000028   Section        1  functions.o(.data)
    .data                                    0x20000029   Section        2  at24c02.o(.data)
    .bss                                     0x2000002c   Section      140  nvic.o(.bss)
    .bss                                     0x200000b8   Section       96  libspace.o(.bss)
    HEAP                                     0x20000118   Section      512  startup_stm32f40_41xxx.o(HEAP)
    Heap_Mem                                 0x20000118   Data         512  startup_stm32f40_41xxx.o(HEAP)
    STACK                                    0x20000318   Section     1024  startup_stm32f40_41xxx.o(STACK)
    Stack_Mem                                0x20000318   Data        1024  startup_stm32f40_41xxx.o(STACK)
    __initial_sp                             0x20000718   Data           0  startup_stm32f40_41xxx.o(STACK)

    Global Symbols

    Symbol Name                              Value     Ov Type        Size  Object(Section)

    BuildAttributes$$THM_ISAv4$E$P$D$K$B$S$7EM$VFPi3$EXTD16$VFPS$VFMA$PE$A:L22UL41UL21$X:L11$S22US41US21$IEEE1$IW$USESV6$~STKCKD$USESV7$~SHL$OTIME$ROPI$IEEEJ$EBA8$UX$STANDARDLIB$REQ8$PRES8$EABIv2 0x00000000   Number         0  anon$$obj.o ABSOLUTE
    __ARM_use_no_argv                        0x00000000   Number         0  mian.o ABSOLUTE
    _printf_flags                            0x00000000   Number         0  printf_stubs.o ABSOLUTE
    _printf_return_value                     0x00000000   Number         0  printf_stubs.o ABSOLUTE
    _printf_sizespec                         0x00000000   Number         0  printf_stubs.o ABSOLUTE
    _printf_widthprec                        0x00000000   Number         0  printf_stubs.o ABSOLUTE
    __ARM_exceptions_init                     - Undefined Weak Reference
    __alloca_initialize                       - Undefined Weak Reference
    __arm_preinit_                            - Undefined Weak Reference
    __cpp_initialize__aeabi_                  - Undefined Weak Reference
    __cxa_finalize                            - Undefined Weak Reference
    __sigvec_lookup                           - Undefined Weak Reference
    _atexit_init                              - Undefined Weak Reference
    _call_atexit_fns                          - Undefined Weak Reference
    _clock_init                               - Undefined Weak Reference
    _fp_trap_init                             - Undefined Weak Reference
    _fp_trap_shutdown                         - Undefined Weak Reference
    _get_lc_collate                           - Undefined Weak Reference
    _get_lc_ctype                             - Undefined Weak Reference
    _get_lc_monetary                          - Undefined Weak Reference
    _get_lc_time                              - Undefined Weak Reference
    _getenv_init                              - Undefined Weak Reference
    _handle_redirection                       - Undefined Weak Reference
    _init_alloc                               - Undefined Weak Reference
    _init_user_alloc                          - Undefined Weak Reference
    _initio                                   - Undefined Weak Reference
    _mutex_acquire                            - Undefined Weak Reference
    _mutex_release                            - Undefined Weak Reference
    _printf_mbtowc                            - Undefined Weak Reference
    _printf_post_padding                      - Undefined Weak Reference
    _printf_pre_padding                       - Undefined Weak Reference
    _printf_truncate_signed                   - Undefined Weak Reference
    _printf_truncate_unsigned                 - Undefined Weak Reference
    _rand_init                                - Undefined Weak Reference
    _signal_finish                            - Undefined Weak Reference
    _signal_init                              - Undefined Weak Reference
    _terminate_alloc                          - Undefined Weak Reference
    _terminate_user_alloc                     - Undefined Weak Reference
    _terminateio                              - Undefined Weak Reference
    __Vectors_Size                           0x00000188   Number         0  startup_stm32f40_41xxx.o ABSOLUTE
    __Vectors                                0x08000000   Data           4  startup_stm32f40_41xxx.o(RESET)
    __Vectors_End                            0x08000188   Data           0  startup_stm32f40_41xxx.o(RESET)
    __main                                   0x08000189   Thumb Code     8  __main.o(!!!main)
    __scatterload                            0x08000191   Thumb Code     0  __scatter.o(!!!scatter)
    __scatterload_rt2                        0x08000191   Thumb Code    44  __scatter.o(!!!scatter)
    __scatterload_rt2_thumb_only             0x08000191   Thumb Code     0  __scatter.o(!!!scatter)
    __scatterload_null                       0x0800019f   Thumb Code     0  __scatter.o(!!!scatter)
    __scatterload_copy                       0x080001c5   Thumb Code    26  __scatter_copy.o(!!handler_copy)
    __scatterload_zeroinit                   0x080001e1   Thumb Code    28  __scatter_zi.o(!!handler_zi)
    _printf_f                                0x080001fd   Thumb Code     0  _printf_f.o(.ARM.Collect$$_printf_percent$$00000003)
    _printf_percent                          0x080001fd   Thumb Code     0  _printf_percent.o(.ARM.Collect$$_printf_percent$$00000000)
    _printf_d                                0x08000203   Thumb Code     0  _printf_d.o(.ARM.Collect$$_printf_percent$$00000009)
    _printf_s                                0x08000209   Thumb Code     0  _printf_s.o(.ARM.Collect$$_printf_percent$$00000014)
    _printf_percent_end                      0x0800020f   Thumb Code     0  _printf_percent_end.o(.ARM.Collect$$_printf_percent$$00000017)
    __rt_lib_init                            0x08000213   Thumb Code     0  libinit.o(.ARM.Collect$$libinit$$00000000)
    __rt_lib_init_fp_1                       0x08000215   Thumb Code     0  libinit2.o(.ARM.Collect$$libinit$$00000001)
    __rt_lib_init_heap_1                     0x08000219   Thumb Code     0  libinit2.o(.ARM.Collect$$libinit$$0000000A)
    __rt_lib_init_lc_common                  0x08000219   Thumb Code     0  libinit2.o(.ARM.Collect$$libinit$$0000000F)
    __rt_lib_init_preinit_1                  0x08000219   Thumb Code     0  libinit2.o(.ARM.Collect$$libinit$$00000004)
    __rt_lib_init_rand_1                     0x08000219   Thumb Code     0  libinit2.o(.ARM.Collect$$libinit$$0000000E)
    __rt_lib_init_user_alloc_1               0x08000219   Thumb Code     0  libinit2.o(.ARM.Collect$$libinit$$0000000C)
    __rt_lib_init_lc_collate_1               0x0800021f   Thumb Code     0  libinit2.o(.ARM.Collect$$libinit$$00000011)
    __rt_lib_init_lc_ctype_1                 0x0800021f   Thumb Code     0  libinit2.o(.ARM.Collect$$libinit$$00000013)
    __rt_lib_init_lc_monetary_1              0x0800021f   Thumb Code     0  libinit2.o(.ARM.Collect$$libinit$$00000015)
    __rt_lib_init_lc_numeric_2               0x0800021f   Thumb Code     0  libinit2.o(.ARM.Collect$$libinit$$00000016)
    __rt_lib_init_alloca_1                   0x08000229   Thumb Code     0  libinit2.o(.ARM.Collect$$libinit$$0000002E)
    __rt_lib_init_argv_1                     0x08000229   Thumb Code     0  libinit2.o(.ARM.Collect$$libinit$$0000002C)
    __rt_lib_init_atexit_1                   0x08000229   Thumb Code     0  libinit2.o(.ARM.Collect$$libinit$$0000001B)
    __rt_lib_init_clock_1                    0x08000229   Thumb Code     0  libinit2.o(.ARM.Collect$$libinit$$00000021)
    __rt_lib_init_cpp_1                      0x08000229   Thumb Code     0  libinit2.o(.ARM.Collect$$libinit$$00000032)
    __rt_lib_init_exceptions_1               0x08000229   Thumb Code     0  libinit2.o(.ARM.Collect$$libinit$$00000030)
    __rt_lib_init_fp_trap_1                  0x08000229   Thumb Code     0  libinit2.o(.ARM.Collect$$libinit$$0000001F)
    __rt_lib_init_getenv_1                   0x08000229   Thumb Code     0  libinit2.o(.ARM.Collect$$libinit$$00000023)
    __rt_lib_init_lc_numeric_1               0x08000229   Thumb Code     0  libinit2.o(.ARM.Collect$$libinit$$00000017)
    __rt_lib_init_lc_time_1                  0x08000229   Thumb Code     0  libinit2.o(.ARM.Collect$$libinit$$00000019)
    __rt_lib_init_return                     0x08000229   Thumb Code     0  libinit2.o(.ARM.Collect$$libinit$$00000033)
    __rt_lib_init_signal_1                   0x08000229   Thumb Code     0  libinit2.o(.ARM.Collect$$libinit$$0000001D)
    __rt_lib_init_stdio_1                    0x08000229   Thumb Code     0  libinit2.o(.ARM.Collect$$libinit$$00000025)
    __rt_lib_shutdown                        0x0800022b   Thumb Code     0  libshutdown.o(.ARM.Collect$$libshutdown$$00000000)
    __rt_lib_shutdown_cpp_1                  0x0800022d   Thumb Code     0  libshutdown2.o(.ARM.Collect$$libshutdown$$00000002)
    __rt_lib_shutdown_fp_trap_1              0x0800022d   Thumb Code     0  libshutdown2.o(.ARM.Collect$$libshutdown$$00000007)
    __rt_lib_shutdown_heap_1                 0x0800022d   Thumb Code     0  libshutdown2.o(.ARM.Collect$$libshutdown$$0000000F)
    __rt_lib_shutdown_return                 0x0800022d   Thumb Code     0  libshutdown2.o(.ARM.Collect$$libshutdown$$00000010)
    __rt_lib_shutdown_signal_1               0x0800022d   Thumb Code     0  libshutdown2.o(.ARM.Collect$$libshutdown$$0000000A)
    __rt_lib_shutdown_stdio_1                0x0800022d   Thumb Code     0  libshutdown2.o(.ARM.Collect$$libshutdown$$00000004)
    __rt_lib_shutdown_user_alloc_1           0x0800022d   Thumb Code     0  libshutdown2.o(.ARM.Collect$$libshutdown$$0000000C)
    __rt_entry                               0x0800022f   Thumb Code     0  __rtentry.o(.ARM.Collect$$rtentry$$00000000)
    __rt_entry_presh_1                       0x0800022f   Thumb Code     0  __rtentry2.o(.ARM.Collect$$rtentry$$00000002)
    __rt_entry_sh                            0x0800022f   Thumb Code     0  __rtentry4.o(.ARM.Collect$$rtentry$$00000004)
    __rt_entry_li                            0x08000235   Thumb Code     0  __rtentry2.o(.ARM.Collect$$rtentry$$0000000A)
    __rt_entry_postsh_1                      0x08000235   Thumb Code     0  __rtentry2.o(.ARM.Collect$$rtentry$$00000009)
    __rt_entry_main                          0x08000239   Thumb Code     0  __rtentry2.o(.ARM.Collect$$rtentry$$0000000D)
    __rt_entry_postli_1                      0x08000239   Thumb Code     0  __rtentry2.o(.ARM.Collect$$rtentry$$0000000C)
    __rt_exit                                0x08000241   Thumb Code     0  rtexit.o(.ARM.Collect$$rtexit$$00000000)
    __rt_exit_ls                             0x08000243   Thumb Code     0  rtexit2.o(.ARM.Collect$$rtexit$$00000003)
    __rt_exit_prels_1                        0x08000243   Thumb Code     0  rtexit2.o(.ARM.Collect$$rtexit$$00000002)
    __rt_exit_exit                           0x08000247   Thumb Code     0  rtexit2.o(.ARM.Collect$$rtexit$$00000004)
    Reset_Handler                            0x0800024d   Thumb Code     8  startup_stm32f40_41xxx.o(.text)
    NMI_Handler                              0x08000255   Thumb Code     2  startup_stm32f40_41xxx.o(.text)
    HardFault_Handler                        0x08000257   Thumb Code     2  startup_stm32f40_41xxx.o(.text)
    MemManage_Handler                        0x08000259   Thumb Code     2  startup_stm32f40_41xxx.o(.text)
    BusFault_Handler                         0x0800025b   Thumb Code     2  startup_stm32f40_41xxx.o(.text)
    UsageFault_Handler                       0x0800025d   Thumb Code     2  startup_stm32f40_41xxx.o(.text)
    SVC_Handler                              0x0800025f   Thumb Code     2  startup_stm32f40_41xxx.o(.text)
    DebugMon_Handler                         0x08000261   Thumb Code     2  startup_stm32f40_41xxx.o(.text)
    PendSV_Handler                           0x08000263   Thumb Code     2  startup_stm32f40_41xxx.o(.text)
    CAN1_RX0_IRQHandler                      0x08000267   Thumb Code     0  startup_stm32f40_41xxx.o(.text)
    CAN1_RX1_IRQHandler                      0x08000267   Thumb Code     0  startup_stm32f40_41xxx.o(.text)
    CAN1_SCE_IRQHandler                      0x08000267   Thumb Code     0  startup_stm32f40_41xxx.o(.text)
    CAN1_TX_IRQHandler                       0x08000267   Thumb Code     0  startup_stm32f40_41xxx.o(.text)
    CAN2_RX0_IRQHandler                      0x08000267   Thumb Code     0  startup_stm32f40_41xxx.o(.text)
    CAN2_RX1_IRQHandler                      0x08000267   Thumb Code     0  startup_stm32f40_41xxx.o(.text)
    CAN2_SCE_IRQHandler                      0x08000267   Thumb Code     0  startup_stm32f40_41xxx.o(.text)
    CAN2_TX_IRQHandler                       0x08000267   Thumb Code     0  startup_stm32f40_41xxx.o(.text)
    CRYP_IRQHandler                          0x08000267   Thumb Code     0  startup_stm32f40_41xxx.o(.text)
    DCMI_IRQHandler                          0x08000267   Thumb Code     0  startup_stm32f40_41xxx.o(.text)
    DMA1_Stream0_IRQHandler                  0x08000267   Thumb Code     0  startup_stm32f40_41xxx.o(.text)
    DMA1_Stream1_IRQHandler                  0x08000267   Thumb Code     0  startup_stm32f40_41xxx.o(.text)
    DMA1_Stream2_IRQHandler                  0x08000267   Thumb Code     0  startup_stm32f40_41xxx.o(.text)
    DMA1_Stream3_IRQHandler                  0x08000267   Thumb Code     0  startup_stm32f40_41xxx.o(.text)
    DMA1_Stream4_IRQHandler                  0x08000267   Thumb Code     0  startup_stm32f40_41xxx.o(.text)
    DMA1_Stream5_IRQHandler                  0x08000267   Thumb Code     0  startup_stm32f40_41xxx.o(.text)
    DMA1_Stream6_IRQHandler                  0x08000267   Thumb Code     0  startup_stm32f40_41xxx.o(.text)
    DMA1_Stream7_IRQHandler                  0x08000267   Thumb Code     0  startup_stm32f40_41xxx.o(.text)
    DMA2_Stream0_IRQHandler                  0x08000267   Thumb Code     0  startup_stm32f40_41xxx.o(.text)
    DMA2_Stream1_IRQHandler                  0x08000267   Thumb Code     0  startup_stm32f40_41xxx.o(.text)
    DMA2_Stream2_IRQHandler                  0x08000267   Thumb Code     0  startup_stm32f40_41xxx.o(.text)
    DMA2_Stream3_IRQHandler                  0x08000267   Thumb Code     0  startup_stm32f40_41xxx.o(.text)
    DMA2_Stream4_IRQHandler                  0x08000267   Thumb Code     0  startup_stm32f40_41xxx.o(.text)
    DMA2_Stream5_IRQHandler                  0x08000267   Thumb Code     0  startup_stm32f40_41xxx.o(.text)
    DMA2_Stream6_IRQHandler                  0x08000267   Thumb Code     0  startup_stm32f40_41xxx.o(.text)
    DMA2_Stream7_IRQHandler                  0x08000267   Thumb Code     0  startup_stm32f40_41xxx.o(.text)
    ETH_IRQHandler                           0x08000267   Thumb Code     0  startup_stm32f40_41xxx.o(.text)
    ETH_WKUP_IRQHandler                      0x08000267   Thumb Code     0  startup_stm32f40_41xxx.o(.text)
    EXTI0_IRQHandler                         0x08000267   Thumb Code     0  startup_stm32f40_41xxx.o(.text)
    EXTI15_10_IRQHandler                     0x08000267   Thumb Code     0  startup_stm32f40_41xxx.o(.text)
    EXTI1_IRQHandler                         0x08000267   Thumb Code     0  startup_stm32f40_41xxx.o(.text)
    EXTI2_IRQHandler                         0x08000267   Thumb Code     0  startup_stm32f40_41xxx.o(.text)
    EXTI3_IRQHandler                         0x08000267   Thumb Code     0  startup_stm32f40_41xxx.o(.text)
    EXTI4_IRQHandler                         0x08000267   Thumb Code     0  startup_stm32f40_41xxx.o(.text)
    FLASH_IRQHandler                         0x08000267   Thumb Code     0  startup_stm32f40_41xxx.o(.text)
    FPU_IRQHandler                           0x08000267   Thumb Code     0  startup_stm32f40_41xxx.o(.text)
    FSMC_IRQHandler                          0x08000267   Thumb Code     0  startup_stm32f40_41xxx.o(.text)
    HASH_RNG_IRQHandler                      0x08000267   Thumb Code     0  startup_stm32f40_41xxx.o(.text)
    I2C1_ER_IRQHandler                       0x08000267   Thumb Code     0  startup_stm32f40_41xxx.o(.text)
    I2C1_EV_IRQHandler                       0x08000267   Thumb Code     0  startup_stm32f40_41xxx.o(.text)
    I2C2_ER_IRQHandler                       0x08000267   Thumb Code     0  startup_stm32f40_41xxx.o(.text)
    I2C2_EV_IRQHandler                       0x08000267   Thumb Code     0  startup_stm32f40_41xxx.o(.text)
    I2C3_ER_IRQHandler                       0x08000267   Thumb Code     0  startup_stm32f40_41xxx.o(.text)
    I2C3_EV_IRQHandler                       0x08000267   Thumb Code     0  startup_stm32f40_41xxx.o(.text)
    OTG_FS_IRQHandler                        0x08000267   Thumb Code     0  startup_stm32f40_41xxx.o(.text)
    OTG_FS_WKUP_IRQHandler                   0x08000267   Thumb Code     0  startup_stm32f40_41xxx.o(.text)
    OTG_HS_EP1_IN_IRQHandler                 0x08000267   Thumb Code     0  startup_stm32f40_41xxx.o(.text)
    OTG_HS_EP1_OUT_IRQHandler                0x08000267   Thumb Code     0  startup_stm32f40_41xxx.o(.text)
    OTG_HS_IRQHandler                        0x08000267   Thumb Code     0  startup_stm32f40_41xxx.o(.text)
    OTG_HS_WKUP_IRQHandler                   0x08000267   Thumb Code     0  startup_stm32f40_41xxx.o(.text)
    PVD_IRQHandler                           0x08000267   Thumb Code     0  startup_stm32f40_41xxx.o(.text)
    RCC_IRQHandler                           0x08000267   Thumb Code     0  startup_stm32f40_41xxx.o(.text)
    RTC_Alarm_IRQHandler                     0x08000267   Thumb Code     0  startup_stm32f40_41xxx.o(.text)
    RTC_WKUP_IRQHandler                      0x08000267   Thumb Code     0  startup_stm32f40_41xxx.o(.text)
    SDIO_IRQHandler                          0x08000267   Thumb Code     0  startup_stm32f40_41xxx.o(.text)
    SPI1_IRQHandler                          0x08000267   Thumb Code     0  startup_stm32f40_41xxx.o(.text)
    SPI2_IRQHandler                          0x08000267   Thumb Code     0  startup_stm32f40_41xxx.o(.text)
    SPI3_IRQHandler                          0x08000267   Thumb Code     0  startup_stm32f40_41xxx.o(.text)
    TAMP_STAMP_IRQHandler                    0x08000267   Thumb Code     0  startup_stm32f40_41xxx.o(.text)
    TIM1_BRK_TIM9_IRQHandler                 0x08000267   Thumb Code     0  startup_stm32f40_41xxx.o(.text)
    TIM1_CC_IRQHandler                       0x08000267   Thumb Code     0  startup_stm32f40_41xxx.o(.text)
    TIM1_TRG_COM_TIM11_IRQHandler            0x08000267   Thumb Code     0  startup_stm32f40_41xxx.o(.text)
    TIM1_UP_TIM10_IRQHandler                 0x08000267   Thumb Code     0  startup_stm32f40_41xxx.o(.text)
    TIM2_IRQHandler                          0x08000267   Thumb Code     0  startup_stm32f40_41xxx.o(.text)
    TIM3_IRQHandler                          0x08000267   Thumb Code     0  startup_stm32f40_41xxx.o(.text)
    TIM8_BRK_TIM12_IRQHandler                0x08000267   Thumb Code     0  startup_stm32f40_41xxx.o(.text)
    TIM8_CC_IRQHandler                       0x08000267   Thumb Code     0  startup_stm32f40_41xxx.o(.text)
    TIM8_TRG_COM_TIM14_IRQHandler            0x08000267   Thumb Code     0  startup_stm32f40_41xxx.o(.text)
    TIM8_UP_TIM13_IRQHandler                 0x08000267   Thumb Code     0  startup_stm32f40_41xxx.o(.text)
    UART4_IRQHandler                         0x08000267   Thumb Code     0  startup_stm32f40_41xxx.o(.text)
    UART5_IRQHandler                         0x08000267   Thumb Code     0  startup_stm32f40_41xxx.o(.text)
    USART2_IRQHandler                        0x08000267   Thumb Code     0  startup_stm32f40_41xxx.o(.text)
    USART3_IRQHandler                        0x08000267   Thumb Code     0  startup_stm32f40_41xxx.o(.text)
    USART6_IRQHandler                        0x08000267   Thumb Code     0  startup_stm32f40_41xxx.o(.text)
    WWDG_IRQHandler                          0x08000267   Thumb Code     0  startup_stm32f40_41xxx.o(.text)
    __user_initial_stackheap                 0x08000269   Thumb Code     0  startup_stm32f40_41xxx.o(.text)
    __use_no_semihosting                     0x0800028d   Thumb Code     2  use_no_semi_2.o(.text)
    __2printf                                0x08000291   Thumb Code    20  noretval__2printf.o(.text)
    _printf_str                              0x080002a9   Thumb Code    82  _printf_str.o(.text)
    _printf_int_dec                          0x080002fd   Thumb Code   104  _printf_dec.o(.text)
    __printf                                 0x08000375   Thumb Code   388  __printf_flags_ss_wp.o(.text)
    strcmp                                   0x080004fd   Thumb Code   128  strcmpv7m.o(.text)
    __use_two_region_memory                  0x0800057d   Thumb Code     2  heapauxi.o(.text)
    __rt_heap_escrow$2region                 0x0800057f   Thumb Code     2  heapauxi.o(.text)
    __rt_heap_expand$2region                 0x08000581   Thumb Code     2  heapauxi.o(.text)
    __I$use$semihosting                      0x08000583   Thumb Code     0  use_no_semi.o(.text)
    __use_no_semihosting_swi                 0x08000583   Thumb Code     2  use_no_semi.o(.text)
    _printf_int_common                       0x08000585   Thumb Code   178  _printf_intcommon.o(.text)
    __lib_sel_fp_printf                      0x08000637   Thumb Code     2  _printf_fp_dec.o(.text)
    _printf_fp_dec_real                      0x080007e9   Thumb Code   620  _printf_fp_dec.o(.text)
    _printf_cs_common                        0x08000a55   Thumb Code    20  _printf_char.o(.text)
    _printf_char                             0x08000a69   Thumb Code    16  _printf_char.o(.text)
    _printf_string                           0x08000a79   Thumb Code     8  _printf_char.o(.text)
    _printf_char_file                        0x08000a81   Thumb Code    32  _printf_char_file.o(.text)
    __rt_locale                              0x08000aa5   Thumb Code     8  rt_locale_intlibspace.o(.text)
    _ll_udiv10                               0x08000aad   Thumb Code   138  lludiv10.o(.text)
    _printf_char_common                      0x08000b43   Thumb Code    32  _printf_char_common.o(.text)
    _printf_fp_infnan                        0x08000b69   Thumb Code   112  _printf_fp_infnan.o(.text)
    _btod_etento                             0x08000be9   Thumb Code   224  bigflt0.o(.text)
    ferror                                   0x08000ccd   Thumb Code     8  ferror.o(.text)
    __user_libspace                          0x08000cd5   Thumb Code     8  libspace.o(.text)
    __user_perproc_libspace                  0x08000cd5   Thumb Code     0  libspace.o(.text)
    __user_perthread_libspace                0x08000cd5   Thumb Code     0  libspace.o(.text)
    __user_setup_stackheap                   0x08000cdd   Thumb Code    74  sys_stackheap_outer.o(.text)
    exit                                     0x08000d27   Thumb Code    18  exit.o(.text)
    _btod_d2e                                0x08000d39   Thumb Code    62  btod.o(CL$$btod_d2e)
    _d2e_denorm_low                          0x08000d77   Thumb Code    70  btod.o(CL$$btod_d2e_denorm_low)
    _d2e_norm_op1                            0x08000dbd   Thumb Code    96  btod.o(CL$$btod_d2e_norm_op1)
    __btod_div_common                        0x08000e1d   Thumb Code   696  btod.o(CL$$btod_div_common)
    _e2e                                     0x08001155   Thumb Code   220  btod.o(CL$$btod_e2e)
    _btod_ediv                               0x08001231   Thumb Code    42  btod.o(CL$$btod_ediv)
    _btod_emul                               0x0800125b   Thumb Code    42  btod.o(CL$$btod_emul)
    __btod_mult_common                       0x08001285   Thumb Code   580  btod.o(CL$$btod_mult_common)
    ADC_IRQHandler                           0x080014c9   Thumb Code   430  nvic.o(i.ADC_IRQHandler)
    EXTI9_5_IRQHandler                       0x08001705   Thumb Code   110  nvic.o(i.EXTI9_5_IRQHandler)
    PrintBootCount                           0x08001809   Thumb Code   118  functions.o(i.PrintBootCount)
    SR04_Start                               0x08001895   Thumb Code    34  functions.o(i.SR04_Start)
    SysTick_Handler                          0x080019a9   Thumb Code    52  nvic.o(i.SysTick_Handler)
    SystemInit                               0x080019f9   Thumb Code    88  system_stm32f4xx.o(i.SystemInit)
    TIM4_IRQHandler                          0x08001a61   Thumb Code   278  nvic.o(i.TIM4_IRQHandler)
    TIM5_IRQHandler                          0x08001bd1   Thumb Code   206  nvic.o(i.TIM5_IRQHandler)
    TIM6_DAC_IRQHandler                      0x08001cd1   Thumb Code    58  nvic.o(i.TIM6_DAC_IRQHandler)
    TIM7_IRQHandler                          0x08001d31   Thumb Code   592  nvic.o(i.TIM7_IRQHandler)
    USART1_IRQHandler                        0x0800204d   Thumb Code    78  nvic.o(i.USART1_IRQHandler)
    __ARM_fpclassify                         0x080020b9   Thumb Code    48  fpclassify.o(i.__ARM_fpclassify)
    _is_digit                                0x080020e9   Thumb Code    14  __printf_wp.o(i._is_digit)
    _sys_exit                                0x080020f7   Thumb Code     4  selfprintf.o(i._sys_exit)
    adc1_PC2_ch12_get                        0x080020fd   Thumb Code    36  adc.o(i.adc1_PC2_ch12_get)
    adc2_PC0_ch10_get                        0x08002125   Thumb Code    42  adc.o(i.adc2_PC0_ch10_get)
    at24c02_init                             0x08002159   Thumb Code     8  at24c02.o(i.at24c02_init)
    at24c02_page_read                        0x08002161   Thumb Code   126  at24c02.o(i.at24c02_page_read)
    at24c02_page_write                       0x080021df   Thumb Code   132  at24c02.o(i.at24c02_page_write)
    at24c02_read_byte                        0x08002263   Thumb Code    94  at24c02.o(i.at24c02_read_byte)
    at24c02_skip_page_write                  0x080022c1   Thumb Code    74  at24c02.o(i.at24c02_skip_page_write)
    at24c02_write_byte                       0x0800230b   Thumb Code    84  at24c02.o(i.at24c02_write_byte)
    baseTim6Delay_Ms                         0x08002361   Thumb Code   110  wang_time.o(i.baseTim6Delay_Ms)
    baseTim6Delay_Us                         0x080023d9   Thumb Code   102  wang_time.o(i.baseTim6Delay_Us)
    baseTim7DelayPlus_Ms                     0x08002449   Thumb Code    50  wang_time.o(i.baseTim7DelayPlus_Ms)
    baseTim7Interrupt_Init                   0x08002485   Thumb Code   164  basetim.o(i.baseTim7Interrupt_Init)
    beepInit                                 0x08002531   Thumb Code    94  beep.o(i.beepInit)
    changeColorRandomly                      0x08002599   Thumb Code    64  functions.o(i.changeColorRandomly)
    closeAllLed                              0x080025dd   Thumb Code    44  led.o(i.closeAllLed)
    delay_ms                                 0x0800260d   Thumb Code    20  wang_time.o(i.delay_ms)
    fputc                                    0x08002621   Thumb Code    22  selfprintf.o(i.fputc)
    getRandomNumber                          0x0800263d   Thumb Code    22  rng.o(i.getRandomNumber)
    iic_get_ack                              0x08002659   Thumb Code    92  iic.o(i.iic_get_ack)
    iic_io_init                              0x080026b9   Thumb Code    88  iic.o(i.iic_io_init)
    iic_rec_byte                             0x08002719   Thumb Code   108  iic.o(i.iic_rec_byte)
    iic_send_ack                             0x08002789   Thumb Code    88  iic.o(i.iic_send_ack)
    iic_send_byte                            0x080027e5   Thumb Code   110  iic.o(i.iic_send_byte)
    iic_start                                0x08002859   Thumb Code    88  iic.o(i.iic_start)
    iic_stop                                 0x080028b5   Thumb Code    76  iic.o(i.iic_stop)
    keyInit                                  0x08002905   Thumb Code    70  key.o(i.keyInit)
    key_scan                                 0x08002959   Thumb Code   162  key.o(i.key_scan)
    ledInit                                  0x08002a09   Thumb Code    98  led.o(i.ledInit)
    ledX_off                                 0x08002a75   Thumb Code    74  led.o(i.ledX_off)
    ledX_on                                  0x08002ac5   Thumb Code    74  led.o(i.ledX_on)
    main                                     0x08002b15   Thumb Code   316  mian.o(i.main)
    usart1Init                               0x08002ccd   Thumb Code   174  usart.o(i.usart1Init)
    _get_lc_numeric                          0x08002d8d   Thumb Code    44  lc_numeric_c.o(locale$$code)
    __aeabi_d2f                              0x08002db9   Thumb Code     0  d2f.o(x$fpl$d2f)
    _d2f                                     0x08002db9   Thumb Code    98  d2f.o(x$fpl$d2f)
    __aeabi_dadd                             0x08002e1d   Thumb Code     0  daddsub_clz.o(x$fpl$dadd)
    _dadd                                    0x08002e1d   Thumb Code   332  daddsub_clz.o(x$fpl$dadd)
    __aeabi_ddiv                             0x08002f6d   Thumb Code     0  ddiv.o(x$fpl$ddiv)
    _ddiv                                    0x08002f6d   Thumb Code   552  ddiv.o(x$fpl$ddiv)
    __aeabi_d2uiz                            0x0800321d   Thumb Code     0  dfixu.o(x$fpl$dfixu)
    _dfixu                                   0x0800321d   Thumb Code    90  dfixu.o(x$fpl$dfixu)
    __aeabi_i2d                              0x08003277   Thumb Code     0  dflt_clz.o(x$fpl$dflt)
    _dflt                                    0x08003277   Thumb Code    46  dflt_clz.o(x$fpl$dflt)
    __aeabi_ui2d                             0x080032a5   Thumb Code     0  dflt_clz.o(x$fpl$dfltu)
    _dfltu                                   0x080032a5   Thumb Code    38  dflt_clz.o(x$fpl$dfltu)
    __aeabi_dmul                             0x080032cd   Thumb Code     0  dmul.o(x$fpl$dmul)
    _dmul                                    0x080032cd   Thumb Code   332  dmul.o(x$fpl$dmul)
    __fpl_dnaninf                            0x08003421   Thumb Code   156  dnaninf.o(x$fpl$dnaninf)
    __fpl_dretinf                            0x080034bd   Thumb Code    12  dretinf.o(x$fpl$dretinf)
    __aeabi_dsub                             0x080034c9   Thumb Code     0  daddsub_clz.o(x$fpl$dsub)
    _dsub                                    0x080034c9   Thumb Code   464  daddsub_clz.o(x$fpl$dsub)
    __aeabi_f2d                              0x0800369d   Thumb Code     0  f2d.o(x$fpl$f2d)
    _f2d                                     0x0800369d   Thumb Code    86  f2d.o(x$fpl$f2d)
    __fpl_fnaninf                            0x080036f3   Thumb Code   140  fnaninf.o(x$fpl$fnaninf)
    _fp_init                                 0x0800377f   Thumb Code    10  fpinit.o(x$fpl$fpinit)
    __fplib_config_fpu_vfp                   0x08003787   Thumb Code     0  fpinit.o(x$fpl$fpinit)
    __fplib_config_pureend_doubles           0x08003787   Thumb Code     0  fpinit.o(x$fpl$fpinit)
    __fpl_fretinf                            0x08003789   Thumb Code    10  fretinf.o(x$fpl$fretinf)
    _printf_fp_dec                           0x08003793   Thumb Code     4  printf1.o(x$fpl$printf1)
    __I$use$fp                               0x08003796   Number         0  usenofp.o(x$fpl$usenofp)
    Region$$Table$$Base                      0x0800383c   Number         0  anon$$obj.o(Region$$Table)
    Region$$Table$$Limit                     0x0800385c   Number         0  anon$$obj.o(Region$$Table)
    countFlag                                0x20000004   Data           1  nvic.o(.data)
    count                                    0x20000008   Data           4  nvic.o(.data)
    IR_statu                                 0x2000000c   Data           1  nvic.o(.data)
    Tim7WaterLed_Speed                       0x2000000d   Data           1  nvic.o(.data)
    waterLedOpen_Flag                        0x2000000e   Data           1  nvic.o(.data)
    __stdout                                 0x20000024   Data           4  selfprintf.o(.data)
    randomColorFlag                          0x20000028   Data           1  functions.o(.data)
    at24c02_rec_str                          0x20000029   Data           1  at24c02.o(.data)
    sava_Flag                                0x2000002a   Data           1  at24c02.o(.data)
    usart1_val                               0x2000002c   Data          60  nvic.o(.bss)
    sysTickCount                             0x20000068   Data          20  nvic.o(.bss)
    TIM7Count                                0x2000007c   Data          40  nvic.o(.bss)
    TIM6Count                                0x200000a4   Data          20  nvic.o(.bss)
    __libspace_start                         0x200000b8   Data          96  libspace.o(.bss)
    __temporary_stack_top$libspace           0x20000118   Data           0  libspace.o(.bss)



==============================================================================

Memory Map of the image

  Image Entry point : 0x08000189

  Load Region LR_IROM1 (Base: 0x08000000, Size: 0x000038a4, Max: 0x00100000, ABSOLUTE)

    Execution Region ER_IROM1 (Exec base: 0x08000000, Load base: 0x08000000, Size: 0x00003878, Max: 0x00100000, ABSOLUTE)

    Exec Addr    Load Addr    Size         Type   Attr      Idx    E Section Name        Object

    0x08000000   0x08000000   0x00000188   Data   RO            3    RESET               startup_stm32f40_41xxx.o
    0x08000188   0x08000188   0x00000008   Code   RO         1217  * !!!main             c_w.l(__main.o)
    0x08000190   0x08000190   0x00000034   Code   RO         1467    !!!scatter          c_w.l(__scatter.o)
    0x080001c4   0x080001c4   0x0000001a   Code   RO         1469    !!handler_copy      c_w.l(__scatter_copy.o)
    0x080001de   0x080001de   0x00000002   PAD
    0x080001e0   0x080001e0   0x0000001c   Code   RO         1471    !!handler_zi        c_w.l(__scatter_zi.o)
    0x080001fc   0x080001fc   0x00000000   Code   RO         1206    .ARM.Collect$$_printf_percent$$00000000  c_w.l(_printf_percent.o)
    0x080001fc   0x080001fc   0x00000006   Code   RO         1205    .ARM.Collect$$_printf_percent$$00000003  c_w.l(_printf_f.o)
    0x08000202   0x08000202   0x00000006   Code   RO         1203    .ARM.Collect$$_printf_percent$$00000009  c_w.l(_printf_d.o)
    0x08000208   0x08000208   0x00000006   Code   RO         1202    .ARM.Collect$$_printf_percent$$00000014  c_w.l(_printf_s.o)
    0x0800020e   0x0800020e   0x00000004   Code   RO         1258    .ARM.Collect$$_printf_percent$$00000017  c_w.l(_printf_percent_end.o)
    0x08000212   0x08000212   0x00000002   Code   RO         1344    .ARM.Collect$$libinit$$00000000  c_w.l(libinit.o)
    0x08000214   0x08000214   0x00000004   Code   RO         1345    .ARM.Collect$$libinit$$00000001  c_w.l(libinit2.o)
    0x08000218   0x08000218   0x00000000   Code   RO         1348    .ARM.Collect$$libinit$$00000004  c_w.l(libinit2.o)
    0x08000218   0x08000218   0x00000000   Code   RO         1351    .ARM.Collect$$libinit$$0000000A  c_w.l(libinit2.o)
    0x08000218   0x08000218   0x00000000   Code   RO         1353    .ARM.Collect$$libinit$$0000000C  c_w.l(libinit2.o)
    0x08000218   0x08000218   0x00000000   Code   RO         1355    .ARM.Collect$$libinit$$0000000E  c_w.l(libinit2.o)
    0x08000218   0x08000218   0x00000006   Code   RO         1356    .ARM.Collect$$libinit$$0000000F  c_w.l(libinit2.o)
    0x0800021e   0x0800021e   0x00000000   Code   RO         1358    .ARM.Collect$$libinit$$00000011  c_w.l(libinit2.o)
    0x0800021e   0x0800021e   0x00000000   Code   RO         1360    .ARM.Collect$$libinit$$00000013  c_w.l(libinit2.o)
    0x0800021e   0x0800021e   0x00000000   Code   RO         1362    .ARM.Collect$$libinit$$00000015  c_w.l(libinit2.o)
    0x0800021e   0x0800021e   0x0000000a   Code   RO         1363    .ARM.Collect$$libinit$$00000016  c_w.l(libinit2.o)
    0x08000228   0x08000228   0x00000000   Code   RO         1364    .ARM.Collect$$libinit$$00000017  c_w.l(libinit2.o)
    0x08000228   0x08000228   0x00000000   Code   RO         1366    .ARM.Collect$$libinit$$00000019  c_w.l(libinit2.o)
    0x08000228   0x08000228   0x00000000   Code   RO         1368    .ARM.Collect$$libinit$$0000001B  c_w.l(libinit2.o)
    0x08000228   0x08000228   0x00000000   Code   RO         1370    .ARM.Collect$$libinit$$0000001D  c_w.l(libinit2.o)
    0x08000228   0x08000228   0x00000000   Code   RO         1372    .ARM.Collect$$libinit$$0000001F  c_w.l(libinit2.o)
    0x08000228   0x08000228   0x00000000   Code   RO         1374    .ARM.Collect$$libinit$$00000021  c_w.l(libinit2.o)
    0x08000228   0x08000228   0x00000000   Code   RO         1376    .ARM.Collect$$libinit$$00000023  c_w.l(libinit2.o)
    0x08000228   0x08000228   0x00000000   Code   RO         1378    .ARM.Collect$$libinit$$00000025  c_w.l(libinit2.o)
    0x08000228   0x08000228   0x00000000   Code   RO         1382    .ARM.Collect$$libinit$$0000002C  c_w.l(libinit2.o)
    0x08000228   0x08000228   0x00000000   Code   RO         1384    .ARM.Collect$$libinit$$0000002E  c_w.l(libinit2.o)
    0x08000228   0x08000228   0x00000000   Code   RO         1386    .ARM.Collect$$libinit$$00000030  c_w.l(libinit2.o)
    0x08000228   0x08000228   0x00000000   Code   RO         1388    .ARM.Collect$$libinit$$00000032  c_w.l(libinit2.o)
    0x08000228   0x08000228   0x00000002   Code   RO         1389    .ARM.Collect$$libinit$$00000033  c_w.l(libinit2.o)
    0x0800022a   0x0800022a   0x00000002   Code   RO         1417    .ARM.Collect$$libshutdown$$00000000  c_w.l(libshutdown.o)
    0x0800022c   0x0800022c   0x00000000   Code   RO         1426    .ARM.Collect$$libshutdown$$00000002  c_w.l(libshutdown2.o)
    0x0800022c   0x0800022c   0x00000000   Code   RO         1428    .ARM.Collect$$libshutdown$$00000004  c_w.l(libshutdown2.o)
    0x0800022c   0x0800022c   0x00000000   Code   RO         1431    .ARM.Collect$$libshutdown$$00000007  c_w.l(libshutdown2.o)
    0x0800022c   0x0800022c   0x00000000   Code   RO         1434    .ARM.Collect$$libshutdown$$0000000A  c_w.l(libshutdown2.o)
    0x0800022c   0x0800022c   0x00000000   Code   RO         1436    .ARM.Collect$$libshutdown$$0000000C  c_w.l(libshutdown2.o)
    0x0800022c   0x0800022c   0x00000000   Code   RO         1439    .ARM.Collect$$libshutdown$$0000000F  c_w.l(libshutdown2.o)
    0x0800022c   0x0800022c   0x00000002   Code   RO         1440    .ARM.Collect$$libshutdown$$00000010  c_w.l(libshutdown2.o)
    0x0800022e   0x0800022e   0x00000000   Code   RO         1249    .ARM.Collect$$rtentry$$00000000  c_w.l(__rtentry.o)
    0x0800022e   0x0800022e   0x00000000   Code   RO         1269    .ARM.Collect$$rtentry$$00000002  c_w.l(__rtentry2.o)
    0x0800022e   0x0800022e   0x00000006   Code   RO         1281    .ARM.Collect$$rtentry$$00000004  c_w.l(__rtentry4.o)
    0x08000234   0x08000234   0x00000000   Code   RO         1271    .ARM.Collect$$rtentry$$00000009  c_w.l(__rtentry2.o)
    0x08000234   0x08000234   0x00000004   Code   RO         1272    .ARM.Collect$$rtentry$$0000000A  c_w.l(__rtentry2.o)
    0x08000238   0x08000238   0x00000000   Code   RO         1274    .ARM.Collect$$rtentry$$0000000C  c_w.l(__rtentry2.o)
    0x08000238   0x08000238   0x00000008   Code   RO         1275    .ARM.Collect$$rtentry$$0000000D  c_w.l(__rtentry2.o)
    0x08000240   0x08000240   0x00000002   Code   RO         1390    .ARM.Collect$$rtexit$$00000000  c_w.l(rtexit.o)
    0x08000242   0x08000242   0x00000000   Code   RO         1397    .ARM.Collect$$rtexit$$00000002  c_w.l(rtexit2.o)
    0x08000242   0x08000242   0x00000004   Code   RO         1398    .ARM.Collect$$rtexit$$00000003  c_w.l(rtexit2.o)
    0x08000246   0x08000246   0x00000006   Code   RO         1399    .ARM.Collect$$rtexit$$00000004  c_w.l(rtexit2.o)
    0x0800024c   0x0800024c   0x00000040   Code   RO            4    .text               startup_stm32f40_41xxx.o
    0x0800028c   0x0800028c   0x00000002   Code   RO         1170    .text               c_w.l(use_no_semi_2.o)
    0x0800028e   0x0800028e   0x00000002   PAD
    0x08000290   0x08000290   0x00000018   Code   RO         1174    .text               c_w.l(noretval__2printf.o)
    0x080002a8   0x080002a8   0x00000052   Code   RO         1178    .text               c_w.l(_printf_str.o)
    0x080002fa   0x080002fa   0x00000002   PAD
    0x080002fc   0x080002fc   0x00000078   Code   RO         1180    .text               c_w.l(_printf_dec.o)
    0x08000374   0x08000374   0x00000188   Code   RO         1199    .text               c_w.l(__printf_flags_ss_wp.o)
    0x080004fc   0x080004fc   0x00000080   Code   RO         1213    .text               c_w.l(strcmpv7m.o)
    0x0800057c   0x0800057c   0x00000006   Code   RO         1215    .text               c_w.l(heapauxi.o)
    0x08000582   0x08000582   0x00000002   Code   RO         1247    .text               c_w.l(use_no_semi.o)
    0x08000584   0x08000584   0x000000b2   Code   RO         1250    .text               c_w.l(_printf_intcommon.o)
    0x08000636   0x08000636   0x0000041e   Code   RO         1252    .text               c_w.l(_printf_fp_dec.o)
    0x08000a54   0x08000a54   0x0000002c   Code   RO         1254    .text               c_w.l(_printf_char.o)
    0x08000a80   0x08000a80   0x00000024   Code   RO         1256    .text               c_w.l(_printf_char_file.o)
    0x08000aa4   0x08000aa4   0x00000008   Code   RO         1286    .text               c_w.l(rt_locale_intlibspace.o)
    0x08000aac   0x08000aac   0x0000008a   Code   RO         1288    .text               c_w.l(lludiv10.o)
    0x08000b36   0x08000b36   0x00000002   PAD
    0x08000b38   0x08000b38   0x00000030   Code   RO         1290    .text               c_w.l(_printf_char_common.o)
    0x08000b68   0x08000b68   0x00000080   Code   RO         1292    .text               c_w.l(_printf_fp_infnan.o)
    0x08000be8   0x08000be8   0x000000e4   Code   RO         1294    .text               c_w.l(bigflt0.o)
    0x08000ccc   0x08000ccc   0x00000008   Code   RO         1319    .text               c_w.l(ferror.o)
    0x08000cd4   0x08000cd4   0x00000008   Code   RO         1330    .text               c_w.l(libspace.o)
    0x08000cdc   0x08000cdc   0x0000004a   Code   RO         1333    .text               c_w.l(sys_stackheap_outer.o)
    0x08000d26   0x08000d26   0x00000012   Code   RO         1337    .text               c_w.l(exit.o)
    0x08000d38   0x08000d38   0x0000003e   Code   RO         1297    CL$$btod_d2e        c_w.l(btod.o)
    0x08000d76   0x08000d76   0x00000046   Code   RO         1299    CL$$btod_d2e_denorm_low  c_w.l(btod.o)
    0x08000dbc   0x08000dbc   0x00000060   Code   RO         1298    CL$$btod_d2e_norm_op1  c_w.l(btod.o)
    0x08000e1c   0x08000e1c   0x00000338   Code   RO         1307    CL$$btod_div_common  c_w.l(btod.o)
    0x08001154   0x08001154   0x000000dc   Code   RO         1304    CL$$btod_e2e        c_w.l(btod.o)
    0x08001230   0x08001230   0x0000002a   Code   RO         1301    CL$$btod_ediv       c_w.l(btod.o)
    0x0800125a   0x0800125a   0x0000002a   Code   RO         1300    CL$$btod_emul       c_w.l(btod.o)
    0x08001284   0x08001284   0x00000244   Code   RO         1306    CL$$btod_mult_common  c_w.l(btod.o)
    0x080014c8   0x080014c8   0x0000023c   Code   RO          452    i.ADC_IRQHandler    nvic.o
    0x08001704   0x08001704   0x00000084   Code   RO          453    i.EXTI9_5_IRQHandler  nvic.o
    0x08001788   0x08001788   0x00000016   Code   RO          655    i.NVIC_EnableIRQ    basetim.o
    0x0800179e   0x0800179e   0x00000040   Code   RO          656    i.NVIC_EncodePriority  basetim.o
    0x080017de   0x080017de   0x00000002   PAD
    0x080017e0   0x080017e0   0x00000028   Code   RO          657    i.NVIC_SetPriority  basetim.o
    0x08001808   0x08001808   0x0000008c   Code   RO          805    i.PrintBootCount    functions.o
    0x08001894   0x08001894   0x00000028   Code   RO          808    i.SR04_Start        functions.o
    0x080018bc   0x080018bc   0x000000ec   Code   RO           12    i.SetSysClock       system_stm32f4xx.o
    0x080019a8   0x080019a8   0x00000050   Code   RO          454    i.SysTick_Handler   nvic.o
    0x080019f8   0x080019f8   0x00000068   Code   RO           14    i.SystemInit        system_stm32f4xx.o
    0x08001a60   0x08001a60   0x00000170   Code   RO          455    i.TIM4_IRQHandler   nvic.o
    0x08001bd0   0x08001bd0   0x00000100   Code   RO          456    i.TIM5_IRQHandler   nvic.o
    0x08001cd0   0x08001cd0   0x00000060   Code   RO          457    i.TIM6_DAC_IRQHandler  nvic.o
    0x08001d30   0x08001d30   0x0000031c   Code   RO          458    i.TIM7_IRQHandler   nvic.o
    0x0800204c   0x0800204c   0x0000006c   Code   RO          459    i.USART1_IRQHandler  nvic.o
    0x080020b8   0x080020b8   0x00000030   Code   RO         1328    i.__ARM_fpclassify  m_wm.l(fpclassify.o)
    0x080020e8   0x080020e8   0x0000000e   Code   RO         1192    i._is_digit         c_w.l(__printf_wp.o)
    0x080020f6   0x080020f6   0x00000004   Code   RO          525    i._sys_exit         selfprintf.o
    0x080020fa   0x080020fa   0x00000002   PAD
    0x080020fc   0x080020fc   0x00000028   Code   RO          914    i.adc1_PC2_ch12_get  adc.o
    0x08002124   0x08002124   0x00000034   Code   RO          917    i.adc2_PC0_ch10_get  adc.o
    0x08002158   0x08002158   0x00000008   Code   RO         1114    i.at24c02_init      at24c02.o
    0x08002160   0x08002160   0x0000007e   Code   RO         1115    i.at24c02_page_read  at24c02.o
    0x080021de   0x080021de   0x00000084   Code   RO         1116    i.at24c02_page_write  at24c02.o
    0x08002262   0x08002262   0x0000005e   Code   RO         1117    i.at24c02_read_byte  at24c02.o
    0x080022c0   0x080022c0   0x0000004a   Code   RO         1118    i.at24c02_skip_page_write  at24c02.o
    0x0800230a   0x0800230a   0x00000054   Code   RO         1119    i.at24c02_write_byte  at24c02.o
    0x0800235e   0x0800235e   0x00000002   PAD
    0x08002360   0x08002360   0x00000078   Code   RO          227    i.baseTim6Delay_Ms  wang_time.o
    0x080023d8   0x080023d8   0x00000070   Code   RO          228    i.baseTim6Delay_Us  wang_time.o
    0x08002448   0x08002448   0x0000003c   Code   RO          229    i.baseTim7DelayPlus_Ms  wang_time.o
    0x08002484   0x08002484   0x000000ac   Code   RO          659    i.baseTim7Interrupt_Init  basetim.o
    0x08002530   0x08002530   0x00000068   Code   RO          287    i.beepInit          beep.o
    0x08002598   0x08002598   0x00000044   Code   RO          812    i.changeColorRandomly  functions.o
    0x080025dc   0x080025dc   0x00000030   Code   RO          170    i.closeAllLed       led.o
    0x0800260c   0x0800260c   0x00000014   Code   RO          230    i.delay_ms          wang_time.o
    0x08002620   0x08002620   0x0000001c   Code   RO          526    i.fputc             selfprintf.o
    0x0800263c   0x0800263c   0x0000001c   Code   RO          999    i.getRandomNumber   rng.o
    0x08002658   0x08002658   0x00000060   Code   RO         1055    i.iic_get_ack       iic.o
    0x080026b8   0x080026b8   0x00000060   Code   RO         1056    i.iic_io_init       iic.o
    0x08002718   0x08002718   0x00000070   Code   RO         1057    i.iic_rec_byte      iic.o
    0x08002788   0x08002788   0x0000005c   Code   RO         1058    i.iic_send_ack      iic.o
    0x080027e4   0x080027e4   0x00000074   Code   RO         1059    i.iic_send_byte     iic.o
    0x08002858   0x08002858   0x0000005c   Code   RO         1060    i.iic_start         iic.o
    0x080028b4   0x080028b4   0x00000050   Code   RO         1061    i.iic_stop          iic.o
    0x08002904   0x08002904   0x00000054   Code   RO          307    i.keyInit           key.o
    0x08002958   0x08002958   0x000000b0   Code   RO          308    i.key_scan          key.o
    0x08002a08   0x08002a08   0x0000006c   Code   RO          171    i.ledInit           led.o
    0x08002a74   0x08002a74   0x00000050   Code   RO          172    i.ledX_off          led.o
    0x08002ac4   0x08002ac4   0x00000050   Code   RO          173    i.ledX_on           led.o
    0x08002b14   0x08002b14   0x000001b8   Code   RO           69    i.main              mian.o
    0x08002ccc   0x08002ccc   0x000000c0   Code   RO          402    i.usart1Init        usart.o
    0x08002d8c   0x08002d8c   0x0000002c   Code   RO         1324    locale$$code        c_w.l(lc_numeric_c.o)
    0x08002db8   0x08002db8   0x00000062   Code   RO         1219    x$fpl$d2f           fz_wm.l(d2f.o)
    0x08002e1a   0x08002e1a   0x00000002   PAD
    0x08002e1c   0x08002e1c   0x00000150   Code   RO         1221    x$fpl$dadd          fz_wm.l(daddsub_clz.o)
    0x08002f6c   0x08002f6c   0x000002b0   Code   RO         1228    x$fpl$ddiv          fz_wm.l(ddiv.o)
    0x0800321c   0x0800321c   0x0000005a   Code   RO         1231    x$fpl$dfixu         fz_wm.l(dfixu.o)
    0x08003276   0x08003276   0x0000002e   Code   RO         1236    x$fpl$dflt          fz_wm.l(dflt_clz.o)
    0x080032a4   0x080032a4   0x00000026   Code   RO         1235    x$fpl$dfltu         fz_wm.l(dflt_clz.o)
    0x080032ca   0x080032ca   0x00000002   PAD
    0x080032cc   0x080032cc   0x00000154   Code   RO         1241    x$fpl$dmul          fz_wm.l(dmul.o)
    0x08003420   0x08003420   0x0000009c   Code   RO         1259    x$fpl$dnaninf       fz_wm.l(dnaninf.o)
    0x080034bc   0x080034bc   0x0000000c   Code   RO         1261    x$fpl$dretinf       fz_wm.l(dretinf.o)
    0x080034c8   0x080034c8   0x000001d4   Code   RO         1223    x$fpl$dsub          fz_wm.l(daddsub_clz.o)
    0x0800369c   0x0800369c   0x00000056   Code   RO         1243    x$fpl$f2d           fz_wm.l(f2d.o)
    0x080036f2   0x080036f2   0x0000008c   Code   RO         1263    x$fpl$fnaninf       fz_wm.l(fnaninf.o)
    0x0800377e   0x0800377e   0x0000000a   Code   RO         1394    x$fpl$fpinit        fz_wm.l(fpinit.o)
    0x08003788   0x08003788   0x0000000a   Code   RO         1265    x$fpl$fretinf       fz_wm.l(fretinf.o)
    0x08003792   0x08003792   0x00000004   Code   RO         1245    x$fpl$printf1       fz_wm.l(printf1.o)
    0x08003796   0x08003796   0x00000000   Code   RO         1267    x$fpl$usenofp       fz_wm.l(usenofp.o)
    0x08003796   0x08003796   0x00000011   Data   RO         1200    .constdata          c_w.l(__printf_flags_ss_wp.o)
    0x080037a7   0x080037a7   0x00000001   PAD
    0x080037a8   0x080037a8   0x00000094   Data   RO         1295    .constdata          c_w.l(bigflt0.o)
    0x0800383c   0x0800383c   0x00000020   Data   RO         1465    Region$$Table       anon$$obj.o
    0x0800385c   0x0800385c   0x0000001c   Data   RO         1323    locale$$data        c_w.l(lc_numeric_c.o)


    Execution Region RW_IRAM1 (Exec base: 0x20000000, Load base: 0x08003878, Size: 0x00000718, Max: 0x00020000, ABSOLUTE)

    Exec Addr    Load Addr    Size         Type   Attr      Idx    E Section Name        Object

    0x20000000   0x08003878   0x00000001   Data   RW          309    .data               key.o
    0x20000001   0x08003879   0x00000003   PAD
    0x20000004   0x0800387c   0x00000020   Data   RW          461    .data               nvic.o
    0x20000024   0x0800389c   0x00000004   Data   RW          527    .data               selfprintf.o
    0x20000028   0x080038a0   0x00000001   Data   RW          818    .data               functions.o
    0x20000029   0x080038a1   0x00000002   Data   RW         1120    .data               at24c02.o
    0x2000002b   0x080038a3   0x00000001   PAD
    0x2000002c        -       0x0000008c   Zero   RW          460    .bss                nvic.o
    0x200000b8        -       0x00000060   Zero   RW         1331    .bss                c_w.l(libspace.o)
    0x20000118        -       0x00000200   Zero   RW            2    HEAP                startup_stm32f40_41xxx.o
    0x20000318        -       0x00000400   Zero   RW            1    STACK               startup_stm32f40_41xxx.o


==============================================================================

Image component sizes


      Code (inc. data)   RO Data    RW Data    ZI Data      Debug   Object Name

        92         14          0          0          0     228716   adc.o
       518          0          0          2          0       5295   at24c02.o
       298         16          0          0          0      28880   basetim.o
       104         10          0          0          0        491   beep.o
       248         32          0          1          0       3274   functions.o
       684         34          0          0          0       3885   iic.o
       260         28          0          1          0       1177   key.o
       316         26          0          0          0       2149   led.o
       440        124          0          0          0     256156   mian.o
      2408        604          0         32        140       7276   nvic.o
        28          6          0          0          0        522   rng.o
        32          6          0          4          0       2866   selfprintf.o
        64         26        392          0       1536        956   startup_stm32f40_41xxx.o
       340         32          0          0          0       6529   system_stm32f4xx.o
       192         18          0          0          0        565   usart.o
       312         30          0          0          0       2268   wang_time.o

    ----------------------------------------------------------------------
      6342       1006        424         44       1676     551005   Object Totals
         0          0         32          0          0          0   (incl. Generated)
         6          0          0          4          0          0   (incl. Padding)

    ----------------------------------------------------------------------

      Code (inc. data)   RO Data    RW Data    ZI Data      Debug   Library Member Name

         8          0          0          0          0         68   __main.o
       392          4         17          0          0         92   __printf_flags_ss_wp.o
        14          0          0          0          0         68   __printf_wp.o
         0          0          0          0          0          0   __rtentry.o
        12          0          0          0          0          0   __rtentry2.o
         6          0          0          0          0          0   __rtentry4.o
        52          8          0          0          0          0   __scatter.o
        26          0          0          0          0          0   __scatter_copy.o
        28          0          0          0          0          0   __scatter_zi.o
        44          0          0          0          0        108   _printf_char.o
        48          6          0          0          0         96   _printf_char_common.o
        36          4          0          0          0         80   _printf_char_file.o
         6          0          0          0          0          0   _printf_d.o
       120         16          0          0          0         92   _printf_dec.o
         6          0          0          0          0          0   _printf_f.o
      1054          0          0          0          0        216   _printf_fp_dec.o
       128         16          0          0          0         84   _printf_fp_infnan.o
       178          0          0          0          0         88   _printf_intcommon.o
         0          0          0          0          0          0   _printf_percent.o
         4          0          0          0          0          0   _printf_percent_end.o
         6          0          0          0          0          0   _printf_s.o
        82          0          0          0          0         80   _printf_str.o
       228          4        148          0          0         96   bigflt0.o
      1936        128          0          0          0        672   btod.o
        18          0          0          0          0         80   exit.o
         8          0          0          0          0         68   ferror.o
         6          0          0          0          0        152   heapauxi.o
        44         10         28          0          0         76   lc_numeric_c.o
         2          0          0          0          0          0   libinit.o
        22          0          0          0          0          0   libinit2.o
         2          0          0          0          0          0   libshutdown.o
         2          0          0          0          0          0   libshutdown2.o
         8          4          0          0         96         68   libspace.o
       138          0          0          0          0         80   lludiv10.o
        24          4          0          0          0         84   noretval__2printf.o
         8          4          0          0          0         68   rt_locale_intlibspace.o
         2          0          0          0          0          0   rtexit.o
        10          0          0          0          0          0   rtexit2.o
       128          0          0          0          0         68   strcmpv7m.o
        74          0          0          0          0         80   sys_stackheap_outer.o
         2          0          0          0          0         68   use_no_semi.o
         2          0          0          0          0         68   use_no_semi_2.o
        98          4          0          0          0        140   d2f.o
       804         16          0          0          0        368   daddsub_clz.o
       688        140          0          0          0        256   ddiv.o
        90          4          0          0          0        140   dfixu.o
        84          0          0          0          0        232   dflt_clz.o
       340         12          0          0          0        152   dmul.o
       156          4          0          0          0        140   dnaninf.o
        12          0          0          0          0        116   dretinf.o
        86          4          0          0          0        132   f2d.o
       140          4          0          0          0        132   fnaninf.o
        10          0          0          0          0        116   fpinit.o
        10          0          0          0          0        116   fretinf.o
         4          0          0          0          0        116   printf1.o
         0          0          0          0          0          0   usenofp.o
        48          0          0          0          0        124   fpclassify.o

    ----------------------------------------------------------------------
      7496        396        194          0         96       5080   Library Totals
        12          0          1          0          0          0   (incl. Padding)

    ----------------------------------------------------------------------

      Code (inc. data)   RO Data    RW Data    ZI Data      Debug   Library Name

      4914        208        193          0         96       2800   c_w.l
      2522        188          0          0          0       2156   fz_wm.l
        48          0          0          0          0        124   m_wm.l

    ----------------------------------------------------------------------
      7496        396        194          0         96       5080   Library Totals

    ----------------------------------------------------------------------

==============================================================================


      Code (inc. data)   RO Data    RW Data    ZI Data      Debug   

     13838       1402        618         44       1772     548777   Grand Totals
     13838       1402        618         44       1772     548777   ELF Image Totals
     13838       1402        618         44          0          0   ROM Totals

==============================================================================

    Total RO  Size (Code + RO Data)                14456 (  14.12kB)
    Total RW  Size (RW Data + ZI Data)              1816 (   1.77kB)
    Total ROM Size (Code + RO Data + RW Data)      14500 (  14.16kB)

==============================================================================

