Component: ARM Compiler 5.06 update 6 (build 750) Tool: armlink [4d35ed]

==============================================================================

Section Cross References

    startup_stm32f40_41xxx.o(STACK) refers (Special) to heapauxi.o(.text) for __use_two_region_memory
    startup_stm32f40_41xxx.o(HEAP) refers (Special) to heapauxi.o(.text) for __use_two_region_memory
    startup_stm32f40_41xxx.o(RESET) refers (Special) to heapauxi.o(.text) for __use_two_region_memory
    startup_stm32f40_41xxx.o(RESET) refers to startup_stm32f40_41xxx.o(STACK) for __initial_sp
    startup_stm32f40_41xxx.o(RESET) refers to startup_stm32f40_41xxx.o(.text) for Reset_Handler
    startup_stm32f40_41xxx.o(RESET) refers to nvic.o(i.SysTick_Handler) for SysTick_Handler
    startup_stm32f40_41xxx.o(RESET) refers to nvic.o(i.ADC_IRQHandler) for ADC_IRQHandler
    startup_stm32f40_41xxx.o(RESET) refers to nvic.o(i.EXTI9_5_IRQHandler) for EXTI9_5_IRQHandler
    startup_stm32f40_41xxx.o(RESET) refers to nvic.o(i.TIM4_IRQHandler) for TIM4_IRQHandler
    startup_stm32f40_41xxx.o(RESET) refers to nvic.o(i.USART1_IRQHandler) for USART1_IRQHandler
    startup_stm32f40_41xxx.o(RESET) refers to nvic.o(i.TIM5_IRQHandler) for TIM5_IRQHandler
    startup_stm32f40_41xxx.o(RESET) refers to nvic.o(i.TIM6_DAC_IRQHandler) for TIM6_DAC_IRQHandler
    startup_stm32f40_41xxx.o(RESET) refers to nvic.o(i.TIM7_IRQHandler) for TIM7_IRQHandler
    startup_stm32f40_41xxx.o(.text) refers (Special) to heapauxi.o(.text) for __use_two_region_memory
    startup_stm32f40_41xxx.o(.text) refers to system_stm32f4xx.o(i.SystemInit) for SystemInit
    startup_stm32f40_41xxx.o(.text) refers to __main.o(!!!main) for __main
    startup_stm32f40_41xxx.o(.text) refers to startup_stm32f40_41xxx.o(HEAP) for Heap_Mem
    startup_stm32f40_41xxx.o(.text) refers to startup_stm32f40_41xxx.o(STACK) for Stack_Mem
    system_stm32f4xx.o(i.SystemCoreClockUpdate) refers to system_stm32f4xx.o(.data) for SystemCoreClock
    system_stm32f4xx.o(i.SystemInit) refers to system_stm32f4xx.o(i.SetSysClock) for SetSysClock
    mian.o(i.main) refers to beep.o(i.beepInit) for beepInit
    mian.o(i.main) refers to usart.o(i.usart1Init) for usart1Init
    mian.o(i.main) refers to dma.o(i.dmaToUsart1) for dmaToUsart1
    mian.o(i.main) refers to wang_time.o(i.baseTim6Delay_Ms) for baseTim6Delay_Ms
    mian.o(i.main) refers to mian.o(.data) for data
    led.o(i.ledX_off) refers to led.o(i.closeAllLed) for closeAllLed
    led.o(i.ledX_on) refers to led.o(i.closeAllLed) for closeAllLed
    led.o(i.waterLed) refers to led.o(i.ledX_on) for ledX_on
    led.o(i.waterLed) refers to led.o(i.ledX_off) for ledX_off
    led.o(i.waterLed) refers to led.o(.data) for time
    wang_time.o(i.baseTim6DelayPlus_Ms) refers to nvic.o(.bss) for TIM6Count
    wang_time.o(i.baseTim7DelayPlus_Ms) refers to nvic.o(.bss) for TIM7Count
    wang_time.o(i.sysTickDelayPlus_Ms) refers to nvic.o(.bss) for sysTickCount
    key.o(i.key_scan) refers to wang_time.o(i.delay_ms) for delay_ms
    key.o(i.key_scan) refers to key.o(.data) for key_state
    redthink.o(i.irKey_scan) refers to redthink.o(i.irData) for irData
    redthink.o(i.irKey_scan) refers to wang_time.o(i.delay_ms) for delay_ms
    redthink.o(i.irKey_scan) refers to redthink.o(.data) for key_flag
    usart.o(i.usart1Servo) refers to strcmpv7m.o(.text) for strcmp
    usart.o(i.usart1Servo) refers to nvic.o(.bss) for usart1_val
    usart.o(i.usart1WaterLed) refers to strcmpv7m.o(.text) for strcmp
    usart.o(i.usart1WaterLed) refers to nvic.o(.bss) for usart1_val
    usart.o(i.usart1_send_string) refers to usart.o(i.usart1_send_byte) for usart1_send_byte
    nvic.o(i.ADC_IRQHandler) refers to _printf_percent.o(.ARM.Collect$$_printf_percent$$00000000) for _printf_percent
    nvic.o(i.ADC_IRQHandler) refers to _printf_d.o(.ARM.Collect$$_printf_percent$$00000009) for _printf_d
    nvic.o(i.ADC_IRQHandler) refers to _printf_dec.o(.text) for _printf_int_dec
    nvic.o(i.ADC_IRQHandler) refers to _printf_f.o(.ARM.Collect$$_printf_percent$$00000003) for _printf_f
    nvic.o(i.ADC_IRQHandler) refers to printf1.o(x$fpl$printf1) for _printf_fp_dec
    nvic.o(i.ADC_IRQHandler) refers to dflt_clz.o(x$fpl$dflt) for __aeabi_i2d
    nvic.o(i.ADC_IRQHandler) refers to ddiv.o(x$fpl$ddiv) for __aeabi_ddiv
    nvic.o(i.ADC_IRQHandler) refers to dmul.o(x$fpl$dmul) for __aeabi_dmul
    nvic.o(i.ADC_IRQHandler) refers to dfixu.o(x$fpl$dfixu) for __aeabi_d2uiz
    nvic.o(i.ADC_IRQHandler) refers to dflt_clz.o(x$fpl$dfltu) for __aeabi_ui2d
    nvic.o(i.ADC_IRQHandler) refers to f2d.o(x$fpl$f2d) for __aeabi_f2d
    nvic.o(i.ADC_IRQHandler) refers to daddsub_clz.o(x$fpl$dsub) for __aeabi_dsub
    nvic.o(i.ADC_IRQHandler) refers to daddsub_clz.o(x$fpl$dadd) for __aeabi_dadd
    nvic.o(i.ADC_IRQHandler) refers to d2f.o(x$fpl$d2f) for __aeabi_d2f
    nvic.o(i.ADC_IRQHandler) refers to noretval__2printf.o(.text) for __2printf
    nvic.o(i.ADC_IRQHandler) refers to nvic.o(.data) for count
[...]
    Removing generaltim.o(i.tim5_KeyCapture), (424 bytes).
    Removing generaltim.o(i.tim5_RGBInit), (452 bytes).
    Removing generaltim.o(.data), (7 bytes).
    Removing functions.o(.rev16_text), (4 bytes).
    Removing functions.o(.revsh_text), (4 bytes).
    Removing functions.o(i.LightSensor), (8 bytes).
    Removing functions.o(i.PrintBook), (236 bytes).
    Removing functions.o(i.PrintBootCount), (140 bytes).
    Removing functions.o(i.ReadBookFromEEPROM), (18 bytes).
    Removing functions.o(i.SR04_Init), (96 bytes).
    Removing functions.o(i.TestBookStorage), (408 bytes).
    Removing functions.o(i.Test_WaterLed_EEPROM), (264 bytes).
    Removing functions.o(i.W25Q64_Test), (380 bytes).
    Removing functions.o(i.WriteBookToEEPROM), (18 bytes).
    Removing functions.o(i.gasDetection), (8 bytes).
    Removing functions.o(i.light_gas_detection_init), (8 bytes).
    Removing functions.o(i.light_gas_temp_interrupt_init), (8 bytes).
    Removing functions.o(i.tim5_Key_RGB), (144 bytes).
    Removing functions.o(.constdata), (92 bytes).
    Removing adc.o(.rev16_text), (4 bytes).
    Removing adc.o(.revsh_text), (4 bytes).
    Removing adc.o(i.adc1_PC2PC0_ch12ch10ch16_get), (372 bytes).
    Removing adc.o(i.adc1_PC2PC0_ch12ch10ch16_init), (268 bytes).
    Removing adc.o(i.adc1_PC2_ch12_init), (192 bytes).
    Removing adc.o(i.adc1_interrupt_init), (416 bytes).
    Removing adc.o(i.adc2_PC0_ch10_init), (236 bytes).
    Removing rng.o(.rev16_text), (4 bytes).
    Removing rng.o(.revsh_text), (4 bytes).
    Removing rng.o(i.RNG_Init), (36 bytes).
    Removing event_handler.o(.rev16_text), (4 bytes).
    Removing event_handler.o(.revsh_text), (4 bytes).
    Removing event_handler.o(i.Scanning_Events), (356 bytes).
    Removing iic.o(.rev16_text), (4 bytes).
    Removing iic.o(.revsh_text), (4 bytes).
    Removing iic.o(i.iic_get_ack), (96 bytes).
    Removing iic.o(i.iic_io_init), (96 bytes).
    Removing iic.o(i.iic_rec_byte), (112 bytes).
    Removing iic.o(i.iic_send_ack), (92 bytes).
    Removing iic.o(i.iic_send_byte), (116 bytes).
    Removing iic.o(i.iic_start), (92 bytes).
    Removing iic.o(i.iic_stop), (80 bytes).
    Removing at24c02.o(.rev16_text), (4 bytes).
    Removing at24c02.o(.revsh_text), (4 bytes).
    Removing at24c02.o(i.at24c02_init), (8 bytes).
    Removing at24c02.o(i.at24c02_page_read), (126 bytes).
    Removing at24c02.o(i.at24c02_page_write), (132 bytes).
    Removing at24c02.o(i.at24c02_read_byte), (94 bytes).
    Removing at24c02.o(i.at24c02_skip_page_write), (74 bytes).
    Removing at24c02.o(i.at24c02_write_byte), (84 bytes).
    Removing at24c02.o(.data), (2 bytes).
    Removing spi.o(.rev16_text), (4 bytes).
    Removing spi.o(.revsh_text), (4 bytes).
    Removing spi.o(i.spi1_byte), (92 bytes).
    Removing spi.o(i.spi1_controller_TransmitReceive), (48 bytes).
    Removing spi.o(i.spi1_controller_init), (252 bytes).
    Removing spi.o(i.spi1_init), (196 bytes).
    Removing w25q64.o(.rev16_text), (4 bytes).
    Removing w25q64.o(.revsh_text), (4 bytes).
    Removing w25q64.o(i.W25Q64_BlockErase), (80 bytes).
    Removing w25q64.o(i.W25Q64_BlocksErase), (28 bytes).
    Removing w25q64.o(i.W25Q64_ChipErase), (56 bytes).
    Removing w25q64.o(i.W25Q64_Init), (120 bytes).
    Removing w25q64.o(i.W25Q64_ReadData), (88 bytes).
    Removing w25q64.o(i.W25Q64_ReadStatus), (48 bytes).
    Removing w25q64.o(i.W25Q64_SectorErase), (80 bytes).
    Removing w25q64.o(i.W25Q64_WriteEnable), (40 bytes).
    Removing w25q64.o(i.W25Q64_WriteStatus), (64 bytes).
    Removing w25q64.o(i.W25Q64_skip_page_write), (96 bytes).
    Removing w25q64.o(i.W25Q64_writePage), (204 bytes).
    Removing iwdg.o(.rev16_text), (4 bytes).
    Removing iwdg.o(.revsh_text), (4 bytes).
    Removing iwdg.o(i.iwdg_feed), (16 bytes).
    Removing iwdg.o(i.iwdg_init), (96 bytes).
    Removing rtc.o(.rev16_text), (4 bytes).
    Removing rtc.o(.revsh_text), (4 bytes).
    Removing rtc.o(i.in_bcd_out_dec), (20 bytes).
    Removing rtc.o(i.in_dec_out_bcd), (26 bytes).
    Removing rtc.o(i.rtc_get), (184 bytes).
    Removing rtc.o(i.rtc_init), (268 bytes).
    Removing rtc.o(i.rtc_set), (172 bytes).
    Removing dma.o(.rev16_text), (4 bytes).
    Removing dma.o(.revsh_text), (4 bytes).

155 unused section(s) (total 13014 bytes) removed from the image.

==============================================================================

Image Symbol Table

    Local Symbols

    Symbol Name                              Value     Ov Type        Size  Object(Section)

    ../clib/angel/boardlib.s                 0x00000000   Number         0  boardinit3.o ABSOLUTE
    ../clib/angel/boardlib.s                 0x00000000   Number         0  boardinit2.o ABSOLUTE
    ../clib/angel/boardlib.s                 0x00000000   Number         0  boardshut.o ABSOLUTE
    ../clib/angel/boardlib.s                 0x00000000   Number         0  boardinit1.o ABSOLUTE
    ../clib/angel/dclz77c.s                  0x00000000   Number         0  __dclz77c.o ABSOLUTE
    ../clib/angel/handlers.s                 0x00000000   Number         0  __scatter_zi.o ABSOLUTE
    ../clib/angel/kernel.s                   0x00000000   Number         0  __rtentry4.o ABSOLUTE
    ../clib/angel/kernel.s                   0x00000000   Number         0  rtexit.o ABSOLUTE
    ../clib/angel/kernel.s                   0x00000000   Number         0  rtexit2.o ABSOLUTE
    ../clib/angel/kernel.s                   0x00000000   Number         0  __rtentry.o ABSOLUTE
    ../clib/angel/kernel.s                   0x00000000   Number         0  __rtentry2.o ABSOLUTE
    ../clib/angel/rt.s                       0x00000000   Number         0  rt_locale_intlibspace.o ABSOLUTE
    ../clib/angel/rt.s                       0x00000000   Number         0  rt_locale.o ABSOLUTE
    ../clib/angel/rt.s                       0x00000000   Number         0  rt_raise.o ABSOLUTE
    ../clib/angel/scatter.s                  0x00000000   Number         0  __scatter.o ABSOLUTE
    ../clib/angel/startup.s                  0x00000000   Number         0  __main.o ABSOLUTE
    ../clib/angel/sys.s                      0x00000000   Number         0  use_no_semi.o ABSOLUTE
    ../clib/angel/sys.s                      0x00000000   Number         0  libspace.o ABSOLUTE
    ../clib/angel/sys.s                      0x00000000   Number         0  sys_stackheap_outer.o ABSOLUTE
    ../clib/angel/sys.s                      0x00000000   Number         0  indicate_semi.o ABSOLUTE
    ../clib/angel/sys.s                      0x00000000   Number         0  use_no_semi_2.o ABSOLUTE
    ../clib/angel/sysapp.c                   0x00000000   Number         0  sys_command.o ABSOLUTE
    ../clib/angel/sysapp.c                   0x00000000   Number         0  sys_wrch.o ABSOLUTE
    ../clib/armsys.c                         0x00000000   Number         0  argv_veneer.o ABSOLUTE
    ../clib/armsys.c                         0x00000000   Number         0  argv_veneer.o ABSOLUTE
    ../clib/armsys.c                         0x00000000   Number         0  no_argv.o ABSOLUTE
    ../clib/armsys.c                         0x00000000   Number         0  _get_argv_nomalloc.o ABSOLUTE
    ../clib/bigflt.c                         0x00000000   Number         0  bigflt0.o ABSOLUTE
    ../clib/btod.s                           0x00000000   Number         0  btod.o ABSOLUTE
    ../clib/heapalloc.c                      0x00000000   Number         0  hrguard.o ABSOLUTE
    ../clib/heapaux.c                        0x00000000   Number         0  heapauxi.o ABSOLUTE
    ../clib/libinit.s                        0x00000000   Number         0  libshutdown2.o ABSOLUTE
    ../clib/libinit.s                        0x00000000   Number         0  libinit2.o ABSOLUTE
    ../clib/libinit.s                        0x00000000   Number         0  libshutdown.o ABSOLUTE
    ../clib/libinit.s                        0x00000000   Number         0  libinit.o ABSOLUTE
    ../clib/locale.s                         0x00000000   Number         0  lc_numeric_c.o ABSOLUTE
    ../clib/longlong.s                       0x00000000   Number         0  lludiv10.o ABSOLUTE
    ../clib/memcpset.s                       0x00000000   Number         0  rt_memclr_w.o ABSOLUTE
    ../clib/memcpset.s                       0x00000000   Number         0  rt_memcpy_w.o ABSOLUTE
    ../clib/memcpset.s                       0x00000000   Number         0  strcmpv7m.o ABSOLUTE
    ../clib/misc.s                           0x00000000   Number         0  printf_stubs.o ABSOLUTE
    ../clib/printf.c                         0x00000000   Number         0  _printf_pad.o ABSOLUTE
    ../clib/printf.c                         0x00000000   Number         0  __printf.o ABSOLUTE
    ../clib/printf.c                         0x00000000   Number         0  _printf_str.o ABSOLUTE
    ../clib/printf.c                         0x00000000   Number         0  noretval__2printf.o ABSOLUTE
    ../clib/printf.c                         0x00000000   Number         0  __2printf.o ABSOLUTE
    ../clib/printf.c                         0x00000000   Number         0  __printf_ss.o ABSOLUTE
    ../clib/printf.c                         0x00000000   Number         0  __printf_flags.o ABSOLUTE
    ../clib/printf.c                         0x00000000   Number         0  _printf_hex_int_ll_ptr.o ABSOLUTE
    ../clib/printf.c                         0x00000000   Number         0  __printf_flags_ss_wp.o ABSOLUTE
    ../clib/printf.c                         0x00000000   Number         0  _printf_fp_infnan.o ABSOLUTE
    ../clib/printf.c                         0x00000000   Number         0  __printf_wp.o ABSOLUTE
    ../clib/printf.c                         0x00000000   Number         0  _printf_char_common.o ABSOLUTE
    ../clib/printf.c                         0x00000000   Number         0  __printf_nopercent.o ABSOLUTE
    ../clib/printf.c                         0x00000000   Number         0  _printf_hex_ll_ptr.o ABSOLUTE
    ../clib/printf.c                         0x00000000   Number         0  __printf_ss_wp.o ABSOLUTE
    ../clib/printf.c                         0x00000000   Number         0  _printf_hex_int_ptr.o ABSOLUTE
    ../clib/printf.c                         0x00000000   Number         0  __printf_flags_ss.o ABSOLUTE
    ../clib/printf.c                         0x00000000   Number         0  __printf_flags_wp.o ABSOLUTE
    ../clib/printf.c                         0x00000000   Number         0  _printf_hex_int_ll.o ABSOLUTE
    ../clib/printf.c                         0x00000000   Number         0  _printf_hex_int.o ABSOLUTE
    ../clib/printf.c                         0x00000000   Number         0  _printf_hex_ptr.o ABSOLUTE
    ../clib/printf.c                         0x00000000   Number         0  _printf_dec.o ABSOLUTE
    ../clib/printf.c                         0x00000000   Number         0  _printf_char_file.o ABSOLUTE
    ../clib/printf.c                         0x00000000   Number         0  _printf_char.o ABSOLUTE
    ../clib/printf.c                         0x00000000   Number         0  _printf_fp_dec.o ABSOLUTE
    ../clib/printf.c                         0x00000000   Number         0  _printf_intcommon.o ABSOLUTE
    ../clib/printf.c                         0x00000000   Number         0  _printf_hex_ll.o ABSOLUTE
    ../clib/printf_percent.s                 0x00000000   Number         0  _printf_percent.o ABSOLUTE
    ../clib/printf_percent.s                 0x00000000   Number         0  _printf_percent_end.o ABSOLUTE
    ../clib/printf_percent.s                 0x00000000   Number         0  _printf_s.o ABSOLUTE
    ../clib/printf_percent.s                 0x00000000   Number         0  _printf_u.o ABSOLUTE
    ../clib/printf_percent.s                 0x00000000   Number         0  _printf_f.o ABSOLUTE
    ../clib/printf_percent.s                 0x00000000   Number         0  _printf_d.o ABSOLUTE
    ../clib/printf_percent.s                 0x00000000   Number         0  _printf_x.o ABSOLUTE
    ../clib/signal.c                         0x00000000   Number         0  defsig_stak_inner.o ABSOLUTE
    ../clib/signal.c                         0x00000000   Number         0  defsig_rtred_inner.o ABSOLUTE
    ../clib/signal.c                         0x00000000   Number         0  defsig_fpe_inner.o ABSOLUTE
    ../clib/signal.c                         0x00000000   Number         0  defsig_abrt_inner.o ABSOLUTE
    ../clib/signal.c                         0x00000000   Number         0  __raise.o ABSOLUTE
    ../clib/signal.c                         0x00000000   Number         0  defsig_rtmem_inner.o ABSOLUTE
    ../clib/signal.c                         0x00000000   Number         0  defsig_exit.o ABSOLUTE
    ../clib/signal.c                         0x00000000   Number         0  defsig_rtmem_formal.o ABSOLUTE
    ../clib/signal.c                         0x00000000   Number         0  defsig_rtmem_outer.o ABSOLUTE
    ../clib/signal.c                         0x00000000   Number         0  defsig_general.o ABSOLUTE
    ../clib/signal.c                         0x00000000   Number         0  defsig_pvfn_inner.o ABSOLUTE
    ../clib/signal.c                         0x00000000   Number         0  defsig_other.o ABSOLUTE
    ../clib/signal.c                         0x00000000   Number         0  defsig_segv_inner.o ABSOLUTE
    ../clib/signal.c                         0x00000000   Number         0  defsig_cppl_inner.o ABSOLUTE
    ../clib/signal.s                         0x00000000   Number         0  defsig.o ABSOLUTE
    ../clib/stdio.c                          0x00000000   Number         0  ferror_locked.o ABSOLUTE
    ../clib/stdio.c                          0x00000000   Number         0  ferror.o ABSOLUTE
    ../clib/stdlib.c                         0x00000000   Number         0  exit.o ABSOLUTE
    ../clib/string.c                         0x00000000   Number         0  memcmp.o ABSOLUTE
    ../fplib/d2f.s                           0x00000000   Number         0  d2f.o ABSOLUTE
    ../fplib/daddsub.s                       0x00000000   Number         0  daddsub_clz.o ABSOLUTE
    ../fplib/ddiv.s                          0x00000000   Number         0  ddiv.o ABSOLUTE
    ../fplib/dfixu.s                         0x00000000   Number         0  dfixu.o ABSOLUTE
    ../fplib/dflt.s                          0x00000000   Number         0  dflt_clz.o ABSOLUTE
    ../fplib/dmul.s                          0x00000000   Number         0  dmul.o ABSOLUTE
    ../fplib/dnaninf.s                       0x00000000   Number         0  dnaninf.o ABSOLUTE
    ../fplib/dretinf.s                       0x00000000   Number         0  dretinf.o ABSOLUTE
    ../fplib/f2d.s                           0x00000000   Number         0  f2d.o ABSOLUTE
    ../fplib/fnaninf.s                       0x00000000   Number         0  fnaninf.o ABSOLUTE
    ../fplib/fpinit.s                        0x00000000   Number         0  fpinit.o ABSOLUTE
    ../fplib/fretinf.s                       0x00000000   Number         0  fretinf.o ABSOLUTE
    ../fplib/istatus.s                       0x00000000   Number         0  istatus.o ABSOLUTE
    ../fplib/printf1.s                       0x00000000   Number         0  printf1.o ABSOLUTE
    ../fplib/usenofp.s                       0x00000000   Number         0  usenofp.o ABSOLUTE
    ../mathlib/fpclassify.c                  0x00000000   Number         0  fpclassify.o ABSOLUTE
    STM32F4xx_DSP_StdPeriph_Lib_V1.4.0\Libraries\CMSIS\startup_stm32f40_41xxx.s 0x00000000   Number         0  startup_stm32f40_41xxx.o ABSOLUTE
    STM32F4xx_DSP_StdPeriph_Lib_V1.4.0\Libraries\CMSIS\system_stm32f4xx.c 0x00000000   Number         0  system_stm32f4xx.o ABSOLUTE
    STM32F4xx_DSP_StdPeriph_Lib_V1.4.0\\Libraries\\CMSIS\\system_stm32f4xx.c 0x00000000   Number         0  system_stm32f4xx.o ABSOLUTE
    dc.s                                     0x00000000   Number         0  dc.o ABSOLUTE
    user\\src\\BEEP.c                        0x00000000   Number         0  beep.o ABSOLUTE
    user\\src\\DMA.c                         0x00000000   Number         0  dma.o ABSOLUTE
    user\\src\\GeneralTim.c                  0x00000000   Number         0  generaltim.o ABSOLUTE
    user\\src\\LED.c                         0x00000000   Number         0  led.o ABSOLUTE
    user\\src\\RNG.c                         0x00000000   Number         0  rng.o ABSOLUTE
    user\\src\\adc.c                         0x00000000   Number         0  adc.o ABSOLUTE
    user\\src\\at24c02.c                     0x00000000   Number         0  at24c02.o ABSOLUTE
    user\\src\\baseTIM.c                     0x00000000   Number         0  basetim.o ABSOLUTE
    user\\src\\event_handler.c               0x00000000   Number         0  event_handler.o ABSOLUTE
    user\\src\\exti.c                        0x00000000   Number         0  exti.o ABSOLUTE
    user\\src\\fireCheck.c                   0x00000000   Number         0  firecheck.o ABSOLUTE
    user\\src\\functions.c                   0x00000000   Number         0  functions.o ABSOLUTE
    user\\src\\iic.c                         0x00000000   Number         0  iic.o ABSOLUTE
    user\\src\\iwdg.c                        0x00000000   Number         0  iwdg.o ABSOLUTE
    user\\src\\key.c                         0x00000000   Number         0  key.o ABSOLUTE
    user\\src\\mian.c                        0x00000000   Number         0  mian.o ABSOLUTE
    user\\src\\nvic.c                        0x00000000   Number         0  nvic.o ABSOLUTE
    user\\src\\redThink.c                    0x00000000   Number         0  redthink.o ABSOLUTE
    user\\src\\rtc.c                         0x00000000   Number         0  rtc.o ABSOLUTE
    user\\src\\selfprintf.c                  0x00000000   Number         0  selfprintf.o ABSOLUTE
    user\\src\\spi.c                         0x00000000   Number         0  spi.o ABSOLUTE
    user\\src\\systick.c                     0x00000000   Number         0  systick.o ABSOLUTE
    user\\src\\usart.c                       0x00000000   Number         0  usart.o ABSOLUTE
    user\\src\\w25q64.c                      0x00000000   Number         0  w25q64.o ABSOLUTE
    user\\src\\wang_time.c                   0x00000000   Number         0  wang_time.o ABSOLUTE
    user\src\BEEP.c                          0x00000000   Number         0  beep.o ABSOLUTE
    user\src\DMA.c                           0x00000000   Number         0  dma.o ABSOLUTE
    user\src\GeneralTim.c                    0x00000000   Number         0  generaltim.o ABSOLUTE
    user\src\LED.c                           0x00000000   Number         0  led.o ABSOLUTE
    user\src\RNG.c                           0x00000000   Number         0  rng.o ABSOLUTE
    user\src\adc.c                           0x00000000   Number         0  adc.o ABSOLUTE
    user\src\at24c02.c                       0x00000000   Number         0  at24c02.o ABSOLUTE
    user\src\baseTIM.c                       0x00000000   Number         0  basetim.o ABSOLUTE
    user\src\event_handler.c                 0x00000000   Number         0  event_handler.o ABSOLUTE
    user\src\exti.c                          0x00000000   Number         0  exti.o ABSOLUTE
    user\src\fireCheck.c                     0x00000000   Number         0  firecheck.o ABSOLUTE
    user\src\functions.c                     0x00000000   Number         0  functions.o ABSOLUTE
    user\src\iic.c                           0x00000000   Number         0  iic.o ABSOLUTE
    user\src\iwdg.c                          0x00000000   Number         0  iwdg.o ABSOLUTE
    user\src\key.c                           0x00000000   Number         0  key.o ABSOLUTE
    user\src\mian.c                          0x00000000   Number         0  mian.o ABSOLUTE
    user\src\nvic.c                          0x00000000   Number         0  nvic.o ABSOLUTE
    user\src\redThink.c                      0x00000000   Number         0  redthink.o ABSOLUTE
    user\src\rtc.c                           0x00000000   Number         0  rtc.o ABSOLUTE
    user\src\selfprintf.c                    0x00000000   Number         0  selfprintf.o ABSOLUTE
    user\src\spi.c                           0x00000000   Number         0  spi.o ABSOLUTE
    user\src\systick.c                       0x00000000   Number         0  systick.o ABSOLUTE
    user\src\usart.c                         0x00000000   Number         0  usart.o ABSOLUTE
    user\src\w25q64.c                        0x00000000   Number         0  w25q64.o ABSOLUTE
    user\src\wang_time.c                     0x00000000   Number         0  wang_time.o ABSOLUTE
    RESET                                    0x08000000   Section      392  startup_stm32f40_41xxx.o(RESET)
    !!!main                                  0x08000188   Section        8  __main.o(!!!main)
    !!!scatter                               0x08000190   Section       52  __scatter.o(!!!scatter)
    !!dclz77c                                0x080001c4   Section      100  __dclz77c.o(!!dclz77c)
    !!handler_zi                             0x08000228   Section       28  __scatter_zi.o(!!handler_zi)
    .ARM.Collect$$_printf_percent$$00000000  0x08000244   Section        0  _printf_percent.o(.ARM.Collect$$_printf_percent$$00000000)
    .ARM.Collect$$_printf_percent$$00000003  0x08000244   Section        6  _printf_f.o(.ARM.Collect$$_printf_percent$$00000003)
    .ARM.Collect$$_printf_percent$$00000009  0x0800024a   Section        6  _printf_d.o(.ARM.Collect$$_printf_percent$$00000009)
    .ARM.Collect$$_printf_percent$$00000014  0x08000250   Section        6  _printf_s.o(.ARM.Collect$$_printf_percent$$00000014)
    .ARM.Collect$$_printf_percent$$00000017  0x08000256   Section        4  _printf_percent_end.o(.ARM.Collect$$_printf_percent$$00000017)
    .ARM.Collect$$libinit$$00000000          0x0800025a   Section        2  libinit.o(.ARM.Collect$$libinit$$00000000)
    .ARM.Collect$$libinit$$00000001          0x0800025c   Section        4  libinit2.o(.ARM.Collect$$libinit$$00000001)
    .ARM.Collect$$libinit$$00000004          0x08000260   Section        0  libinit2.o(.ARM.Collect$$libinit$$00000004)
    .ARM.Collect$$libinit$$0000000A          0x08000260   Section        0  libinit2.o(.ARM.Collect$$libinit$$0000000A)
    .ARM.Collect$$libinit$$0000000C          0x08000260   Section        0  libinit2.o(.ARM.Collect$$libinit$$0000000C)
    .ARM.Collect$$libinit$$0000000E          0x08000260   Section        0  libinit2.o(.ARM.Collect$$libinit$$0000000E)
    .ARM.Collect$$libinit$$0000000F          0x08000260   Section        6  libinit2.o(.ARM.Collect$$libinit$$0000000F)
    .ARM.Collect$$libinit$$00000011          0x08000266   Section        0  libinit2.o(.ARM.Collect$$libinit$$00000011)
    .ARM.Collect$$libinit$$00000013          0x08000266   Section        0  libinit2.o(.ARM.Collect$$libinit$$00000013)
    .ARM.Collect$$libinit$$00000015          0x08000266   Section        0  libinit2.o(.ARM.Collect$$libinit$$00000015)
    .ARM.Collect$$libinit$$00000016          0x08000266   Section       10  libinit2.o(.ARM.Collect$$libinit$$00000016)
    .ARM.Collect$$libinit$$00000017          0x08000270   Section        0  libinit2.o(.ARM.Collect$$libinit$$00000017)
    .ARM.Collect$$libinit$$00000019          0x08000270   Section        0  libinit2.o(.ARM.Collect$$libinit$$00000019)
    .ARM.Collect$$libinit$$0000001B          0x08000270   Section        0  libinit2.o(.ARM.Collect$$libinit$$0000001B)
    .ARM.Collect$$libinit$$0000001D          0x08000270   Section        0  libinit2.o(.ARM.Collect$$libinit$$0000001D)
    .ARM.Collect$$libinit$$0000001F          0x08000270   Section        0  libinit2.o(.ARM.Collect$$libinit$$0000001F)
    .ARM.Collect$$libinit$$00000021          0x08000270   Section        0  libinit2.o(.ARM.Collect$$libinit$$00000021)
    .ARM.Collect$$libinit$$00000023          0x08000270   Section        0  libinit2.o(.ARM.Collect$$libinit$$00000023)
    .ARM.Collect$$libinit$$00000025          0x08000270   Section        0  libinit2.o(.ARM.Collect$$libinit$$00000025)
    .ARM.Collect$$libinit$$0000002C          0x08000270   Section        0  libinit2.o(.ARM.Collect$$libinit$$0000002C)
    .ARM.Collect$$libinit$$0000002E          0x08000270   Section        0  libinit2.o(.ARM.Collect$$libinit$$0000002E)
    .ARM.Collect$$libinit$$00000030          0x08000270   Section        0  libinit2.o(.ARM.Collect$$libinit$$00000030)
    .ARM.Collect$$libinit$$00000032          0x08000270   Section        0  libinit2.o(.ARM.Collect$$libinit$$00000032)
    .ARM.Collect$$libinit$$00000033          0x08000270   Section        2  libinit2.o(.ARM.Collect$$libinit$$00000033)
    .ARM.Collect$$libshutdown$$00000000      0x08000272   Section        2  libshutdown.o(.ARM.Collect$$libshutdown$$00000000)
    .ARM.Collect$$libshutdown$$00000002      0x08000274   Section        0  libshutdown2.o(.ARM.Collect$$libshutdown$$00000002)
    .ARM.Collect$$libshutdown$$00000004      0x08000274   Section        0  libshutdown2.o(.ARM.Collect$$libshutdown$$00000004)
    .ARM.Collect$$libshutdown$$00000007      0x08000274   Section        0  libshutdown2.o(.ARM.Collect$$libshutdown$$00000007)
    .ARM.Collect$$libshutdown$$0000000A      0x08000274   Section        0  libshutdown2.o(.ARM.Collect$$libshutdown$$0000000A)
    .ARM.Collect$$libshutdown$$0000000C      0x08000274   Section        0  libshutdown2.o(.ARM.Collect$$libshutdown$$0000000C)
    .ARM.Collect$$libshutdown$$0000000F      0x08000274   Section        0  libshutdown2.o(.ARM.Collect$$libshutdown$$0000000F)
    .ARM.Collect$$libshutdown$$00000010      0x08000274   Section        2  libshutdown2.o(.ARM.Collect$$libshutdown$$00000010)
    .ARM.Collect$$rtentry$$00000000          0x08000276   Section        0  __rtentry.o(.ARM.Collect$$rtentry$$00000000)
    .ARM.Collect$$rtentry$$00000002          0x08000276   Section        0  __rtentry2.o(.ARM.Collect$$rtentry$$00000002)
    .ARM.Collect$$rtentry$$00000004          0x08000276   Section        6  __rtentry4.o(.ARM.Collect$$rtentry$$00000004)
    .ARM.Collect$$rtentry$$00000009          0x0800027c   Section        0  __rtentry2.o(.ARM.Collect$$rtentry$$00000009)
    .ARM.Collect$$rtentry$$0000000A          0x0800027c   Section        4  __rtentry2.o(.ARM.Collect$$rtentry$$0000000A)
    .ARM.Collect$$rtentry$$0000000C          0x08000280   Section        0  __rtentry2.o(.ARM.Collect$$rtentry$$0000000C)
    .ARM.Collect$$rtentry$$0000000D          0x08000280   Section        8  __rtentry2.o(.ARM.Collect$$rtentry$$0000000D)
    .ARM.Collect$$rtexit$$00000000           0x08000288   Section        2  rtexit.o(.ARM.Collect$$rtexit$$00000000)
    .ARM.Collect$$rtexit$$00000002           0x0800028a   Section        0  rtexit2.o(.ARM.Collect$$rtexit$$00000002)
    .ARM.Collect$$rtexit$$00000003           0x0800028a   Section        4  rtexit2.o(.ARM.Collect$$rtexit$$00000003)
    .ARM.Collect$$rtexit$$00000004           0x0800028e   Section        6  rtexit2.o(.ARM.Collect$$rtexit$$00000004)
    .text                                    0x08000294   Section       64  startup_stm32f40_41xxx.o(.text)
    $v0                                      0x08000294   Number         0  startup_stm32f40_41xxx.o(.text)
    .text                                    0x080002d4   Section        2  use_no_semi_2.o(.text)
    .text                                    0x080002d8   Section        0  noretval__2printf.o(.text)
    .text                                    0x080002f0   Section        0  _printf_str.o(.text)
    .text                                    0x08000344   Section        0  _printf_dec.o(.text)
    .text                                    0x080003bc   Section        0  __printf_flags_ss_wp.o(.text)
    .text                                    0x08000544   Section      128  strcmpv7m.o(.text)
    .text                                    0x080005c4   Section        0  heapauxi.o(.text)
    .text                                    0x080005ca   Section        2  use_no_semi.o(.text)
    .text                                    0x080005cc   Section        0  _printf_intcommon.o(.text)
    .text                                    0x0800067e   Section        0  _printf_fp_dec.o(.text)
    _fp_digits                               0x08000681   Thumb Code   432  _printf_fp_dec.o(.text)
    .text                                    0x08000a9c   Section        0  _printf_char.o(.text)
    .text                                    0x08000ac8   Section        0  _printf_char_file.o(.text)
    .text                                    0x08000aec   Section        8  rt_locale_intlibspace.o(.text)
    .text                                    0x08000af4   Section      138  lludiv10.o(.text)
    .text                                    0x08000b80   Section        0  _printf_char_common.o(.text)
    _printf_input_char                       0x08000b81   Thumb Code    10  _printf_char_common.o(.text)
    .text                                    0x08000bb0   Section        0  _printf_fp_infnan.o(.text)
    .text                                    0x08000c30   Section        0  bigflt0.o(.text)
    .text                                    0x08000d14   Section        0  ferror.o(.text)
    .text                                    0x08000d1c   Section        8  libspace.o(.text)
    .text                                    0x08000d24   Section       74  sys_stackheap_outer.o(.text)
    .text                                    0x08000d6e   Section        0  exit.o(.text)
    CL$$btod_d2e                             0x08000d80   Section       62  btod.o(CL$$btod_d2e)
    CL$$btod_d2e_denorm_low                  0x08000dbe   Section       70  btod.o(CL$$btod_d2e_denorm_low)
    CL$$btod_d2e_norm_op1                    0x08000e04   Section       96  btod.o(CL$$btod_d2e_norm_op1)
    CL$$btod_div_common                      0x08000e64   Section      824  btod.o(CL$$btod_div_common)
    CL$$btod_e2e                             0x0800119c   Section      220  btod.o(CL$$btod_e2e)
    CL$$btod_ediv                            0x08001278   Section       42  btod.o(CL$$btod_ediv)
    CL$$btod_emul                            0x080012a2   Section       42  btod.o(CL$$btod_emul)
    CL$$btod_mult_common                     0x080012cc   Section      580  btod.o(CL$$btod_mult_common)
    i.ADC_IRQHandler                         0x08001510   Section        0  nvic.o(i.ADC_IRQHandler)
    i.EXTI9_5_IRQHandler                     0x0800174c   Section        0  nvic.o(i.EXTI9_5_IRQHandler)
    i.SR04_Start                             0x080017d0   Section        0  functions.o(i.SR04_Start)
    i.SetSysClock                            0x080017f8   Section        0  system_stm32f4xx.o(i.SetSysClock)
    SetSysClock                              0x080017f9   Thumb Code   220  system_stm32f4xx.o(i.SetSysClock)
    i.SysTick_Handler                        0x080018e4   Section        0  nvic.o(i.SysTick_Handler)
    i.SystemInit                             0x08001934   Section        0  system_stm32f4xx.o(i.SystemInit)
    i.TIM4_IRQHandler                        0x0800199c   Section        0  nvic.o(i.TIM4_IRQHandler)
    i.TIM5_IRQHandler                        0x08001b0c   Section        0  nvic.o(i.TIM5_IRQHandler)
    i.TIM6_DAC_IRQHandler                    0x08001c0c   Section        0  nvic.o(i.TIM6_DAC_IRQHandler)
    i.TIM7_IRQHandler                        0x08001c6c   Section        0  nvic.o(i.TIM7_IRQHandler)
    i.USART1_IRQHandler                      0x08001f88   Section        0  nvic.o(i.USART1_IRQHandler)
    i.__ARM_fpclassify                       0x08001ff4   Section        0  fpclassify.o(i.__ARM_fpclassify)
    i._is_digit                              0x08002024   Section        0  __printf_wp.o(i._is_digit)
    i._sys_exit                              0x08002032   Section        0  selfprintf.o(i._sys_exit)
    i.adc1_PC2_ch12_get                      0x08002038   Section        0  adc.o(i.adc1_PC2_ch12_get)
    i.adc2_PC0_ch10_get                      0x08002060   Section        0  adc.o(i.adc2_PC0_ch10_get)
    i.baseTim6Delay_Ms                       0x08002094   Section        0  wang_time.o(i.baseTim6Delay_Ms)
    i.baseTim6Delay_Us                       0x0800210c   Section        0  wang_time.o(i.baseTim6Delay_Us)
    i.beepInit                               0x0800217c   Section        0  beep.o(i.beepInit)
    i.changeColorRandomly                    0x080021e4   Section        0  functions.o(i.changeColorRandomly)
    i.closeAllLed                            0x08002228   Section        0  led.o(i.closeAllLed)
    i.delay_ms                               0x08002258   Section        0  wang_time.o(i.delay_ms)
    i.dmaToUsart1                            0x0800226c   Section        0  dma.o(i.dmaToUsart1)
    i.fputc                                  0x08002334   Section        0  selfprintf.o(i.fputc)
    i.getRandomNumber                        0x08002350   Section        0  rng.o(i.getRandomNumber)
    i.ledX_off                               0x0800236c   Section        0  led.o(i.ledX_off)
    i.ledX_on                                0x080023bc   Section        0  led.o(i.ledX_on)
    i.main                                   0x0800240c   Section        0  mian.o(i.main)
    i.usart1Init                             0x08002470   Section        0  usart.o(i.usart1Init)
    locale$$code                             0x08002530   Section       44  lc_numeric_c.o(locale$$code)
    x$fpl$d2f                                0x0800255c   Section       98  d2f.o(x$fpl$d2f)
    $v0                                      0x0800255c   Number         0  d2f.o(x$fpl$d2f)
    x$fpl$dadd                               0x080025c0   Section      336  daddsub_clz.o(x$fpl$dadd)
    $v0                                      0x080025c0   Number         0  daddsub_clz.o(x$fpl$dadd)
    _dadd1                                   0x080025d1   Thumb Code     0  daddsub_clz.o(x$fpl$dadd)
    x$fpl$ddiv                               0x08002710   Section      688  ddiv.o(x$fpl$ddiv)
    $v0                                      0x08002710   Number         0  ddiv.o(x$fpl$ddiv)
    ddiv_entry                               0x08002717   Thumb Code     0  ddiv.o(x$fpl$ddiv)
    x$fpl$dfixu                              0x080029c0   Section       90  dfixu.o(x$fpl$dfixu)
    $v0                                      0x080029c0   Number         0  dfixu.o(x$fpl$dfixu)
    x$fpl$dflt                               0x08002a1a   Section       46  dflt_clz.o(x$fpl$dflt)
    $v0                                      0x08002a1a   Number         0  dflt_clz.o(x$fpl$dflt)
    x$fpl$dfltu                              0x08002a48   Section       38  dflt_clz.o(x$fpl$dfltu)
    $v0                                      0x08002a48   Number         0  dflt_clz.o(x$fpl$dfltu)
    x$fpl$dmul                               0x08002a70   Section      340  dmul.o(x$fpl$dmul)
    $v0                                      0x08002a70   Number         0  dmul.o(x$fpl$dmul)
    x$fpl$dnaninf                            0x08002bc4   Section      156  dnaninf.o(x$fpl$dnaninf)
    $v0                                      0x08002bc4   Number         0  dnaninf.o(x$fpl$dnaninf)
    x$fpl$dretinf                            0x08002c60   Section       12  dretinf.o(x$fpl$dretinf)
    $v0                                      0x08002c60   Number         0  dretinf.o(x$fpl$dretinf)
    x$fpl$dsub                               0x08002c6c   Section      468  daddsub_clz.o(x$fpl$dsub)
    $v0                                      0x08002c6c   Number         0  daddsub_clz.o(x$fpl$dsub)
    _dsub1                                   0x08002c7d   Thumb Code     0  daddsub_clz.o(x$fpl$dsub)
    x$fpl$f2d                                0x08002e40   Section       86  f2d.o(x$fpl$f2d)
    $v0                                      0x08002e40   Number         0  f2d.o(x$fpl$f2d)
    x$fpl$fnaninf                            0x08002e96   Section      140  fnaninf.o(x$fpl$fnaninf)
    $v0                                      0x08002e96   Number         0  fnaninf.o(x$fpl$fnaninf)
    x$fpl$fpinit                             0x08002f22   Section       10  fpinit.o(x$fpl$fpinit)
    $v0                                      0x08002f22   Number         0  fpinit.o(x$fpl$fpinit)
    x$fpl$fretinf                            0x08002f2c   Section       10  fretinf.o(x$fpl$fretinf)
    $v0                                      0x08002f2c   Number         0  fretinf.o(x$fpl$fretinf)
    x$fpl$printf1                            0x08002f36   Section        4  printf1.o(x$fpl$printf1)
    $v0                                      0x08002f36   Number         0  printf1.o(x$fpl$printf1)
    .constdata                               0x08002f3a   Section       17  __printf_flags_ss_wp.o(.constdata)
    x$fpl$usenofp                            0x08002f3a   Section        0  usenofp.o(x$fpl$usenofp)
    maptable                                 0x08002f3a   Data          17  __printf_flags_ss_wp.o(.constdata)
    .constdata                               0x08002f4c   Section      148  bigflt0.o(.constdata)
    tenpwrs_x                                0x08002f4c   Data          60  bigflt0.o(.constdata)
    tenpwrs_i                                0x08002f88   Data          64  bigflt0.o(.constdata)
    locale$$data                             0x08003000   Section       28  lc_numeric_c.o(locale$$data)
    __lcnum_c_name                           0x08003004   Data           2  lc_numeric_c.o(locale$$data)
    __lcnum_c_start                          0x0800300c   Data           0  lc_numeric_c.o(locale$$data)
    __lcnum_c_point                          0x08003018   Data           0  lc_numeric_c.o(locale$$data)
    __lcnum_c_thousands                      0x0800301a   Data           0  lc_numeric_c.o(locale$$data)
    __lcnum_c_grouping                       0x0800301b   Data           0  lc_numeric_c.o(locale$$data)
    __lcnum_c_end                            0x0800301c   Data           0  lc_numeric_c.o(locale$$data)
    .data                                    0x20000000   Section     9585  mian.o(.data)
    .data                                    0x20002574   Section       32  nvic.o(.data)
    extiFlag                                 0x2000257f   Data           1  nvic.o(.data)
    ledBreathFlag                            0x20002580   Data           1  nvic.o(.data)
    ledNum                                   0x20002581   Data           1  nvic.o(.data)
    time_n                                   0x20002582   Data           2  nvic.o(.data)
    test_1                                   0x20002584   Data           2  nvic.o(.data)
    time_n                                   0x20002586   Data           2  nvic.o(.data)
    test_1                                   0x20002588   Data           2  nvic.o(.data)
    count                                    0x2000258a   Data           1  nvic.o(.data)
    val                                      0x2000258c   Data           8  nvic.o(.data)
    .data                                    0x20002594   Section        4  selfprintf.o(.data)
    .data                                    0x20002598   Section        1  functions.o(.data)
    .bss                                     0x2000259c   Section      160  nvic.o(.bss)
    .bss                                     0x2000263c   Section       96  libspace.o(.bss)
    HEAP                                     0x200026a0   Section      512  startup_stm32f40_41xxx.o(HEAP)
    Heap_Mem                                 0x200026a0   Data         512  startup_stm32f40_41xxx.o(HEAP)
    STACK                                    0x200028a0   Section     1024  startup_stm32f40_41xxx.o(STACK)
    Stack_Mem                                0x200028a0   Data        1024  startup_stm32f40_41xxx.o(STACK)
    __initial_sp                             0x20002ca0   Data           0  startup_stm32f40_41xxx.o(STACK)

    Global Symbols

    Symbol Name                              Value     Ov Type        Size  Object(Section)

    BuildAttributes$$THM_ISAv4$E$P$D$K$B$S$7EM$VFPi3$EXTD16$VFPS$VFMA$PE$A:L22UL41UL21$X:L11$S22US41US21$IEEE1$IW$USESV6$~STKCKD$USESV7$~SHL$OTIME$ROPI$IEEEJ$EBA8$UX$STANDARDLIB$REQ8$PRES8$EABIv2 0x00000000   Number         0  anon$$obj.o ABSOLUTE
    __ARM_use_no_argv                        0x00000000   Number         0  mian.o ABSOLUTE
    _printf_flags                            0x00000000   Number         0  printf_stubs.o ABSOLUTE
    _printf_return_value                     0x00000000   Number         0  printf_stubs.o ABSOLUTE
    _printf_sizespec                         0x00000000   Number         0  printf_stubs.o ABSOLUTE
    _printf_widthprec                        0x00000000   Number         0  printf_stubs.o ABSOLUTE
    __ARM_exceptions_init                     - Undefined Weak Reference
    __alloca_initialize                       - Undefined Weak Reference
    __arm_preinit_                            - Undefined Weak Reference
    __cpp_initialize__aeabi_                  - Undefined Weak Reference
    __cxa_finalize                            - Undefined Weak Reference
    __sigvec_lookup                           - Undefined Weak Reference
    _atexit_init                              - Undefined Weak Reference
    _call_atexit_fns                          - Undefined Weak Reference
    _clock_init                               - Undefined Weak Reference
    _fp_trap_init                             - Undefined Weak Reference
    _fp_trap_shutdown                         - Undefined Weak Reference
    _get_lc_collate                           - Undefined Weak Reference
    _get_lc_ctype                             - Undefined Weak Reference
    _get_lc_monetary                          - Undefined Weak Reference
    _get_lc_time                              - Undefined Weak Reference
    _getenv_init                              - Undefined Weak Reference
    _handle_redirection                       - Undefined Weak Reference
    _init_alloc                               - Undefined Weak Reference
    _init_user_alloc                          - Undefined Weak Reference
    _initio                                   - Undefined Weak Reference
    _mutex_acquire                            - Undefined Weak Reference
    _mutex_release                            - Undefined Weak Reference
    _printf_mbtowc                            - Undefined Weak Reference
    _printf_truncate_signed                   - Undefined Weak Reference
    _printf_truncate_unsigned                 - Undefined Weak Reference
    _rand_init                                - Undefined Weak Reference
    _signal_finish                            - Undefined Weak Reference
    _signal_init                              - Undefined Weak Reference
    _terminate_alloc                          - Undefined Weak Reference
    _terminate_user_alloc                     - Undefined Weak Reference
    _terminateio                              - Undefined Weak Reference
    __Vectors_Size                           0x00000188   Number         0  startup_stm32f40_41xxx.o ABSOLUTE
    __Vectors                                0x08000000   Data           4  startup_stm32f40_41xxx.o(RESET)
    __Vectors_End                            0x08000188   Data           0  startup_stm32f40_41xxx.o(RESET)
    __main                                   0x08000189   Thumb Code     8  __main.o(!!!main)
    __scatterload                            0x08000191   Thumb Code     0  __scatter.o(!!!scatter)
    __scatterload_rt2                        0x08000191   Thumb Code    44  __scatter.o(!!!scatter)
    __scatterload_rt2_thumb_only             0x08000191   Thumb Code     0  __scatter.o(!!!scatter)
    __scatterload_null                       0x0800019f   Thumb Code     0  __scatter.o(!!!scatter)
    __decompress                             0x080001c5   Thumb Code   100  __dclz77c.o(!!dclz77c)
    __decompress2                            0x080001c5   Thumb Code     0  __dclz77c.o(!!dclz77c)
    __scatterload_zeroinit                   0x08000229   Thumb Code    28  __scatter_zi.o(!!handler_zi)
    _printf_f                                0x08000245   Thumb Code     0  _printf_f.o(.ARM.Collect$$_printf_percent$$00000003)
    _printf_percent                          0x08000245   Thumb Code     0  _printf_percent.o(.ARM.Collect$$_printf_percent$$00000000)
    _printf_d                                0x0800024b   Thumb Code     0  _printf_d.o(.ARM.Collect$$_printf_percent$$00000009)
    _printf_s                                0x08000251   Thumb Code     0  _printf_s.o(.ARM.Collect$$_printf_percent$$00000014)
    _printf_percent_end                      0x08000257   Thumb Code     0  _printf_percent_end.o(.ARM.Collect$$_printf_percent$$00000017)
    __rt_lib_init                            0x0800025b   Thumb Code     0  libinit.o(.ARM.Collect$$libinit$$00000000)
    __rt_lib_init_fp_1                       0x0800025d   Thumb Code     0  libinit2.o(.ARM.Collect$$libinit$$00000001)
    __rt_lib_init_heap_1                     0x08000261   Thumb Code     0  libinit2.o(.ARM.Collect$$libinit$$0000000A)
    __rt_lib_init_lc_common                  0x08000261   Thumb Code     0  libinit2.o(.ARM.Collect$$libinit$$0000000F)
    __rt_lib_init_preinit_1                  0x08000261   Thumb Code     0  libinit2.o(.ARM.Collect$$libinit$$00000004)
    __rt_lib_init_rand_1                     0x08000261   Thumb Code     0  libinit2.o(.ARM.Collect$$libinit$$0000000E)
    __rt_lib_init_user_alloc_1               0x08000261   Thumb Code     0  libinit2.o(.ARM.Collect$$libinit$$0000000C)
    __rt_lib_init_lc_collate_1               0x08000267   Thumb Code     0  libinit2.o(.ARM.Collect$$libinit$$00000011)
    __rt_lib_init_lc_ctype_1                 0x08000267   Thumb Code     0  libinit2.o(.ARM.Collect$$libinit$$00000013)
    __rt_lib_init_lc_monetary_1              0x08000267   Thumb Code     0  libinit2.o(.ARM.Collect$$libinit$$00000015)
    __rt_lib_init_lc_numeric_2               0x08000267   Thumb Code     0  libinit2.o(.ARM.Collect$$libinit$$00000016)
    __rt_lib_init_alloca_1                   0x08000271   Thumb Code     0  libinit2.o(.ARM.Collect$$libinit$$0000002E)
    __rt_lib_init_argv_1                     0x08000271   Thumb Code     0  libinit2.o(.ARM.Collect$$libinit$$0000002C)
    __rt_lib_init_atexit_1                   0x08000271   Thumb Code     0  libinit2.o(.ARM.Collect$$libinit$$0000001B)
    __rt_lib_init_clock_1                    0x08000271   Thumb Code     0  libinit2.o(.ARM.Collect$$libinit$$00000021)
    __rt_lib_init_cpp_1                      0x08000271   Thumb Code     0  libinit2.o(.ARM.Collect$$libinit$$00000032)
    __rt_lib_init_exceptions_1               0x08000271   Thumb Code     0  libinit2.o(.ARM.Collect$$libinit$$00000030)
    __rt_lib_init_fp_trap_1                  0x08000271   Thumb Code     0  libinit2.o(.ARM.Collect$$libinit$$0000001F)
    __rt_lib_init_getenv_1                   0x08000271   Thumb Code     0  libinit2.o(.ARM.Collect$$libinit$$00000023)
    __rt_lib_init_lc_numeric_1               0x08000271   Thumb Code     0  libinit2.o(.ARM.Collect$$libinit$$00000017)
    __rt_lib_init_lc_time_1                  0x08000271   Thumb Code     0  libinit2.o(.ARM.Collect$$libinit$$00000019)
    __rt_lib_init_return                     0x08000271   Thumb Code     0  libinit2.o(.ARM.Collect$$libinit$$00000033)
    __rt_lib_init_signal_1                   0x08000271   Thumb Code     0  libinit2.o(.ARM.Collect$$libinit$$0000001D)
    __rt_lib_init_stdio_1                    0x08000271   Thumb Code     0  libinit2.o(.ARM.Collect$$libinit$$00000025)
    __rt_lib_shutdown                        0x08000273   Thumb Code     0  libshutdown.o(.ARM.Collect$$libshutdown$$00000000)
    __rt_lib_shutdown_cpp_1                  0x08000275   Thumb Code     0  libshutdown2.o(.ARM.Collect$$libshutdown$$00000002)
    __rt_lib_shutdown_fp_trap_1              0x08000275   Thumb Code     0  libshutdown2.o(.ARM.Collect$$libshutdown$$00000007)
    __rt_lib_shutdown_heap_1                 0x08000275   Thumb Code     0  libshutdown2.o(.ARM.Collect$$libshutdown$$0000000F)
    __rt_lib_shutdown_return                 0x08000275   Thumb Code     0  libshutdown2.o(.ARM.Collect$$libshutdown$$00000010)
    __rt_lib_shutdown_signal_1               0x08000275   Thumb Code     0  libshutdown2.o(.ARM.Collect$$libshutdown$$0000000A)
    __rt_lib_shutdown_stdio_1                0x08000275   Thumb Code     0  libshutdown2.o(.ARM.Collect$$libshutdown$$00000004)
    __rt_lib_shutdown_user_alloc_1           0x08000275   Thumb Code     0  libshutdown2.o(.ARM.Collect$$libshutdown$$0000000C)
    __rt_entry                               0x08000277   Thumb Code     0  __rtentry.o(.ARM.Collect$$rtentry$$00000000)
    __rt_entry_presh_1                       0x08000277   Thumb Code     0  __rtentry2.o(.ARM.Collect$$rtentry$$00000002)
    __rt_entry_sh                            0x08000277   Thumb Code     0  __rtentry4.o(.ARM.Collect$$rtentry$$00000004)
    __rt_entry_li                            0x0800027d   Thumb Code     0  __rtentry2.o(.ARM.Collect$$rtentry$$0000000A)
    __rt_entry_postsh_1                      0x0800027d   Thumb Code     0  __rtentry2.o(.ARM.Collect$$rtentry$$00000009)
    __rt_entry_main                          0x08000281   Thumb Code     0  __rtentry2.o(.ARM.Collect$$rtentry$$0000000D)
    __rt_entry_postli_1                      0x08000281   Thumb Code     0  __rtentry2.o(.ARM.Collect$$rtentry$$0000000C)
    __rt_exit                                0x08000289   Thumb Code     0  rtexit.o(.ARM.Collect$$rtexit$$00000000)
    __rt_exit_ls                             0x0800028b   Thumb Code     0  rtexit2.o(.ARM.Collect$$rtexit$$00000003)
    __rt_exit_prels_1                        0x0800028b   Thumb Code     0  rtexit2.o(.ARM.Collect$$rtexit$$00000002)
    __rt_exit_exit                           0x0800028f   Thumb Code     0  rtexit2.o(.ARM.Collect$$rtexit$$00000004)
    Reset_Handler                            0x08000295   Thumb Code     8  startup_stm32f40_41xxx.o(.text)
    NMI_Handler                              0x0800029d   Thumb Code     2  startup_stm32f40_41xxx.o(.text)
    HardFault_Handler                        0x0800029f   Thumb Code     2  startup_stm32f40_41xxx.o(.text)
    MemManage_Handler                        0x080002a1   Thumb Code     2  startup_stm32f40_41xxx.o(.text)
    BusFault_Handler                         0x080002a3   Thumb Code     2  startup_stm32f40_41xxx.o(.text)
    UsageFault_Handler                       0x080002a5   Thumb Code     2  startup_stm32f40_41xxx.o(.text)
    SVC_Handler                              0x080002a7   Thumb Code     2  startup_stm32f40_41xxx.o(.text)
    DebugMon_Handler                         0x080002a9   Thumb Code     2  startup_stm32f40_41xxx.o(.text)
    PendSV_Handler                           0x080002ab   Thumb Code     2  startup_stm32f40_41xxx.o(.text)
    CAN1_RX0_IRQHandler                      0x080002af   Thumb Code     0  startup_stm32f40_41xxx.o(.text)
    CAN1_RX1_IRQHandler                      0x080002af   Thumb Code     0  startup_stm32f40_41xxx.o(.text)
    CAN1_SCE_IRQHandler                      0x080002af   Thumb Code     0  startup_stm32f40_41xxx.o(.text)
    CAN1_TX_IRQHandler                       0x080002af   Thumb Code     0  startup_stm32f40_41xxx.o(.text)
    CAN2_RX0_IRQHandler                      0x080002af   Thumb Code     0  startup_stm32f40_41xxx.o(.text)
    CAN2_RX1_IRQHandler                      0x080002af   Thumb Code     0  startup_stm32f40_41xxx.o(.text)
    CAN2_SCE_IRQHandler                      0x080002af   Thumb Code     0  startup_stm32f40_41xxx.o(.text)
    CAN2_TX_IRQHandler                       0x080002af   Thumb Code     0  startup_stm32f40_41xxx.o(.text)
    CRYP_IRQHandler                          0x080002af   Thumb Code     0  startup_stm32f40_41xxx.o(.text)
    DCMI_IRQHandler                          0x080002af   Thumb Code     0  startup_stm32f40_41xxx.o(.text)
    DMA1_Stream0_IRQHandler                  0x080002af   Thumb Code     0  startup_stm32f40_41xxx.o(.text)
    DMA1_Stream1_IRQHandler                  0x080002af   Thumb Code     0  startup_stm32f40_41xxx.o(.text)
    DMA1_Stream2_IRQHandler                  0x080002af   Thumb Code     0  startup_stm32f40_41xxx.o(.text)
    DMA1_Stream3_IRQHandler                  0x080002af   Thumb Code     0  startup_stm32f40_41xxx.o(.text)
    DMA1_Stream4_IRQHandler                  0x080002af   Thumb Code     0  startup_stm32f40_41xxx.o(.text)
    DMA1_Stream5_IRQHandler                  0x080002af   Thumb Code     0  startup_stm32f40_41xxx.o(.text)
    DMA1_Stream6_IRQHandler                  0x080002af   Thumb Code     0  startup_stm32f40_41xxx.o(.text)
    DMA1_Stream7_IRQHandler                  0x080002af   Thumb Code     0  startup_stm32f40_41xxx.o(.text)
    DMA2_Stream0_IRQHandler                  0x080002af   Thumb Code     0  startup_stm32f40_41xxx.o(.text)
    DMA2_Stream1_IRQHandler                  0x080002af   Thumb Code     0  startup_stm32f40_41xxx.o(.text)
    DMA2_Stream2_IRQHandler                  0x080002af   Thumb Code     0  startup_stm32f40_41xxx.o(.text)
    DMA2_Stream3_IRQHandler                  0x080002af   Thumb Code     0  startup_stm32f40_41xxx.o(.text)
    DMA2_Stream4_IRQHandler                  0x080002af   Thumb Code     0  startup_stm32f40_41xxx.o(.text)
    DMA2_Stream5_IRQHandler                  0x080002af   Thumb Code     0  startup_stm32f40_41xxx.o(.text)
    DMA2_Stream6_IRQHandler                  0x080002af   Thumb Code     0  startup_stm32f40_41xxx.o(.text)
    DMA2_Stream7_IRQHandler                  0x080002af   Thumb Code     0  startup_stm32f40_41xxx.o(.text)
    ETH_IRQHandler                           0x080002af   Thumb Code     0  startup_stm32f40_41xxx.o(.text)
    ETH_WKUP_IRQHandler                      0x080002af   Thumb Code     0  startup_stm32f40_41xxx.o(.text)
    EXTI0_IRQHandler                         0x080002af   Thumb Code     0  startup_stm32f40_41xxx.o(.text)
    EXTI15_10_IRQHandler                     0x080002af   Thumb Code     0  startup_stm32f40_41xxx.o(.text)
    EXTI1_IRQHandler                         0x080002af   Thumb Code     0  startup_stm32f40_41xxx.o(.text)
    EXTI2_IRQHandler                         0x080002af   Thumb Code     0  startup_stm32f40_41xxx.o(.text)
    EXTI3_IRQHandler                         0x080002af   Thumb Code     0  startup_stm32f40_41xxx.o(.text)
    EXTI4_IRQHandler                         0x080002af   Thumb Code     0  startup_stm32f40_41xxx.o(.text)
    FLASH_IRQHandler                         0x080002af   Thumb Code     0  startup_stm32f40_41xxx.o(.text)
    FPU_IRQHandler                           0x080002af   Thumb Code     0  startup_stm32f40_41xxx.o(.text)
    FSMC_IRQHandler                          0x080002af   Thumb Code     0  startup_stm32f40_41xxx.o(.text)
    HASH_RNG_IRQHandler                      0x080002af   Thumb Code     0  startup_stm32f40_41xxx.o(.text)
    I2C1_ER_IRQHandler                       0x080002af   Thumb Code     0  startup_stm32f40_41xxx.o(.text)
    I2C1_EV_IRQHandler                       0x080002af   Thumb Code     0  startup_stm32f40_41xxx.o(.text)
    I2C2_ER_IRQHandler                       0x080002af   Thumb Code     0  startup_stm32f40_41xxx.o(.text)
    I2C2_EV_IRQHandler                       0x080002af   Thumb Code     0  startup_stm32f40_41xxx.o(.text)
    I2C3_ER_IRQHandler                       0x080002af   Thumb Code     0  startup_stm32f40_41xxx.o(.text)
    I2C3_EV_IRQHandler                       0x080002af   Thumb Code     0  startup_stm32f40_41xxx.o(.text)
    OTG_FS_IRQHandler                        0x080002af   Thumb Code     0  startup_stm32f40_41xxx.o(.text)
    OTG_FS_WKUP_IRQHandler                   0x080002af   Thumb Code     0  startup_stm32f40_41xxx.o(.text)
    OTG_HS_EP1_IN_IRQHandler                 0x080002af   Thumb Code     0  startup_stm32f40_41xxx.o(.text)
    OTG_HS_EP1_OUT_IRQHandler                0x080002af   Thumb Code     0  startup_stm32f40_41xxx.o(.text)
    OTG_HS_IRQHandler                        0x080002af   Thumb Code     0  startup_stm32f40_41xxx.o(.text)
    OTG_HS_WKUP_IRQHandler                   0x080002af   Thumb Code     0  startup_stm32f40_41xxx.o(.text)
    PVD_IRQHandler                           0x080002af   Thumb Code     0  startup_stm32f40_41xxx.o(.text)
    RCC_IRQHandler                           0x080002af   Thumb Code     0  startup_stm32f40_41xxx.o(.text)
    RTC_Alarm_IRQHandler                     0x080002af   Thumb Code     0  startup_stm32f40_41xxx.o(.text)
    RTC_WKUP_IRQHandler                      0x080002af   Thumb Code     0  startup_stm32f40_41xxx.o(.text)
    SDIO_IRQHandler                          0x080002af   Thumb Code     0  startup_stm32f40_41xxx.o(.text)
    SPI1_IRQHandler                          0x080002af   Thumb Code     0  startup_stm32f40_41xxx.o(.text)
    SPI2_IRQHandler                          0x080002af   Thumb Code     0  startup_stm32f40_41xxx.o(.text)
    SPI3_IRQHandler                          0x080002af   Thumb Code     0  startup_stm32f40_41xxx.o(.text)
    TAMP_STAMP_IRQHandler                    0x080002af   Thumb Code     0  startup_stm32f40_41xxx.o(.text)
    TIM1_BRK_TIM9_IRQHandler                 0x080002af   Thumb Code     0  startup_stm32f40_41xxx.o(.text)
    TIM1_CC_IRQHandler                       0x080002af   Thumb Code     0  startup_stm32f40_41xxx.o(.text)
    TIM1_TRG_COM_TIM11_IRQHandler            0x080002af   Thumb Code     0  startup_stm32f40_41xxx.o(.text)
    TIM1_UP_TIM10_IRQHandler                 0x080002af   Thumb Code     0  startup_stm32f40_41xxx.o(.text)
    TIM2_IRQHandler                          0x080002af   Thumb Code     0  startup_stm32f40_41xxx.o(.text)
    TIM3_IRQHandler                          0x080002af   Thumb Code     0  startup_stm32f40_41xxx.o(.text)
    TIM8_BRK_TIM12_IRQHandler                0x080002af   Thumb Code     0  startup_stm32f40_41xxx.o(.text)
    TIM8_CC_IRQHandler                       0x080002af   Thumb Code     0  startup_stm32f40_41xxx.o(.text)
    TIM8_TRG_COM_TIM14_IRQHandler            0x080002af   Thumb Code     0  startup_stm32f40_41xxx.o(.text)
    TIM8_UP_TIM13_IRQHandler                 0x080002af   Thumb Code     0  startup_stm32f40_41xxx.o(.text)
    UART4_IRQHandler                         0x080002af   Thumb Code     0  startup_stm32f40_41xxx.o(.text)
    UART5_IRQHandler                         0x080002af   Thumb Code     0  startup_stm32f40_41xxx.o(.text)
    USART2_IRQHandler                        0x080002af   Thumb Code     0  startup_stm32f40_41xxx.o(.text)
    USART3_IRQHandler                        0x080002af   Thumb Code     0  startup_stm32f40_41xxx.o(.text)
    USART6_IRQHandler                        0x080002af   Thumb Code     0  startup_stm32f40_41xxx.o(.text)
    WWDG_IRQHandler                          0x080002af   Thumb Code     0  startup_stm32f40_41xxx.o(.text)
    __user_initial_stackheap                 0x080002b1   Thumb Code     0  startup_stm32f40_41xxx.o(.text)
    __use_no_semihosting                     0x080002d5   Thumb Code     2  use_no_semi_2.o(.text)
    __2printf                                0x080002d9   Thumb Code    20  noretval__2printf.o(.text)
    _printf_str                              0x080002f1   Thumb Code    82  _printf_str.o(.text)
    _printf_int_dec                          0x08000345   Thumb Code   104  _printf_dec.o(.text)
    __printf                                 0x080003bd   Thumb Code   388  __printf_flags_ss_wp.o(.text)
    strcmp                                   0x08000545   Thumb Code   128  strcmpv7m.o(.text)
    __use_two_region_memory                  0x080005c5   Thumb Code     2  heapauxi.o(.text)
    __rt_heap_escrow$2region                 0x080005c7   Thumb Code     2  heapauxi.o(.text)
    __rt_heap_expand$2region                 0x080005c9   Thumb Code     2  heapauxi.o(.text)
    __I$use$semihosting                      0x080005cb   Thumb Code     0  use_no_semi.o(.text)
    __use_no_semihosting_swi                 0x080005cb   Thumb Code     2  use_no_semi.o(.text)
    _printf_int_common                       0x080005cd   Thumb Code   178  _printf_intcommon.o(.text)
    __lib_sel_fp_printf                      0x0800067f   Thumb Code     2  _printf_fp_dec.o(.text)
    _printf_fp_dec_real                      0x08000831   Thumb Code   620  _printf_fp_dec.o(.text)
    _printf_cs_common                        0x08000a9d   Thumb Code    20  _printf_char.o(.text)
    _printf_char                             0x08000ab1   Thumb Code    16  _printf_char.o(.text)
    _printf_string                           0x08000ac1   Thumb Code     8  _printf_char.o(.text)
    _printf_char_file                        0x08000ac9   Thumb Code    32  _printf_char_file.o(.text)
    __rt_locale                              0x08000aed   Thumb Code     8  rt_locale_intlibspace.o(.text)
    _ll_udiv10                               0x08000af5   Thumb Code   138  lludiv10.o(.text)
    _printf_char_common                      0x08000b8b   Thumb Code    32  _printf_char_common.o(.text)
    _printf_fp_infnan                        0x08000bb1   Thumb Code   112  _printf_fp_infnan.o(.text)
    _btod_etento                             0x08000c31   Thumb Code   224  bigflt0.o(.text)
    ferror                                   0x08000d15   Thumb Code     8  ferror.o(.text)
    __user_libspace                          0x08000d1d   Thumb Code     8  libspace.o(.text)
    __user_perproc_libspace                  0x08000d1d   Thumb Code     0  libspace.o(.text)
    __user_perthread_libspace                0x08000d1d   Thumb Code     0  libspace.o(.text)
    __user_setup_stackheap                   0x08000d25   Thumb Code    74  sys_stackheap_outer.o(.text)
    exit                                     0x08000d6f   Thumb Code    18  exit.o(.text)
    _btod_d2e                                0x08000d81   Thumb Code    62  btod.o(CL$$btod_d2e)
    _d2e_denorm_low                          0x08000dbf   Thumb Code    70  btod.o(CL$$btod_d2e_denorm_low)
    _d2e_norm_op1                            0x08000e05   Thumb Code    96  btod.o(CL$$btod_d2e_norm_op1)
    __btod_div_common                        0x08000e65   Thumb Code   696  btod.o(CL$$btod_div_common)
    _e2e                                     0x0800119d   Thumb Code   220  btod.o(CL$$btod_e2e)
    _btod_ediv                               0x08001279   Thumb Code    42  btod.o(CL$$btod_ediv)
    _btod_emul                               0x080012a3   Thumb Code    42  btod.o(CL$$btod_emul)
    __btod_mult_common                       0x080012cd   Thumb Code   580  btod.o(CL$$btod_mult_common)
    ADC_IRQHandler                           0x08001511   Thumb Code   430  nvic.o(i.ADC_IRQHandler)
    EXTI9_5_IRQHandler                       0x0800174d   Thumb Code   110  nvic.o(i.EXTI9_5_IRQHandler)
    SR04_Start                               0x080017d1   Thumb Code    34  functions.o(i.SR04_Start)
    SysTick_Handler                          0x080018e5   Thumb Code    52  nvic.o(i.SysTick_Handler)
    SystemInit                               0x08001935   Thumb Code    88  system_stm32f4xx.o(i.SystemInit)
    TIM4_IRQHandler                          0x0800199d   Thumb Code   278  nvic.o(i.TIM4_IRQHandler)
    TIM5_IRQHandler                          0x08001b0d   Thumb Code   206  nvic.o(i.TIM5_IRQHandler)
    TIM6_DAC_IRQHandler                      0x08001c0d   Thumb Code    58  nvic.o(i.TIM6_DAC_IRQHandler)
    TIM7_IRQHandler                          0x08001c6d   Thumb Code   592  nvic.o(i.TIM7_IRQHandler)
    USART1_IRQHandler                        0x08001f89   Thumb Code    78  nvic.o(i.USART1_IRQHandler)
    __ARM_fpclassify                         0x08001ff5   Thumb Code    48  fpclassify.o(i.__ARM_fpclassify)
    _is_digit                                0x08002025   Thumb Code    14  __printf_wp.o(i._is_digit)
    _sys_exit                                0x08002033   Thumb Code     4  selfprintf.o(i._sys_exit)
    adc1_PC2_ch12_get                        0x08002039   Thumb Code    36  adc.o(i.adc1_PC2_ch12_get)
    adc2_PC0_ch10_get                        0x08002061   Thumb Code    42  adc.o(i.adc2_PC0_ch10_get)
    baseTim6Delay_Ms                         0x08002095   Thumb Code   110  wang_time.o(i.baseTim6Delay_Ms)
    baseTim6Delay_Us                         0x0800210d   Thumb Code   102  wang_time.o(i.baseTim6Delay_Us)
    beepInit                                 0x0800217d   Thumb Code    94  beep.o(i.beepInit)
    changeColorRandomly                      0x080021e5   Thumb Code    64  functions.o(i.changeColorRandomly)
    closeAllLed                              0x08002229   Thumb Code    44  led.o(i.closeAllLed)
    delay_ms                                 0x08002259   Thumb Code    20  wang_time.o(i.delay_ms)
    dmaToUsart1                              0x0800226d   Thumb Code   186  dma.o(i.dmaToUsart1)
    fputc                                    0x08002335   Thumb Code    22  selfprintf.o(i.fputc)
    getRandomNumber                          0x08002351   Thumb Code    22  rng.o(i.getRandomNumber)
    ledX_off                                 0x0800236d   Thumb Code    74  led.o(i.ledX_off)
    ledX_on                                  0x080023bd   Thumb Code    74  led.o(i.ledX_on)
    main                                     0x0800240d   Thumb Code    82  mian.o(i.main)
    usart1Init                               0x08002471   Thumb Code   174  usart.o(i.usart1Init)
    _get_lc_numeric                          0x08002531   Thumb Code    44  lc_numeric_c.o(locale$$code)
    __aeabi_d2f                              0x0800255d   Thumb Code     0  d2f.o(x$fpl$d2f)
    _d2f                                     0x0800255d   Thumb Code    98  d2f.o(x$fpl$d2f)
    __aeabi_dadd                             0x080025c1   Thumb Code     0  daddsub_clz.o(x$fpl$dadd)
    _dadd                                    0x080025c1   Thumb Code   332  daddsub_clz.o(x$fpl$dadd)
    __aeabi_ddiv                             0x08002711   Thumb Code     0  ddiv.o(x$fpl$ddiv)
    _ddiv                                    0x08002711   Thumb Code   552  ddiv.o(x$fpl$ddiv)
    __aeabi_d2uiz                            0x080029c1   Thumb Code     0  dfixu.o(x$fpl$dfixu)
    _dfixu                                   0x080029c1   Thumb Code    90  dfixu.o(x$fpl$dfixu)
    __aeabi_i2d                              0x08002a1b   Thumb Code     0  dflt_clz.o(x$fpl$dflt)
    _dflt                                    0x08002a1b   Thumb Code    46  dflt_clz.o(x$fpl$dflt)
    __aeabi_ui2d                             0x08002a49   Thumb Code     0  dflt_clz.o(x$fpl$dfltu)
    _dfltu                                   0x08002a49   Thumb Code    38  dflt_clz.o(x$fpl$dfltu)
    __aeabi_dmul                             0x08002a71   Thumb Code     0  dmul.o(x$fpl$dmul)
    _dmul                                    0x08002a71   Thumb Code   332  dmul.o(x$fpl$dmul)
    __fpl_dnaninf                            0x08002bc5   Thumb Code   156  dnaninf.o(x$fpl$dnaninf)
    __fpl_dretinf                            0x08002c61   Thumb Code    12  dretinf.o(x$fpl$dretinf)
    __aeabi_dsub                             0x08002c6d   Thumb Code     0  daddsub_clz.o(x$fpl$dsub)
    _dsub                                    0x08002c6d   Thumb Code   464  daddsub_clz.o(x$fpl$dsub)
    __aeabi_f2d                              0x08002e41   Thumb Code     0  f2d.o(x$fpl$f2d)
    _f2d                                     0x08002e41   Thumb Code    86  f2d.o(x$fpl$f2d)
    __fpl_fnaninf                            0x08002e97   Thumb Code   140  fnaninf.o(x$fpl$fnaninf)
    _fp_init                                 0x08002f23   Thumb Code    10  fpinit.o(x$fpl$fpinit)
    __fplib_config_fpu_vfp                   0x08002f2b   Thumb Code     0  fpinit.o(x$fpl$fpinit)
    __fplib_config_pureend_doubles           0x08002f2b   Thumb Code     0  fpinit.o(x$fpl$fpinit)
    __fpl_fretinf                            0x08002f2d   Thumb Code    10  fretinf.o(x$fpl$fretinf)
    _printf_fp_dec                           0x08002f37   Thumb Code     4  printf1.o(x$fpl$printf1)
    __I$use$fp                               0x08002f3a   Number         0  usenofp.o(x$fpl$usenofp)
    Region$$Table$$Base                      0x08002fe0   Number         0  anon$$obj.o(Region$$Table)
    Region$$Table$$Limit                     0x08003000   Number         0  anon$$obj.o(Region$$Table)
    data                                     0x20000000   Data        9585  mian.o(.data)
    countFlag                                0x20002574   Data           1  nvic.o(.data)
    count                                    0x20002578   Data           4  nvic.o(.data)
    IR_statu                                 0x2000257c   Data           1  nvic.o(.data)
    Tim7WaterLed_Speed                       0x2000257d   Data           1  nvic.o(.data)
    waterLedOpen_Flag                        0x2000257e   Data           1  nvic.o(.data)
    __stdout                                 0x20002594   Data           4  selfprintf.o(.data)
    randomColorFlag                          0x20002598   Data           1  functions.o(.data)
    usart1_val                               0x2000259c   Data          60  nvic.o(.bss)
    sysTickCount                             0x200025d8   Data          20  nvic.o(.bss)
    TIM7Count                                0x200025ec   Data          60  nvic.o(.bss)
    TIM6Count                                0x20002628   Data          20  nvic.o(.bss)
    __libspace_start                         0x2000263c   Data          96  libspace.o(.bss)
    __temporary_stack_top$libspace           0x2000269c   Data           0  libspace.o(.bss)



==============================================================================

Memory Map of the image

  Image Entry point : 0x08000189

  Load Region LR_IROM1 (Base: 0x08000000, Size: 0x000055b8, Max: 0x00100000, ABSOLUTE, COMPRESSED[0x00003210])

    Execution Region ER_IROM1 (Exec base: 0x08000000, Load base: 0x08000000, Size: 0x0000301c, Max: 0x00100000, ABSOLUTE)

    Exec Addr    Load Addr    Size         Type   Attr      Idx    E Section Name        Object

    0x08000000   0x08000000   0x00000188   Data   RO            3    RESET               startup_stm32f40_41xxx.o
    0x08000188   0x08000188   0x00000008   Code   RO         1557  * !!!main             c_w.l(__main.o)
    0x08000190   0x08000190   0x00000034   Code   RO         1809    !!!scatter          c_w.l(__scatter.o)
    0x080001c4   0x080001c4   0x00000064   Code   RO         1807    !!dclz77c           c_w.l(__dclz77c.o)
    0x08000228   0x08000228   0x0000001c   Code   RO         1811    !!handler_zi        c_w.l(__scatter_zi.o)
    0x08000244   0x08000244   0x00000000   Code   RO         1546    .ARM.Collect$$_printf_percent$$00000000  c_w.l(_printf_percent.o)
    0x08000244   0x08000244   0x00000006   Code   RO         1545    .ARM.Collect$$_printf_percent$$00000003  c_w.l(_printf_f.o)
    0x0800024a   0x0800024a   0x00000006   Code   RO         1543    .ARM.Collect$$_printf_percent$$00000009  c_w.l(_printf_d.o)
    0x08000250   0x08000250   0x00000006   Code   RO         1541    .ARM.Collect$$_printf_percent$$00000014  c_w.l(_printf_s.o)
    0x08000256   0x08000256   0x00000004   Code   RO         1598    .ARM.Collect$$_printf_percent$$00000017  c_w.l(_printf_percent_end.o)
    0x0800025a   0x0800025a   0x00000002   Code   RO         1684    .ARM.Collect$$libinit$$00000000  c_w.l(libinit.o)
    0x0800025c   0x0800025c   0x00000004   Code   RO         1685    .ARM.Collect$$libinit$$00000001  c_w.l(libinit2.o)
    0x08000260   0x08000260   0x00000000   Code   RO         1688    .ARM.Collect$$libinit$$00000004  c_w.l(libinit2.o)
    0x08000260   0x08000260   0x00000000   Code   RO         1691    .ARM.Collect$$libinit$$0000000A  c_w.l(libinit2.o)
    0x08000260   0x08000260   0x00000000   Code   RO         1693    .ARM.Collect$$libinit$$0000000C  c_w.l(libinit2.o)
    0x08000260   0x08000260   0x00000000   Code   RO         1695    .ARM.Collect$$libinit$$0000000E  c_w.l(libinit2.o)
    0x08000260   0x08000260   0x00000006   Code   RO         1696    .ARM.Collect$$libinit$$0000000F  c_w.l(libinit2.o)
    0x08000266   0x08000266   0x00000000   Code   RO         1698    .ARM.Collect$$libinit$$00000011  c_w.l(libinit2.o)
    0x08000266   0x08000266   0x00000000   Code   RO         1700    .ARM.Collect$$libinit$$00000013  c_w.l(libinit2.o)
    0x08000266   0x08000266   0x00000000   Code   RO         1702    .ARM.Collect$$libinit$$00000015  c_w.l(libinit2.o)
    0x08000266   0x08000266   0x0000000a   Code   RO         1703    .ARM.Collect$$libinit$$00000016  c_w.l(libinit2.o)
    0x08000270   0x08000270   0x00000000   Code   RO         1704    .ARM.Collect$$libinit$$00000017  c_w.l(libinit2.o)
    0x08000270   0x08000270   0x00000000   Code   RO         1706    .ARM.Collect$$libinit$$00000019  c_w.l(libinit2.o)
    0x08000270   0x08000270   0x00000000   Code   RO         1708    .ARM.Collect$$libinit$$0000001B  c_w.l(libinit2.o)
    0x08000270   0x08000270   0x00000000   Code   RO         1710    .ARM.Collect$$libinit$$0000001D  c_w.l(libinit2.o)
    0x08000270   0x08000270   0x00000000   Code   RO         1712    .ARM.Collect$$libinit$$0000001F  c_w.l(libinit2.o)
    0x08000270   0x08000270   0x00000000   Code   RO         1714    .ARM.Collect$$libinit$$00000021  c_w.l(libinit2.o)
    0x08000270   0x08000270   0x00000000   Code   RO         1716    .ARM.Collect$$libinit$$00000023  c_w.l(libinit2.o)
    0x08000270   0x08000270   0x00000000   Code   RO         1718    .ARM.Collect$$libinit$$00000025  c_w.l(libinit2.o)
    0x08000270   0x08000270   0x00000000   Code   RO         1722    .ARM.Collect$$libinit$$0000002C  c_w.l(libinit2.o)
    0x08000270   0x08000270   0x00000000   Code   RO         1724    .ARM.Collect$$libinit$$0000002E  c_w.l(libinit2.o)
    0x08000270   0x08000270   0x00000000   Code   RO         1726    .ARM.Collect$$libinit$$00000030  c_w.l(libinit2.o)
    0x08000270   0x08000270   0x00000000   Code   RO         1728    .ARM.Collect$$libinit$$00000032  c_w.l(libinit2.o)
    0x08000270   0x08000270   0x00000002   Code   RO         1729    .ARM.Collect$$libinit$$00000033  c_w.l(libinit2.o)
    0x08000272   0x08000272   0x00000002   Code   RO         1757    .ARM.Collect$$libshutdown$$00000000  c_w.l(libshutdown.o)
    0x08000274   0x08000274   0x00000000   Code   RO         1766    .ARM.Collect$$libshutdown$$00000002  c_w.l(libshutdown2.o)
    0x08000274   0x08000274   0x00000000   Code   RO         1768    .ARM.Collect$$libshutdown$$00000004  c_w.l(libshutdown2.o)
    0x08000274   0x08000274   0x00000000   Code   RO         1771    .ARM.Collect$$libshutdown$$00000007  c_w.l(libshutdown2.o)
    0x08000274   0x08000274   0x00000000   Code   RO         1774    .ARM.Collect$$libshutdown$$0000000A  c_w.l(libshutdown2.o)
    0x08000274   0x08000274   0x00000000   Code   RO         1776    .ARM.Collect$$libshutdown$$0000000C  c_w.l(libshutdown2.o)
    0x08000274   0x08000274   0x00000000   Code   RO         1779    .ARM.Collect$$libshutdown$$0000000F  c_w.l(libshutdown2.o)
    0x08000274   0x08000274   0x00000002   Code   RO         1780    .ARM.Collect$$libshutdown$$00000010  c_w.l(libshutdown2.o)
    0x08000276   0x08000276   0x00000000   Code   RO         1589    .ARM.Collect$$rtentry$$00000000  c_w.l(__rtentry.o)
    0x08000276   0x08000276   0x00000000   Code   RO         1609    .ARM.Collect$$rtentry$$00000002  c_w.l(__rtentry2.o)
    0x08000276   0x08000276   0x00000006   Code   RO         1621    .ARM.Collect$$rtentry$$00000004  c_w.l(__rtentry4.o)
    0x0800027c   0x0800027c   0x00000000   Code   RO         1611    .ARM.Collect$$rtentry$$00000009  c_w.l(__rtentry2.o)
    0x0800027c   0x0800027c   0x00000004   Code   RO         1612    .ARM.Collect$$rtentry$$0000000A  c_w.l(__rtentry2.o)
    0x08000280   0x08000280   0x00000000   Code   RO         1614    .ARM.Collect$$rtentry$$0000000C  c_w.l(__rtentry2.o)
    0x08000280   0x08000280   0x00000008   Code   RO         1615    .ARM.Collect$$rtentry$$0000000D  c_w.l(__rtentry2.o)
    0x08000288   0x08000288   0x00000002   Code   RO         1730    .ARM.Collect$$rtexit$$00000000  c_w.l(rtexit.o)
    0x0800028a   0x0800028a   0x00000000   Code   RO         1737    .ARM.Collect$$rtexit$$00000002  c_w.l(rtexit2.o)
    0x0800028a   0x0800028a   0x00000004   Code   RO         1738    .ARM.Collect$$rtexit$$00000003  c_w.l(rtexit2.o)
    0x0800028e   0x0800028e   0x00000006   Code   RO         1739    .ARM.Collect$$rtexit$$00000004  c_w.l(rtexit2.o)
    0x08000294   0x08000294   0x00000040   Code   RO            4    .text               startup_stm32f40_41xxx.o
    0x080002d4   0x080002d4   0x00000002   Code   RO         1486    .text               c_w.l(use_no_semi_2.o)
    0x080002d6   0x080002d6   0x00000002   PAD
    0x080002d8   0x080002d8   0x00000018   Code   RO         1490    .text               c_w.l(noretval__2printf.o)
    0x080002f0   0x080002f0   0x00000052   Code   RO         1496    .text               c_w.l(_printf_str.o)
    0x08000342   0x08000342   0x00000002   PAD
    0x08000344   0x08000344   0x00000078   Code   RO         1498    .text               c_w.l(_printf_dec.o)
    0x080003bc   0x080003bc   0x00000188   Code   RO         1538    .text               c_w.l(__printf_flags_ss_wp.o)
    0x08000544   0x08000544   0x00000080   Code   RO         1553    .text               c_w.l(strcmpv7m.o)
    0x080005c4   0x080005c4   0x00000006   Code   RO         1555    .text               c_w.l(heapauxi.o)
    0x080005ca   0x080005ca   0x00000002   Code   RO         1587    .text               c_w.l(use_no_semi.o)
    0x080005cc   0x080005cc   0x000000b2   Code   RO         1590    .text               c_w.l(_printf_intcommon.o)
    0x0800067e   0x0800067e   0x0000041e   Code   RO         1592    .text               c_w.l(_printf_fp_dec.o)
    0x08000a9c   0x08000a9c   0x0000002c   Code   RO         1594    .text               c_w.l(_printf_char.o)
    0x08000ac8   0x08000ac8   0x00000024   Code   RO         1596    .text               c_w.l(_printf_char_file.o)
    0x08000aec   0x08000aec   0x00000008   Code   RO         1626    .text               c_w.l(rt_locale_intlibspace.o)
    0x08000af4   0x08000af4   0x0000008a   Code   RO         1628    .text               c_w.l(lludiv10.o)
    0x08000b7e   0x08000b7e   0x00000002   PAD
    0x08000b80   0x08000b80   0x00000030   Code   RO         1630    .text               c_w.l(_printf_char_common.o)
    0x08000bb0   0x08000bb0   0x00000080   Code   RO         1632    .text               c_w.l(_printf_fp_infnan.o)
    0x08000c30   0x08000c30   0x000000e4   Code   RO         1634    .text               c_w.l(bigflt0.o)
    0x08000d14   0x08000d14   0x00000008   Code   RO         1659    .text               c_w.l(ferror.o)
    0x08000d1c   0x08000d1c   0x00000008   Code   RO         1670    .text               c_w.l(libspace.o)
    0x08000d24   0x08000d24   0x0000004a   Code   RO         1673    .text               c_w.l(sys_stackheap_outer.o)
    0x08000d6e   0x08000d6e   0x00000012   Code   RO         1677    .text               c_w.l(exit.o)
    0x08000d80   0x08000d80   0x0000003e   Code   RO         1637    CL$$btod_d2e        c_w.l(btod.o)
    0x08000dbe   0x08000dbe   0x00000046   Code   RO         1639    CL$$btod_d2e_denorm_low  c_w.l(btod.o)
    0x08000e04   0x08000e04   0x00000060   Code   RO         1638    CL$$btod_d2e_norm_op1  c_w.l(btod.o)
    0x08000e64   0x08000e64   0x00000338   Code   RO         1647    CL$$btod_div_common  c_w.l(btod.o)
    0x0800119c   0x0800119c   0x000000dc   Code   RO         1644    CL$$btod_e2e        c_w.l(btod.o)
    0x08001278   0x08001278   0x0000002a   Code   RO         1641    CL$$btod_ediv       c_w.l(btod.o)
    0x080012a2   0x080012a2   0x0000002a   Code   RO         1640    CL$$btod_emul       c_w.l(btod.o)
    0x080012cc   0x080012cc   0x00000244   Code   RO         1646    CL$$btod_mult_common  c_w.l(btod.o)
    0x08001510   0x08001510   0x0000023c   Code   RO          531    i.ADC_IRQHandler    nvic.o
    0x0800174c   0x0800174c   0x00000084   Code   RO          532    i.EXTI9_5_IRQHandler  nvic.o
    0x080017d0   0x080017d0   0x00000028   Code   RO          871    i.SR04_Start        functions.o
    0x080017f8   0x080017f8   0x000000ec   Code   RO           12    i.SetSysClock       system_stm32f4xx.o
    0x080018e4   0x080018e4   0x00000050   Code   RO          533    i.SysTick_Handler   nvic.o
    0x08001934   0x08001934   0x00000068   Code   RO           14    i.SystemInit        system_stm32f4xx.o
    0x0800199c   0x0800199c   0x00000170   Code   RO          534    i.TIM4_IRQHandler   nvic.o
    0x08001b0c   0x08001b0c   0x00000100   Code   RO          535    i.TIM5_IRQHandler   nvic.o
    0x08001c0c   0x08001c0c   0x00000060   Code   RO          536    i.TIM6_DAC_IRQHandler  nvic.o
    0x08001c6c   0x08001c6c   0x0000031c   Code   RO          537    i.TIM7_IRQHandler   nvic.o
    0x08001f88   0x08001f88   0x0000006c   Code   RO          538    i.USART1_IRQHandler  nvic.o
    0x08001ff4   0x08001ff4   0x00000030   Code   RO         1668    i.__ARM_fpclassify  m_wm.l(fpclassify.o)
    0x08002024   0x08002024   0x0000000e   Code   RO         1531    i._is_digit         c_w.l(__printf_wp.o)
    0x08002032   0x08002032   0x00000004   Code   RO          613    i._sys_exit         selfprintf.o
    0x08002036   0x08002036   0x00000002   PAD
    0x08002038   0x08002038   0x00000028   Code   RO          992    i.adc1_PC2_ch12_get  adc.o
    0x08002060   0x08002060   0x00000034   Code   RO          995    i.adc2_PC0_ch10_get  adc.o
    0x08002094   0x08002094   0x00000078   Code   RO          258    i.baseTim6Delay_Ms  wang_time.o
    0x0800210c   0x0800210c   0x00000070   Code   RO          259    i.baseTim6Delay_Us  wang_time.o
    0x0800217c   0x0800217c   0x00000068   Code   RO          365    i.beepInit          beep.o
    0x080021e4   0x080021e4   0x00000044   Code   RO          876    i.changeColorRandomly  functions.o
    0x08002228   0x08002228   0x00000030   Code   RO          185    i.closeAllLed       led.o
    0x08002258   0x08002258   0x00000014   Code   RO          261    i.delay_ms          wang_time.o
    0x0800226c   0x0800226c   0x000000c8   Code   RO         1462    i.dmaToUsart1       dma.o
    0x08002334   0x08002334   0x0000001c   Code   RO          614    i.fputc             selfprintf.o
    0x08002350   0x08002350   0x0000001c   Code   RO         1054    i.getRandomNumber   rng.o
    0x0800236c   0x0800236c   0x00000050   Code   RO          187    i.ledX_off          led.o
    0x080023bc   0x080023bc   0x00000050   Code   RO          188    i.ledX_on           led.o
    0x0800240c   0x0800240c   0x00000064   Code   RO           69    i.main              mian.o
    0x08002470   0x08002470   0x000000c0   Code   RO          475    i.usart1Init        usart.o
    0x08002530   0x08002530   0x0000002c   Code   RO         1664    locale$$code        c_w.l(lc_numeric_c.o)
    0x0800255c   0x0800255c   0x00000062   Code   RO         1559    x$fpl$d2f           fz_wm.l(d2f.o)
    0x080025be   0x080025be   0x00000002   PAD
    0x080025c0   0x080025c0   0x00000150   Code   RO         1561    x$fpl$dadd          fz_wm.l(daddsub_clz.o)
    0x08002710   0x08002710   0x000002b0   Code   RO         1568    x$fpl$ddiv          fz_wm.l(ddiv.o)
    0x080029c0   0x080029c0   0x0000005a   Code   RO         1571    x$fpl$dfixu         fz_wm.l(dfixu.o)
    0x08002a1a   0x08002a1a   0x0000002e   Code   RO         1576    x$fpl$dflt          fz_wm.l(dflt_clz.o)
    0x08002a48   0x08002a48   0x00000026   Code   RO         1575    x$fpl$dfltu         fz_wm.l(dflt_clz.o)
    0x08002a6e   0x08002a6e   0x00000002   PAD
    0x08002a70   0x08002a70   0x00000154   Code   RO         1581    x$fpl$dmul          fz_wm.l(dmul.o)
    0x08002bc4   0x08002bc4   0x0000009c   Code   RO         1599    x$fpl$dnaninf       fz_wm.l(dnaninf.o)
    0x08002c60   0x08002c60   0x0000000c   Code   RO         1601    x$fpl$dretinf       fz_wm.l(dretinf.o)
    0x08002c6c   0x08002c6c   0x000001d4   Code   RO         1563    x$fpl$dsub          fz_wm.l(daddsub_clz.o)
    0x08002e40   0x08002e40   0x00000056   Code   RO         1583    x$fpl$f2d           fz_wm.l(f2d.o)
    0x08002e96   0x08002e96   0x0000008c   Code   RO         1603    x$fpl$fnaninf       fz_wm.l(fnaninf.o)
    0x08002f22   0x08002f22   0x0000000a   Code   RO         1734    x$fpl$fpinit        fz_wm.l(fpinit.o)
    0x08002f2c   0x08002f2c   0x0000000a   Code   RO         1605    x$fpl$fretinf       fz_wm.l(fretinf.o)
    0x08002f36   0x08002f36   0x00000004   Code   RO         1585    x$fpl$printf1       fz_wm.l(printf1.o)
    0x08002f3a   0x08002f3a   0x00000000   Code   RO         1607    x$fpl$usenofp       fz_wm.l(usenofp.o)
    0x08002f3a   0x08002f3a   0x00000011   Data   RO         1539    .constdata          c_w.l(__printf_flags_ss_wp.o)
    0x08002f4b   0x08002f4b   0x00000001   PAD
    0x08002f4c   0x08002f4c   0x00000094   Data   RO         1635    .constdata          c_w.l(bigflt0.o)
    0x08002fe0   0x08002fe0   0x00000020   Data   RO         1805    Region$$Table       anon$$obj.o
    0x08003000   0x08003000   0x0000001c   Data   RO         1663    locale$$data        c_w.l(lc_numeric_c.o)


    Execution Region RW_IRAM1 (Exec base: 0x20000000, Load base: 0x0800301c, Size: 0x00002ca0, Max: 0x00020000, ABSOLUTE, COMPRESSED[0x000001f4])

    Exec Addr    Load Addr    Size         Type   Attr      Idx    E Section Name        Object

    0x20000000   COMPRESSED   0x00002571   Data   RW           70    .data               mian.o
    0x20002571   COMPRESSED   0x00000003   PAD
    0x20002574   COMPRESSED   0x00000020   Data   RW          540    .data               nvic.o
    0x20002594   COMPRESSED   0x00000004   Data   RW          615    .data               selfprintf.o
    0x20002598   COMPRESSED   0x00000001   Data   RW          882    .data               functions.o
    0x20002599   COMPRESSED   0x00000003   PAD
    0x2000259c        -       0x000000a0   Zero   RW          539    .bss                nvic.o
    0x2000263c        -       0x00000060   Zero   RW         1671    .bss                c_w.l(libspace.o)
    0x2000269c   COMPRESSED   0x00000004   PAD
    0x200026a0        -       0x00000200   Zero   RW            2    HEAP                startup_stm32f40_41xxx.o
    0x200028a0        -       0x00000400   Zero   RW            1    STACK               startup_stm32f40_41xxx.o


==============================================================================

Image component sizes


      Code (inc. data)   RO Data    RW Data    ZI Data      Debug   Object Name

        92         14          0          0          0       1008   adc.o
       104         10          0          0          0        467   beep.o
       200         14          0          0          0       1022   dma.o
       108         10          0          1          0       2437   functions.o
       208         16          0          0          0     229187   led.o
       100         18          0       9585          0     255817   mian.o
      2408        604          0         32        160       6932   nvic.o
        28          6          0          0          0        498   rng.o
        32          6          0          4          0       2850   selfprintf.o
        64         26        392          0       1536        956   startup_stm32f40_41xxx.o
       340         32          0          0          0       6445   system_stm32f4xx.o
       192         18          0          0          0        533   usart.o
       252         20          0          0          0     229569   wang_time.o

    ----------------------------------------------------------------------
      4130        794        424       9628       1696     737721   Object Totals
         0          0         32          0          0          0   (incl. Generated)
         2          0          0          6          0          0   (incl. Padding)

    ----------------------------------------------------------------------

      Code (inc. data)   RO Data    RW Data    ZI Data      Debug   Library Member Name

       100          0          0          0          0          0   __dclz77c.o
         8          0          0          0          0         68   __main.o
       392          4         17          0          0         92   __printf_flags_ss_wp.o
        14          0          0          0          0         68   __printf_wp.o
         0          0          0          0          0          0   __rtentry.o
        12          0          0          0          0          0   __rtentry2.o
         6          0          0          0          0          0   __rtentry4.o
        52          8          0          0          0          0   __scatter.o
        28          0          0          0          0          0   __scatter_zi.o
        44          0          0          0          0        108   _printf_char.o
        48          6          0          0          0         96   _printf_char_common.o
        36          4          0          0          0         80   _printf_char_file.o
         6          0          0          0          0          0   _printf_d.o
       120         16          0          0          0         92   _printf_dec.o
         6          0          0          0          0          0   _printf_f.o
      1054          0          0          0          0        216   _printf_fp_dec.o
       128         16          0          0          0         84   _printf_fp_infnan.o
       178          0          0          0          0         88   _printf_intcommon.o
         0          0          0          0          0          0   _printf_percent.o
         4          0          0          0          0          0   _printf_percent_end.o
         6          0          0          0          0          0   _printf_s.o
        82          0          0          0          0         80   _printf_str.o
       228          4        148          0          0         96   bigflt0.o
      1936        128          0          0          0        672   btod.o
        18          0          0          0          0         80   exit.o
         8          0          0          0          0         68   ferror.o
         6          0          0          0          0        152   heapauxi.o
        44         10         28          0          0         76   lc_numeric_c.o
         2          0          0          0          0          0   libinit.o
        22          0          0          0          0          0   libinit2.o
         2          0          0          0          0          0   libshutdown.o
         2          0          0          0          0          0   libshutdown2.o
         8          4          0          0         96         68   libspace.o
       138          0          0          0          0         80   lludiv10.o
        24          4          0          0          0         84   noretval__2printf.o
         8          4          0          0          0         68   rt_locale_intlibspace.o
         2          0          0          0          0          0   rtexit.o
        10          0          0          0          0          0   rtexit2.o
       128          0          0          0          0         68   strcmpv7m.o
        74          0          0          0          0         80   sys_stackheap_outer.o
         2          0          0          0          0         68   use_no_semi.o
         2          0          0          0          0         68   use_no_semi_2.o
        98          4          0          0          0        140   d2f.o
       804         16          0          0          0        368   daddsub_clz.o
       688        140          0          0          0        256   ddiv.o
        90          4          0          0          0        140   dfixu.o
        84          0          0          0          0        232   dflt_clz.o
       340         12          0          0          0        152   dmul.o
       156          4          0          0          0        140   dnaninf.o
        12          0          0          0          0        116   dretinf.o
        86          4          0          0          0        132   f2d.o
       140          4          0          0          0        132   fnaninf.o
        10          0          0          0          0        116   fpinit.o
        10          0          0          0          0        116   fretinf.o
         4          0          0          0          0        116   printf1.o
         0          0          0          0          0          0   usenofp.o
        48          0          0          0          0        124   fpclassify.o

    ----------------------------------------------------------------------
      7568        396        194          0        100       5080   Library Totals
        10          0          1          0          4          0   (incl. Padding)

    ----------------------------------------------------------------------

      Code (inc. data)   RO Data    RW Data    ZI Data      Debug   Library Name

      4988        208        193          0         96       2800   c_w.l
      2522        188          0          0          0       2156   fz_wm.l
        48          0          0          0          0        124   m_wm.l

    ----------------------------------------------------------------------
      7568        396        194          0        100       5080   Library Totals

    ----------------------------------------------------------------------

==============================================================================


      Code (inc. data)   RO Data    RW Data    ZI Data      Debug   

     11698       1190        618       9628       1796     737593   Grand Totals
     11698       1190        618        500       1796     737593   ELF Image Totals (compressed)
     11698       1190        618        500          0          0   ROM Totals

==============================================================================

    Total RO  Size (Code + RO Data)                12316 (  12.03kB)
    Total RW  Size (RW Data + ZI Data)             11424 (  11.16kB)
    Total ROM Size (Code + RO Data + RW Data)      12816 (  12.52kB)

==============================================================================

